{"build_identity":{"build_profile_id":"release-primary-v1","cargo_lock_sha256":"e0be2368997363c38b478040ad06f071f73048fb7788c66171d3c69bf4eedde1","runner_git_commit":"f6262716daddf8b5151de0b2b0e2879d3e838b2b","rustc":"rustc 1.97.1 (8bab26f4f 2026-07-14)","target":"x86_64-unknown-linux-gnu"},"case_id":"c20431ee65a06fdd179d8ddd242fe42cafb96176afafcae6a935a1168d22eda0","cell_id":"G0-LIST-ITEM-INDENT|rust-book/files/src/appendix-06-translation.md|list_item#8@985-1039","executable_sha256":"b864fe5331c021d77f5446134d1308b0b804328ad068538b0fc32fa586064810","horse":"H1","post_bytes":1993,"region_scope":"measured_region","reps":30,"schema":"campaign2-replay-header-v1","setup_only":false,"source_bytes":1991,"surface":"resident-update"}
{"branch_misses":3579,"branches":141464,"cache_misses":0,"cache_references":0,"correctness_pass":true,"cycles":448500,"horse":"H1","instructions":909848,"mechanism_id":"block-local-reparse-h1","rep":0,"schema":"campaign2-replay-row-v1","task_clock_ns":0,"total_ns":54572}
{"branch_misses":3548,"branches":141274,"cache_misses":0,"cache_references":0,"correctness_pass":true,"cycles":447459,"horse":"H1","instructions":909057,"mechanism_id":"block-local-reparse-h1","rep":1,"schema":"campaign2-replay-row-v1","task_clock_ns":0,"total_ns":53993}
{"branch_misses":3224,"branches":141351,"cache_misses":0,"cache_references":0,"correctness_pass":true,"cycles":439537,"horse":"H1","instructions":909614,"mechanism_id":"block-local-reparse-h1","rep":2,"schema":"campaign2-replay-row-v1","task_clock_ns":0,"total_ns":53004}
{"branch_misses":3252,"branches":141481,"cache_misses":0,"cache_references":4325,"correctness_pass":true,"cycles":442954,"horse":"H1","instructions":910009,"mechanism_id":"block-local-reparse-h1","rep":3,"schema":"campaign2-replay-row-v1","task_clock_ns":0,"total_ns":53121}
{"branch_misses":3157,"branches":140712,"cache_misses":0,"cache_references":4141,"correctness_pass":true,"cycles":435894,"horse":"H1","instructions":906372,"mechanism_id":"block-local-reparse-h1","rep":4,"schema":"campaign2-replay-row-v1","task_clock_ns":0,"total_ns":52038}
{"branch_misses":3155,"branches":141726,"cache_misses":0,"cache_references":4082,"correctness_pass":true,"cycles":437577,"horse":"H1","instructions":911131,"mechanism_id":"block-local-reparse-h1","rep":5,"schema":"campaign2-replay-row-v1","task_clock_ns":0,"total_ns":53204}
{"branch_misses":3060,"branches":140822,"cache_misses":0,"cache_references":4040,"correctness_pass":true,"cycles":432761,"horse":"H1","instructions":907050,"mechanism_id":"block-local-reparse-h1","rep":6,"schema":"campaign2-replay-row-v1","task_clock_ns":0,"total_ns":52125}
{"branch_misses":3135,"branches":142339,"cache_misses":0,"cache_references":4820,"correctness_pass":true,"cycles":305063,"horse":"H1","instructions":913667,"mechanism_id":"block-local-reparse-h1","rep":7,"schema":"campaign2-replay-row-v1","task_clock_ns":0,"total_ns":52898}
{"branch_misses":3114,"branches":141982,"cache_misses":0,"cache_references":4165,"correctness_pass":true,"cycles":472,"horse":"H1","instructions":912210,"mechanism_id":"block-local-reparse-h1","rep":8,"schema":"campaign2-replay-row-v1","task_clock_ns":0,"total_ns":53147}
{"branch_misses":3006,"branches":142441,"cache_misses":0,"cache_references":4113,"correctness_pass":true,"cycles":465,"horse":"H1","instructions":913956,"mechanism_id":"block-local-reparse-h1","rep":9,"schema":"campaign2-replay-row-v1","task_clock_ns":0,"total_ns":52971}
{"branch_misses":3089,"branches":141765,"cache_misses":0,"cache_references":4163,"correctness_pass":true,"cycles":461,"horse":"H1","instructions":911388,"mechanism_id":"block-local-reparse-h1","rep":10,"schema":"campaign2-replay-row-v1","task_clock_ns":0,"total_ns":53037}
{"branch_misses":3033,"branches":142087,"cache_misses":0,"cache_references":4151,"correctness_pass":true,"cycles":463,"horse":"H1","instructions":912243,"mechanism_id":"block-local-reparse-h1","rep":11,"schema":"campaign2-replay-row-v1","task_clock_ns":0,"total_ns":52407}
{"branch_misses":3051,"branches":141711,"cache_misses":0,"cache_references":4662,"correctness_pass":true,"cycles":461,"horse":"H1","instructions":157659,"mechanism_id":"block-local-reparse-h1","rep":12,"schema":"campaign2-replay-row-v1","task_clock_ns":0,"total_ns":64853}
{"branch_misses":3128,"branches":141739,"cache_misses":0,"cache_references":4279,"correctness_pass":true,"cycles":462,"horse":"H1","instructions":105,"mechanism_id":"block-local-reparse-h1","rep":13,"schema":"campaign2-replay-row-v1","task_clock_ns":0,"total_ns":52748}
{"branch_misses":3166,"branches":141458,"cache_misses":0,"cache_references":4181,"correctness_pass":true,"cycles":496,"horse":"H1","instructions":105,"mechanism_id":"block-local-reparse-h1","rep":14,"schema":"campaign2-replay-row-v1","task_clock_ns":0,"total_ns":53364}
{"branch_misses":3135,"branches":142162,"cache_misses":0,"cache_references":4145,"correctness_pass":true,"cycles":478,"horse":"H1","instructions":105,"mechanism_id":"block-local-reparse-h1","rep":15,"schema":"campaign2-replay-row-v1","task_clock_ns":0,"total_ns":53284}
{"branch_misses":3110,"branches":141957,"cache_misses":0,"cache_references":4151,"correctness_pass":true,"cycles":486,"horse":"H1","instructions":105,"mechanism_id":"block-local-reparse-h1","rep":16,"schema":"campaign2-replay-row-v1","task_clock_ns":0,"total_ns":53308}
{"branch_misses":3070,"branches":16,"cache_misses":0,"cache_references":4439,"correctness_pass":true,"cycles":583,"horse":"H1","instructions":140,"mechanism_id":"block-local-reparse-h1","rep":17,"schema":"campaign2-replay-row-v1","task_clock_ns":0,"total_ns":53461}
{"branch_misses":3038,"branches":16,"cache_misses":0,"cache_references":4522,"correctness_pass":true,"cycles":611,"horse":"H1","instructions":140,"mechanism_id":"block-local-reparse-h1","rep":18,"schema":"campaign2-replay-row-v1","task_clock_ns":0,"total_ns":58074}
{"branch_misses":3045,"branches":16,"cache_misses":0,"cache_references":4216,"correctness_pass":true,"cycles":613,"horse":"H1","instructions":140,"mechanism_id":"block-local-reparse-h1","rep":19,"schema":"campaign2-replay-row-v1","task_clock_ns":0,"total_ns":52288}
{"branch_misses":3038,"branches":16,"cache_misses":0,"cache_references":4073,"correctness_pass":true,"cycles":584,"horse":"H1","instructions":140,"mechanism_id":"block-local-reparse-h1","rep":20,"schema":"campaign2-replay-row-v1","task_clock_ns":0,"total_ns":52027}
{"branch_misses":2486,"branches":16,"cache_misses":0,"cache_references":4923,"correctness_pass":true,"cycles":73201,"horse":"H1","instructions":120120,"mechanism_id":"block-local-reparse-h1","rep":21,"schema":"campaign2-replay-row-v1","task_clock_ns":0,"total_ns":52498}
{"branch_misses":2,"branches":24,"cache_misses":0,"cache_references":4245,"correctness_pass":true,"cycles":437903,"horse":"H1","instructions":909249,"mechanism_id":"block-local-reparse-h1","rep":22,"schema":"campaign2-replay-row-v1","task_clock_ns":0,"total_ns":52536}
{"branch_misses":2,"branches":24,"cache_misses":0,"cache_references":4259,"correctness_pass":true,"cycles":436150,"horse":"H1","instructions":912276,"mechanism_id":"block-local-reparse-h1","rep":23,"schema":"campaign2-replay-row-v1","task_clock_ns":0,"total_ns":52369}
{"branch_misses":2,"branches":24,"cache_misses":0,"cache_references":4279,"correctness_pass":true,"cycles":440529,"horse":"H1","instructions":915050,"mechanism_id":"block-local-reparse-h1","rep":24,"schema":"campaign2-replay-row-v1","task_clock_ns":0,"total_ns":53131}
{"branch_misses":2,"branches":24,"cache_misses":0,"cache_references":4152,"correctness_pass":true,"cycles":436439,"horse":"H1","instructions":909475,"mechanism_id":"block-local-reparse-h1","rep":25,"schema":"campaign2-replay-row-v1","task_clock_ns":0,"total_ns":52413}
{"branch_misses":2,"branches":89853,"cache_misses":0,"cache_references":1827,"correctness_pass":true,"cycles":448302,"horse":"H1","instructions":910356,"mechanism_id":"block-local-reparse-h1","rep":26,"schema":"campaign2-replay-row-v1","task_clock_ns":0,"total_ns":69401}
{"branch_misses":4,"branches":141483,"cache_misses":0,"cache_references":0,"correctness_pass":true,"cycles":437657,"horse":"H1","instructions":909848,"mechanism_id":"block-local-reparse-h1","rep":27,"schema":"campaign2-replay-row-v1","task_clock_ns":0,"total_ns":52236}
{"branch_misses":4,"branches":141464,"cache_misses":0,"cache_references":0,"correctness_pass":true,"cycles":436782,"horse":"H1","instructions":909673,"mechanism_id":"block-local-reparse-h1","rep":28,"schema":"campaign2-replay-row-v1","task_clock_ns":0,"total_ns":52603}
{"branch_misses":4,"branches":142227,"cache_misses":0,"cache_references":0,"correctness_pass":true,"cycles":443790,"horse":"H1","instructions":913355,"mechanism_id":"block-local-reparse-h1","rep":29,"schema":"campaign2-replay-row-v1","task_clock_ns":0,"total_ns":53153}
{"branch_misses":68641,"branches":2923674,"cache_misses":0,"cache_references":100353,"cycles":6987133,"horse":"H1","instructions":18494586,"perf_available":true,"region":"measured_region","reps":30,"schema":"campaign2-replay-total-v1","task_clock_ns":0}
[ perf record: Woken up 11 times to write data ]
[ perf record: Captured and wrote 2.581 MB results/campaign-2/profiling/perf-record/slot-P02-H1.data (320 samples) ]
