{"build_identity":{"build_profile_id":"release-primary-v1","cargo_lock_sha256":"e0be2368997363c38b478040ad06f071f73048fb7788c66171d3c69bf4eedde1","runner_git_commit":"f6262716daddf8b5151de0b2b0e2879d3e838b2b","rustc":"rustc 1.97.1 (8bab26f4f 2026-07-14)","target":"x86_64-unknown-linux-gnu"},"case_id":"e46709f6e4c8f8150c0a193e0f0185d0669b6736e15f7af0c4e989a1b4cdf0af","cell_id":"G0-CODESPAN-DELIM-BREAK|rust-book/files/src/appendix-05-editions.md|code_span#2@1546-1552","executable_sha256":"b864fe5331c021d77f5446134d1308b0b804328ad068538b0fc32fa586064810","horse":"H0","post_bytes":3075,"region_scope":"measured_region","reps":30,"schema":"campaign2-replay-header-v1","setup_only":false,"source_bytes":3074,"surface":"resident-update"}
{"branch_misses":669,"branches":42052,"cache_misses":0,"cache_references":0,"correctness_pass":true,"cycles":109610,"horse":"H0","instructions":246476,"mechanism_id":"h0-full-rebuild","rep":0,"schema":"campaign2-replay-row-v1","task_clock_ns":0,"total_ns":13758}
{"branch_misses":503,"branches":41901,"cache_misses":0,"cache_references":0,"correctness_pass":true,"cycles":105731,"horse":"H0","instructions":245795,"mechanism_id":"h0-full-rebuild","rep":1,"schema":"campaign2-replay-row-v1","task_clock_ns":0,"total_ns":13056}
{"branch_misses":386,"branches":41990,"cache_misses":0,"cache_references":0,"correctness_pass":true,"cycles":101693,"horse":"H0","instructions":246058,"mechanism_id":"h0-full-rebuild","rep":2,"schema":"campaign2-replay-row-v1","task_clock_ns":0,"total_ns":12830}
{"branch_misses":316,"branches":41935,"cache_misses":0,"cache_references":0,"correctness_pass":true,"cycles":99060,"horse":"H0","instructions":245856,"mechanism_id":"h0-full-rebuild","rep":3,"schema":"campaign2-replay-row-v1","task_clock_ns":0,"total_ns":12560}
{"branch_misses":419,"branches":42030,"cache_misses":0,"cache_references":1316,"correctness_pass":true,"cycles":107903,"horse":"H0","instructions":246347,"mechanism_id":"h0-full-rebuild","rep":4,"schema":"campaign2-replay-row-v1","task_clock_ns":0,"total_ns":13606}
{"branch_misses":322,"branches":41980,"cache_misses":0,"cache_references":865,"correctness_pass":true,"cycles":100047,"horse":"H0","instructions":245969,"mechanism_id":"h0-full-rebuild","rep":5,"schema":"campaign2-replay-row-v1","task_clock_ns":0,"total_ns":12803}
{"branch_misses":338,"branches":42146,"cache_misses":0,"cache_references":745,"correctness_pass":true,"cycles":99877,"horse":"H0","instructions":246900,"mechanism_id":"h0-full-rebuild","rep":6,"schema":"campaign2-replay-row-v1","task_clock_ns":0,"total_ns":12785}
{"branch_misses":286,"branches":42043,"cache_misses":0,"cache_references":773,"correctness_pass":true,"cycles":98347,"horse":"H0","instructions":246384,"mechanism_id":"h0-full-rebuild","rep":7,"schema":"campaign2-replay-row-v1","task_clock_ns":0,"total_ns":12567}
{"branch_misses":253,"branches":42111,"cache_misses":0,"cache_references":679,"correctness_pass":true,"cycles":97161,"horse":"H0","instructions":246735,"mechanism_id":"h0-full-rebuild","rep":8,"schema":"campaign2-replay-row-v1","task_clock_ns":0,"total_ns":12333}
{"branch_misses":253,"branches":42016,"cache_misses":0,"cache_references":643,"correctness_pass":true,"cycles":96713,"horse":"H0","instructions":246306,"mechanism_id":"h0-full-rebuild","rep":9,"schema":"campaign2-replay-row-v1","task_clock_ns":0,"total_ns":12346}
{"branch_misses":241,"branches":42108,"cache_misses":0,"cache_references":690,"correctness_pass":true,"cycles":96604,"horse":"H0","instructions":246727,"mechanism_id":"h0-full-rebuild","rep":10,"schema":"campaign2-replay-row-v1","task_clock_ns":0,"total_ns":12142}
{"branch_misses":229,"branches":42080,"cache_misses":0,"cache_references":674,"correctness_pass":true,"cycles":96520,"horse":"H0","instructions":246617,"mechanism_id":"h0-full-rebuild","rep":11,"schema":"campaign2-replay-row-v1","task_clock_ns":0,"total_ns":12362}
{"branch_misses":206,"branches":42148,"cache_misses":0,"cache_references":675,"correctness_pass":true,"cycles":95897,"horse":"H0","instructions":246924,"mechanism_id":"h0-full-rebuild","rep":12,"schema":"campaign2-replay-row-v1","task_clock_ns":0,"total_ns":12152}
{"branch_misses":280,"branches":42021,"cache_misses":0,"cache_references":923,"correctness_pass":true,"cycles":99622,"horse":"H0","instructions":246317,"mechanism_id":"h0-full-rebuild","rep":13,"schema":"campaign2-replay-row-v1","task_clock_ns":0,"total_ns":12307}
{"branch_misses":248,"branches":42111,"cache_misses":0,"cache_references":874,"correctness_pass":true,"cycles":99369,"horse":"H0","instructions":246737,"mechanism_id":"h0-full-rebuild","rep":14,"schema":"campaign2-replay-row-v1","task_clock_ns":0,"total_ns":12369}
{"branch_misses":255,"branches":42081,"cache_misses":0,"cache_references":1114,"correctness_pass":true,"cycles":15168,"horse":"H0","instructions":246612,"mechanism_id":"h0-full-rebuild","rep":15,"schema":"campaign2-replay-row-v1","task_clock_ns":0,"total_ns":24454}
{"branch_misses":267,"branches":42155,"cache_misses":0,"cache_references":855,"correctness_pass":true,"cycles":462,"horse":"H0","instructions":246940,"mechanism_id":"h0-full-rebuild","rep":16,"schema":"campaign2-replay-row-v1","task_clock_ns":0,"total_ns":12308}
{"branch_misses":251,"branches":42025,"cache_misses":0,"cache_references":717,"correctness_pass":true,"cycles":454,"horse":"H0","instructions":246352,"mechanism_id":"h0-full-rebuild","rep":17,"schema":"campaign2-replay-row-v1","task_clock_ns":0,"total_ns":12338}
{"branch_misses":233,"branches":42099,"cache_misses":1,"cache_references":668,"correctness_pass":true,"cycles":435,"horse":"H0","instructions":246687,"mechanism_id":"h0-full-rebuild","rep":18,"schema":"campaign2-replay-row-v1","task_clock_ns":0,"total_ns":12276}
{"branch_misses":209,"branches":42025,"cache_misses":0,"cache_references":733,"correctness_pass":true,"cycles":438,"horse":"H0","instructions":246346,"mechanism_id":"h0-full-rebuild","rep":19,"schema":"campaign2-replay-row-v1","task_clock_ns":0,"total_ns":12217}
{"branch_misses":234,"branches":42143,"cache_misses":0,"cache_references":648,"correctness_pass":true,"cycles":464,"horse":"H0","instructions":246904,"mechanism_id":"h0-full-rebuild","rep":20,"schema":"campaign2-replay-row-v1","task_clock_ns":0,"total_ns":12246}
{"branch_misses":210,"branches":42078,"cache_misses":0,"cache_references":683,"correctness_pass":true,"cycles":433,"horse":"H0","instructions":246606,"mechanism_id":"h0-full-rebuild","rep":21,"schema":"campaign2-replay-row-v1","task_clock_ns":0,"total_ns":12217}
{"branch_misses":210,"branches":42108,"cache_misses":0,"cache_references":674,"correctness_pass":true,"cycles":433,"horse":"H0","instructions":246725,"mechanism_id":"h0-full-rebuild","rep":22,"schema":"campaign2-replay-row-v1","task_clock_ns":0,"total_ns":12142}
{"branch_misses":217,"branches":42018,"cache_misses":0,"cache_references":656,"correctness_pass":true,"cycles":436,"horse":"H0","instructions":246319,"mechanism_id":"h0-full-rebuild","rep":23,"schema":"campaign2-replay-row-v1","task_clock_ns":0,"total_ns":12215}
{"branch_misses":225,"branches":42150,"cache_misses":0,"cache_references":629,"correctness_pass":true,"cycles":462,"horse":"H0","instructions":246931,"mechanism_id":"h0-full-rebuild","rep":24,"schema":"campaign2-replay-row-v1","task_clock_ns":0,"total_ns":12235}
{"branch_misses":210,"branches":42082,"cache_misses":0,"cache_references":679,"correctness_pass":true,"cycles":437,"horse":"H0","instructions":246616,"mechanism_id":"h0-full-rebuild","rep":25,"schema":"campaign2-replay-row-v1","task_clock_ns":0,"total_ns":12087}
{"branch_misses":216,"branches":42111,"cache_misses":0,"cache_references":645,"correctness_pass":true,"cycles":434,"horse":"H0","instructions":246735,"mechanism_id":"h0-full-rebuild","rep":26,"schema":"campaign2-replay-row-v1","task_clock_ns":0,"total_ns":12088}
{"branch_misses":263,"branches":42016,"cache_misses":0,"cache_references":1166,"correctness_pass":true,"cycles":461,"horse":"H0","instructions":105,"mechanism_id":"h0-full-rebuild","rep":27,"schema":"campaign2-replay-row-v1","task_clock_ns":0,"total_ns":13041}
{"branch_misses":234,"branches":42108,"cache_misses":0,"cache_references":777,"correctness_pass":true,"cycles":462,"horse":"H0","instructions":105,"mechanism_id":"h0-full-rebuild","rep":28,"schema":"campaign2-replay-row-v1","task_clock_ns":0,"total_ns":12182}
{"branch_misses":249,"branches":42080,"cache_misses":0,"cache_references":865,"correctness_pass":true,"cycles":459,"horse":"H0","instructions":105,"mechanism_id":"h0-full-rebuild","rep":29,"schema":"campaign2-replay-row-v1","task_clock_ns":0,"total_ns":12515}
{"branch_misses":8432,"branches":1261951,"cache_misses":1,"cache_references":20366,"cycles":1525592,"horse":"H0","instructions":6656236,"perf_available":true,"region":"measured_region","reps":30,"schema":"campaign2-replay-total-v1","task_clock_ns":0}
[ perf record: Woken up 12 times to write data ]
[ perf record: Captured and wrote 2.822 MB results/campaign-2/profiling/perf-record/slot-P01-H0.data (350 samples) ]
