{"build_identity":{"build_profile_id":"release-primary-v1","cargo_lock_sha256":"e0be2368997363c38b478040ad06f071f73048fb7788c66171d3c69bf4eedde1","runner_git_commit":"f6262716daddf8b5151de0b2b0e2879d3e838b2b","rustc":"rustc 1.97.1 (8bab26f4f 2026-07-14)","target":"x86_64-unknown-linux-gnu"},"case_id":"0733920a7b1e448996b0b0b5dece93542d310d5563fffaeab37201e28568a482","cell_id":"C2-D-64KiB","executable_sha256":"b864fe5331c021d77f5446134d1308b0b804328ad068538b0fc32fa586064810","horse":"H0","post_bytes":131069,"region_scope":"measured_region","reps":30,"schema":"campaign2-replay-header-v1","setup_only":false,"source_bytes":131072,"surface":"controlled"}
{"branch_misses":4565,"branches":1511472,"cache_misses":0,"cache_references":21149,"correctness_pass":true,"cycles":3784405,"horse":"H0","instructions":9235674,"mechanism_id":"h0-full-rebuild","rep":0,"schema":"campaign2-replay-row-v1","task_clock_ns":0,"total_ns":478946}
{"branch_misses":4643,"branches":1511222,"cache_misses":0,"cache_references":32022,"correctness_pass":true,"cycles":519,"horse":"H0","instructions":4729581,"mechanism_id":"h0-full-rebuild","rep":1,"schema":"campaign2-replay-row-v1","task_clock_ns":0,"total_ns":472702}
{"branch_misses":4285,"branches":16,"cache_misses":0,"cache_references":32175,"correctness_pass":true,"cycles":912223,"horse":"H0","instructions":2015031,"mechanism_id":"h0-full-rebuild","rep":2,"schema":"campaign2-replay-row-v1","task_clock_ns":0,"total_ns":461393}
{"branch_misses":116,"branches":1487749,"cache_misses":0,"cache_references":5162,"correctness_pass":true,"cycles":3754944,"horse":"H0","instructions":9231493,"mechanism_id":"h0-full-rebuild","rep":3,"schema":"campaign2-replay-row-v1","task_clock_ns":0,"total_ns":461519}
{"branch_misses":3937,"branches":1511237,"cache_misses":0,"cache_references":21030,"correctness_pass":true,"cycles":3733245,"horse":"H0","instructions":9233710,"mechanism_id":"h0-full-rebuild","rep":4,"schema":"campaign2-replay-row-v1","task_clock_ns":0,"total_ns":473908}
{"branch_misses":4591,"branches":1510862,"cache_misses":0,"cache_references":32249,"correctness_pass":true,"cycles":514,"horse":"H0","instructions":4586943,"mechanism_id":"h0-full-rebuild","rep":5,"schema":"campaign2-replay-row-v1","task_clock_ns":0,"total_ns":469278}
{"branch_misses":4297,"branches":16,"cache_misses":4,"cache_references":32656,"correctness_pass":true,"cycles":989846,"horse":"H0","instructions":2258127,"mechanism_id":"h0-full-rebuild","rep":6,"schema":"campaign2-replay-row-v1","task_clock_ns":0,"total_ns":474744}
{"branch_misses":269,"branches":1508429,"cache_misses":0,"cache_references":4032,"correctness_pass":true,"cycles":3720853,"horse":"H0","instructions":9234636,"mechanism_id":"h0-full-rebuild","rep":7,"schema":"campaign2-replay-row-v1","task_clock_ns":0,"total_ns":459822}
{"branch_misses":4112,"branches":1511349,"cache_misses":0,"cache_references":22234,"correctness_pass":true,"cycles":3711247,"horse":"H0","instructions":9234922,"mechanism_id":"h0-full-rebuild","rep":8,"schema":"campaign2-replay-row-v1","task_clock_ns":0,"total_ns":468533}
{"branch_misses":4025,"branches":1511140,"cache_misses":1,"cache_references":32354,"correctness_pass":true,"cycles":527,"horse":"H0","instructions":3559455,"mechanism_id":"h0-full-rebuild","rep":9,"schema":"campaign2-replay-row-v1","task_clock_ns":0,"total_ns":464312}
{"branch_misses":3812,"branches":16,"cache_misses":0,"cache_references":31700,"correctness_pass":true,"cycles":1266789,"horse":"H0","instructions":3198039,"mechanism_id":"h0-full-rebuild","rep":10,"schema":"campaign2-replay-row-v1","task_clock_ns":0,"total_ns":453272}
{"branch_misses":225,"branches":1510645,"cache_misses":0,"cache_references":26344,"correctness_pass":true,"cycles":3702071,"horse":"H0","instructions":9230131,"mechanism_id":"h0-full-rebuild","rep":11,"schema":"campaign2-replay-row-v1","task_clock_ns":0,"total_ns":454934}
{"branch_misses":4646,"branches":1510330,"cache_misses":0,"cache_references":0,"correctness_pass":true,"cycles":3712672,"horse":"H0","instructions":9229332,"mechanism_id":"h0-full-rebuild","rep":12,"schema":"campaign2-replay-row-v1","task_clock_ns":0,"total_ns":471486}
{"branch_misses":4225,"branches":1510537,"cache_misses":0,"cache_references":31561,"correctness_pass":true,"cycles":1641606,"horse":"H0","instructions":9229624,"mechanism_id":"h0-full-rebuild","rep":13,"schema":"campaign2-replay-row-v1","task_clock_ns":0,"total_ns":464181}
{"branch_misses":4570,"branches":1201935,"cache_misses":3,"cache_references":31278,"correctness_pass":true,"cycles":483,"horse":"H0","instructions":105,"mechanism_id":"h0-full-rebuild","rep":14,"schema":"campaign2-replay-row-v1","task_clock_ns":0,"total_ns":455153}
{"branch_misses":19,"branches":127053,"cache_misses":0,"cache_references":29792,"correctness_pass":true,"cycles":3655084,"horse":"H0","instructions":9229434,"mechanism_id":"h0-full-rebuild","rep":15,"schema":"campaign2-replay-row-v1","task_clock_ns":0,"total_ns":456420}
{"branch_misses":2399,"branches":1510723,"cache_misses":0,"cache_references":0,"correctness_pass":true,"cycles":3702695,"horse":"H0","instructions":9230475,"mechanism_id":"h0-full-rebuild","rep":16,"schema":"campaign2-replay-row-v1","task_clock_ns":0,"total_ns":478599}
{"branch_misses":4751,"branches":1511014,"cache_misses":0,"cache_references":32197,"correctness_pass":true,"cycles":1745101,"horse":"H0","instructions":9231162,"mechanism_id":"h0-full-rebuild","rep":17,"schema":"campaign2-replay-row-v1","task_clock_ns":0,"total_ns":470428}
{"branch_misses":4739,"branches":1202526,"cache_misses":0,"cache_references":31153,"correctness_pass":true,"cycles":534,"horse":"H0","instructions":105,"mechanism_id":"h0-full-rebuild","rep":18,"schema":"campaign2-replay-row-v1","task_clock_ns":0,"total_ns":453919}
{"branch_misses":27,"branches":81216,"cache_misses":0,"cache_references":30360,"correctness_pass":true,"cycles":3567742,"horse":"H0","instructions":9230345,"mechanism_id":"h0-full-rebuild","rep":19,"schema":"campaign2-replay-row-v1","task_clock_ns":0,"total_ns":454319}
{"branch_misses":1949,"branches":1511140,"cache_misses":0,"cache_references":0,"correctness_pass":true,"cycles":3682001,"horse":"H0","instructions":9231657,"mechanism_id":"h0-full-rebuild","rep":20,"schema":"campaign2-replay-row-v1","task_clock_ns":0,"total_ns":474057}
{"branch_misses":4693,"branches":1510362,"cache_misses":1,"cache_references":30748,"correctness_pass":true,"cycles":1972252,"horse":"H0","instructions":9228943,"mechanism_id":"h0-full-rebuild","rep":21,"schema":"campaign2-replay-row-v1","task_clock_ns":0,"total_ns":463372}
{"branch_misses":4796,"branches":1202374,"cache_misses":0,"cache_references":31339,"correctness_pass":true,"cycles":511,"horse":"H0","instructions":105,"mechanism_id":"h0-full-rebuild","rep":22,"schema":"campaign2-replay-row-v1","task_clock_ns":0,"total_ns":455199}
{"branch_misses":163,"branches":16,"cache_misses":0,"cache_references":31481,"correctness_pass":true,"cycles":3256378,"horse":"H0","instructions":8738080,"mechanism_id":"h0-full-rebuild","rep":23,"schema":"campaign2-replay-row-v1","task_clock_ns":0,"total_ns":469246}
{"branch_misses":1350,"branches":1510629,"cache_misses":0,"cache_references":11239,"correctness_pass":true,"cycles":3646237,"horse":"H0","instructions":9229666,"mechanism_id":"h0-full-rebuild","rep":24,"schema":"campaign2-replay-row-v1","task_clock_ns":0,"total_ns":462824}
{"branch_misses":4641,"branches":1510741,"cache_misses":0,"cache_references":10818,"correctness_pass":true,"cycles":2298955,"horse":"H0","instructions":9230160,"mechanism_id":"h0-full-rebuild","rep":25,"schema":"campaign2-replay-row-v1","task_clock_ns":0,"total_ns":453467}
{"branch_misses":4702,"branches":1510205,"cache_misses":2,"cache_references":31136,"correctness_pass":true,"cycles":582,"horse":"H0","instructions":8347912,"mechanism_id":"h0-full-rebuild","rep":26,"schema":"campaign2-replay-row-v1","task_clock_ns":0,"total_ns":451680}
{"branch_misses":4746,"branches":392619,"cache_misses":1,"cache_references":31187,"correctness_pass":true,"cycles":2824654,"horse":"H0","instructions":105,"mechanism_id":"h0-full-rebuild","rep":27,"schema":"campaign2-replay-row-v1","task_clock_ns":0,"total_ns":463796}
{"branch_misses":2,"branches":457978,"cache_misses":0,"cache_references":12477,"correctness_pass":true,"cycles":3650296,"horse":"H0","instructions":9230700,"mechanism_id":"h0-full-rebuild","rep":28,"schema":"campaign2-replay-row-v1","task_clock_ns":0,"total_ns":466135}
{"branch_misses":4720,"branches":1511119,"cache_misses":0,"cache_references":10538,"correctness_pass":true,"cycles":3646074,"horse":"H0","instructions":9231601,"mechanism_id":"h0-full-rebuild","rep":29,"schema":"campaign2-replay-row-v1","task_clock_ns":0,"total_ns":467127}
{"branch_misses":96015,"branches":33346670,"cache_misses":12,"cache_references":680411,"cycles":68581040,"horse":"H0","instructions":203597253,"perf_available":true,"region":"measured_region","reps":30,"schema":"campaign2-replay-total-v1","task_clock_ns":0}
[ perf record: Woken up 2 times to write data ]
[ perf record: Captured and wrote 0.425 MB results/campaign-2/profiling/perf-record/slot-P07-H0.data (52 samples) ]
