{"build_identity":{"build_profile_id":"release-primary-v1","cargo_lock_sha256":"e0be2368997363c38b478040ad06f071f73048fb7788c66171d3c69bf4eedde1","runner_git_commit":"f6262716daddf8b5151de0b2b0e2879d3e838b2b","rustc":"rustc 1.97.1 (8bab26f4f 2026-07-14)","target":"x86_64-unknown-linux-gnu"},"case_id":"c20431ee65a06fdd179d8ddd242fe42cafb96176afafcae6a935a1168d22eda0","cell_id":"G0-LIST-ITEM-INDENT|rust-book/files/src/appendix-06-translation.md|list_item#8@985-1039","executable_sha256":"b864fe5331c021d77f5446134d1308b0b804328ad068538b0fc32fa586064810","horse":"H3","post_bytes":1993,"region_scope":"measured_region","reps":30,"schema":"campaign2-replay-header-v1","setup_only":false,"source_bytes":1991,"surface":"resident-update"}
{"branch_misses":3236,"branches":122004,"cache_misses":0,"cache_references":0,"correctness_pass":true,"cycles":452660,"horse":"H3","instructions":859035,"mechanism_id":"old-tree-subtree-reuse-h3","rep":0,"schema":"campaign2-replay-row-v1","task_clock_ns":0,"total_ns":47509}
{"branch_misses":3024,"branches":122966,"cache_misses":0,"cache_references":0,"correctness_pass":true,"cycles":443414,"horse":"H3","instructions":863089,"mechanism_id":"old-tree-subtree-reuse-h3","rep":1,"schema":"campaign2-replay-row-v1","task_clock_ns":0,"total_ns":46942}
{"branch_misses":2948,"branches":124065,"cache_misses":0,"cache_references":0,"correctness_pass":true,"cycles":439997,"horse":"H3","instructions":867666,"mechanism_id":"old-tree-subtree-reuse-h3","rep":2,"schema":"campaign2-replay-row-v1","task_clock_ns":0,"total_ns":46217}
{"branch_misses":2823,"branches":123680,"cache_misses":0,"cache_references":2101,"correctness_pass":true,"cycles":446754,"horse":"H3","instructions":865957,"mechanism_id":"old-tree-subtree-reuse-h3","rep":3,"schema":"campaign2-replay-row-v1","task_clock_ns":0,"total_ns":45170}
{"branch_misses":2978,"branches":123438,"cache_misses":0,"cache_references":4216,"correctness_pass":true,"cycles":438915,"horse":"H3","instructions":864759,"mechanism_id":"old-tree-subtree-reuse-h3","rep":4,"schema":"campaign2-replay-row-v1","task_clock_ns":0,"total_ns":45925}
{"branch_misses":2734,"branches":123280,"cache_misses":0,"cache_references":4164,"correctness_pass":true,"cycles":433138,"horse":"H3","instructions":864451,"mechanism_id":"old-tree-subtree-reuse-h3","rep":5,"schema":"campaign2-replay-row-v1","task_clock_ns":0,"total_ns":44772}
{"branch_misses":2799,"branches":123213,"cache_misses":0,"cache_references":4073,"correctness_pass":true,"cycles":433553,"horse":"H3","instructions":864111,"mechanism_id":"old-tree-subtree-reuse-h3","rep":6,"schema":"campaign2-replay-row-v1","task_clock_ns":0,"total_ns":44730}
{"branch_misses":3419,"branches":123081,"cache_misses":0,"cache_references":4148,"correctness_pass":true,"cycles":447344,"horse":"H3","instructions":863478,"mechanism_id":"old-tree-subtree-reuse-h3","rep":7,"schema":"campaign2-replay-row-v1","task_clock_ns":0,"total_ns":47333}
{"branch_misses":3476,"branches":123630,"cache_misses":0,"cache_references":4751,"correctness_pass":true,"cycles":456151,"horse":"H3","instructions":865723,"mechanism_id":"old-tree-subtree-reuse-h3","rep":8,"schema":"campaign2-replay-row-v1","task_clock_ns":0,"total_ns":48439}
{"branch_misses":3312,"branches":123121,"cache_misses":0,"cache_references":4266,"correctness_pass":true,"cycles":445124,"horse":"H3","instructions":863619,"mechanism_id":"old-tree-subtree-reuse-h3","rep":9,"schema":"campaign2-replay-row-v1","task_clock_ns":0,"total_ns":46343}
{"branch_misses":3298,"branches":121812,"cache_misses":0,"cache_references":4128,"correctness_pass":true,"cycles":440944,"horse":"H3","instructions":858139,"mechanism_id":"old-tree-subtree-reuse-h3","rep":10,"schema":"campaign2-replay-row-v1","task_clock_ns":0,"total_ns":46098}
{"branch_misses":3392,"branches":122304,"cache_misses":0,"cache_references":4268,"correctness_pass":true,"cycles":445874,"horse":"H3","instructions":860512,"mechanism_id":"old-tree-subtree-reuse-h3","rep":11,"schema":"campaign2-replay-row-v1","task_clock_ns":0,"total_ns":46216}
{"branch_misses":3427,"branches":122731,"cache_misses":0,"cache_references":4589,"correctness_pass":true,"cycles":408507,"horse":"H3","instructions":861989,"mechanism_id":"old-tree-subtree-reuse-h3","rep":12,"schema":"campaign2-replay-row-v1","task_clock_ns":0,"total_ns":46164}
{"branch_misses":3553,"branches":123197,"cache_misses":0,"cache_references":4348,"correctness_pass":true,"cycles":506,"horse":"H3","instructions":863912,"mechanism_id":"old-tree-subtree-reuse-h3","rep":13,"schema":"campaign2-replay-row-v1","task_clock_ns":0,"total_ns":47218}
{"branch_misses":3512,"branches":123532,"cache_misses":0,"cache_references":4251,"correctness_pass":true,"cycles":482,"horse":"H3","instructions":865332,"mechanism_id":"old-tree-subtree-reuse-h3","rep":14,"schema":"campaign2-replay-row-v1","task_clock_ns":0,"total_ns":48238}
{"branch_misses":3336,"branches":123285,"cache_misses":0,"cache_references":4174,"correctness_pass":true,"cycles":470,"horse":"H3","instructions":864402,"mechanism_id":"old-tree-subtree-reuse-h3","rep":15,"schema":"campaign2-replay-row-v1","task_clock_ns":0,"total_ns":46051}
{"branch_misses":3451,"branches":123118,"cache_misses":0,"cache_references":4296,"correctness_pass":true,"cycles":495,"horse":"H3","instructions":863913,"mechanism_id":"old-tree-subtree-reuse-h3","rep":16,"schema":"campaign2-replay-row-v1","task_clock_ns":0,"total_ns":47165}
{"branch_misses":3380,"branches":123035,"cache_misses":0,"cache_references":4828,"correctness_pass":true,"cycles":484,"horse":"H3","instructions":9211,"mechanism_id":"old-tree-subtree-reuse-h3","rep":17,"schema":"campaign2-replay-row-v1","task_clock_ns":0,"total_ns":48870}
{"branch_misses":3412,"branches":122953,"cache_misses":0,"cache_references":4290,"correctness_pass":true,"cycles":488,"horse":"H3","instructions":105,"mechanism_id":"old-tree-subtree-reuse-h3","rep":18,"schema":"campaign2-replay-row-v1","task_clock_ns":0,"total_ns":46716}
{"branch_misses":3401,"branches":123102,"cache_misses":0,"cache_references":4100,"correctness_pass":true,"cycles":487,"horse":"H3","instructions":105,"mechanism_id":"old-tree-subtree-reuse-h3","rep":19,"schema":"campaign2-replay-row-v1","task_clock_ns":0,"total_ns":46846}
{"branch_misses":3348,"branches":123178,"cache_misses":0,"cache_references":4071,"correctness_pass":true,"cycles":517,"horse":"H3","instructions":105,"mechanism_id":"old-tree-subtree-reuse-h3","rep":20,"schema":"campaign2-replay-row-v1","task_clock_ns":0,"total_ns":46055}
{"branch_misses":3355,"branches":121363,"cache_misses":0,"cache_references":4220,"correctness_pass":true,"cycles":511,"horse":"H3","instructions":105,"mechanism_id":"old-tree-subtree-reuse-h3","rep":21,"schema":"campaign2-replay-row-v1","task_clock_ns":0,"total_ns":46345}
{"branch_misses":3428,"branches":16,"cache_misses":0,"cache_references":4300,"correctness_pass":true,"cycles":605,"horse":"H3","instructions":140,"mechanism_id":"old-tree-subtree-reuse-h3","rep":22,"schema":"campaign2-replay-row-v1","task_clock_ns":0,"total_ns":47441}
{"branch_misses":3371,"branches":16,"cache_misses":0,"cache_references":4082,"correctness_pass":true,"cycles":618,"horse":"H3","instructions":140,"mechanism_id":"old-tree-subtree-reuse-h3","rep":23,"schema":"campaign2-replay-row-v1","task_clock_ns":0,"total_ns":46184}
{"branch_misses":3341,"branches":16,"cache_misses":0,"cache_references":4311,"correctness_pass":true,"cycles":608,"horse":"H3","instructions":140,"mechanism_id":"old-tree-subtree-reuse-h3","rep":24,"schema":"campaign2-replay-row-v1","task_clock_ns":0,"total_ns":46519}
{"branch_misses":3374,"branches":16,"cache_misses":0,"cache_references":4199,"correctness_pass":true,"cycles":615,"horse":"H3","instructions":140,"mechanism_id":"old-tree-subtree-reuse-h3","rep":25,"schema":"campaign2-replay-row-v1","task_clock_ns":0,"total_ns":46513}
{"branch_misses":976,"branches":16,"cache_misses":0,"cache_references":4638,"correctness_pass":true,"cycles":351058,"horse":"H3","instructions":718185,"mechanism_id":"old-tree-subtree-reuse-h3","rep":26,"schema":"campaign2-replay-row-v1","task_clock_ns":0,"total_ns":61053}
{"branch_misses":2,"branches":24,"cache_misses":0,"cache_references":4120,"correctness_pass":true,"cycles":442376,"horse":"H3","instructions":862530,"mechanism_id":"old-tree-subtree-reuse-h3","rep":27,"schema":"campaign2-replay-row-v1","task_clock_ns":0,"total_ns":46068}
{"branch_misses":2,"branches":24,"cache_misses":0,"cache_references":4136,"correctness_pass":true,"cycles":439750,"horse":"H3","instructions":860156,"mechanism_id":"old-tree-subtree-reuse-h3","rep":28,"schema":"campaign2-replay-row-v1","task_clock_ns":0,"total_ns":46673}
{"branch_misses":2,"branches":24,"cache_misses":0,"cache_references":4491,"correctness_pass":true,"cycles":451683,"horse":"H3","instructions":863023,"mechanism_id":"old-tree-subtree-reuse-h3","rep":29,"schema":"campaign2-replay-row-v1","task_clock_ns":0,"total_ns":47020}
{"branch_misses":86110,"branches":2706240,"cache_misses":0,"cache_references":113559,"cycles":7424128,"horse":"H3","instructions":17994172,"perf_available":true,"region":"measured_region","reps":30,"schema":"campaign2-replay-total-v1","task_clock_ns":0}
[ perf record: Woken up 11 times to write data ]
[ perf record: Captured and wrote 2.581 MB results/campaign-2/profiling/perf-record/slot-P02-H3.data (320 samples) ]
