{"build_identity":{"build_profile_id":"release-primary-v1","cargo_lock_sha256":"e0be2368997363c38b478040ad06f071f73048fb7788c66171d3c69bf4eedde1","runner_git_commit":"f6262716daddf8b5151de0b2b0e2879d3e838b2b","rustc":"rustc 1.97.1 (8bab26f4f 2026-07-14)","target":"x86_64-unknown-linux-gnu"},"case_id":"e46709f6e4c8f8150c0a193e0f0185d0669b6736e15f7af0c4e989a1b4cdf0af","cell_id":"G0-CODESPAN-DELIM-BREAK|rust-book/files/src/appendix-05-editions.md|code_span#2@1546-1552","executable_sha256":"b864fe5331c021d77f5446134d1308b0b804328ad068538b0fc32fa586064810","horse":"H2","post_bytes":3075,"region_scope":"measured_region","reps":30,"schema":"campaign2-replay-header-v1","setup_only":false,"source_bytes":3074,"surface":"resident-update"}
{"branch_misses":846,"branches":19891,"cache_misses":0,"cache_references":0,"correctness_pass":true,"cycles":108608,"horse":"H2","instructions":186388,"mechanism_id":"fragment-reuse-h2","rep":0,"schema":"campaign2-replay-row-v1","task_clock_ns":0,"total_ns":7746}
{"branch_misses":718,"branches":19882,"cache_misses":0,"cache_references":2024,"correctness_pass":true,"cycles":113699,"horse":"H2","instructions":186246,"mechanism_id":"fragment-reuse-h2","rep":1,"schema":"campaign2-replay-row-v1","task_clock_ns":0,"total_ns":8716}
{"branch_misses":553,"branches":20020,"cache_misses":0,"cache_references":1284,"correctness_pass":true,"cycles":101573,"horse":"H2","instructions":186967,"mechanism_id":"fragment-reuse-h2","rep":2,"schema":"campaign2-replay-row-v1","task_clock_ns":0,"total_ns":7012}
{"branch_misses":395,"branches":19881,"cache_misses":0,"cache_references":1113,"correctness_pass":true,"cycles":97995,"horse":"H2","instructions":186289,"mechanism_id":"fragment-reuse-h2","rep":3,"schema":"campaign2-replay-row-v1","task_clock_ns":0,"total_ns":6826}
{"branch_misses":342,"branches":19826,"cache_misses":0,"cache_references":1075,"correctness_pass":true,"cycles":96265,"horse":"H2","instructions":186081,"mechanism_id":"fragment-reuse-h2","rep":4,"schema":"campaign2-replay-row-v1","task_clock_ns":0,"total_ns":6412}
{"branch_misses":275,"branches":19804,"cache_misses":0,"cache_references":1031,"correctness_pass":true,"cycles":93423,"horse":"H2","instructions":185962,"mechanism_id":"fragment-reuse-h2","rep":5,"schema":"campaign2-replay-row-v1","task_clock_ns":0,"total_ns":6337}
{"branch_misses":246,"branches":19882,"cache_misses":0,"cache_references":1042,"correctness_pass":true,"cycles":93333,"horse":"H2","instructions":186315,"mechanism_id":"fragment-reuse-h2","rep":6,"schema":"campaign2-replay-row-v1","task_clock_ns":0,"total_ns":6202}
{"branch_misses":251,"branches":19869,"cache_misses":0,"cache_references":1066,"correctness_pass":true,"cycles":92992,"horse":"H2","instructions":186274,"mechanism_id":"fragment-reuse-h2","rep":7,"schema":"campaign2-replay-row-v1","task_clock_ns":0,"total_ns":6217}
{"branch_misses":225,"branches":19621,"cache_misses":0,"cache_references":1087,"correctness_pass":true,"cycles":93064,"horse":"H2","instructions":185143,"mechanism_id":"fragment-reuse-h2","rep":8,"schema":"campaign2-replay-row-v1","task_clock_ns":0,"total_ns":6174}
{"branch_misses":214,"branches":19931,"cache_misses":0,"cache_references":1033,"correctness_pass":true,"cycles":91882,"horse":"H2","instructions":186553,"mechanism_id":"fragment-reuse-h2","rep":9,"schema":"campaign2-replay-row-v1","task_clock_ns":0,"total_ns":6096}
{"branch_misses":189,"branches":19828,"cache_misses":0,"cache_references":1032,"correctness_pass":true,"cycles":91527,"horse":"H2","instructions":186100,"mechanism_id":"fragment-reuse-h2","rep":10,"schema":"campaign2-replay-row-v1","task_clock_ns":0,"total_ns":6080}
{"branch_misses":203,"branches":19671,"cache_misses":0,"cache_references":1012,"correctness_pass":true,"cycles":91822,"horse":"H2","instructions":185390,"mechanism_id":"fragment-reuse-h2","rep":11,"schema":"campaign2-replay-row-v1","task_clock_ns":0,"total_ns":6088}
{"branch_misses":254,"branches":19791,"cache_misses":0,"cache_references":1620,"correctness_pass":true,"cycles":567,"horse":"H2","instructions":185916,"mechanism_id":"fragment-reuse-h2","rep":12,"schema":"campaign2-replay-row-v1","task_clock_ns":0,"total_ns":6928}
{"branch_misses":253,"branches":19833,"cache_misses":0,"cache_references":1351,"correctness_pass":true,"cycles":463,"horse":"H2","instructions":186121,"mechanism_id":"fragment-reuse-h2","rep":13,"schema":"campaign2-replay-row-v1","task_clock_ns":0,"total_ns":6524}
{"branch_misses":266,"branches":19758,"cache_misses":0,"cache_references":1291,"correctness_pass":true,"cycles":459,"horse":"H2","instructions":185782,"mechanism_id":"fragment-reuse-h2","rep":14,"schema":"campaign2-replay-row-v1","task_clock_ns":0,"total_ns":6364}
{"branch_misses":199,"branches":19820,"cache_misses":0,"cache_references":1058,"correctness_pass":true,"cycles":473,"horse":"H2","instructions":186073,"mechanism_id":"fragment-reuse-h2","rep":15,"schema":"campaign2-replay-row-v1","task_clock_ns":0,"total_ns":6074}
{"branch_misses":204,"branches":19876,"cache_misses":0,"cache_references":1036,"correctness_pass":true,"cycles":472,"horse":"H2","instructions":186325,"mechanism_id":"fragment-reuse-h2","rep":16,"schema":"campaign2-replay-row-v1","task_clock_ns":0,"total_ns":6096}
{"branch_misses":183,"branches":19867,"cache_misses":0,"cache_references":1004,"correctness_pass":true,"cycles":489,"horse":"H2","instructions":186272,"mechanism_id":"fragment-reuse-h2","rep":17,"schema":"campaign2-replay-row-v1","task_clock_ns":0,"total_ns":5998}
{"branch_misses":191,"branches":19903,"cache_misses":0,"cache_references":1043,"correctness_pass":true,"cycles":461,"horse":"H2","instructions":186449,"mechanism_id":"fragment-reuse-h2","rep":18,"schema":"campaign2-replay-row-v1","task_clock_ns":0,"total_ns":6054}
{"branch_misses":150,"branches":19758,"cache_misses":0,"cache_references":1026,"correctness_pass":true,"cycles":486,"horse":"H2","instructions":185798,"mechanism_id":"fragment-reuse-h2","rep":19,"schema":"campaign2-replay-row-v1","task_clock_ns":0,"total_ns":5956}
{"branch_misses":131,"branches":19776,"cache_misses":0,"cache_references":997,"correctness_pass":true,"cycles":491,"horse":"H2","instructions":185878,"mechanism_id":"fragment-reuse-h2","rep":20,"schema":"campaign2-replay-row-v1","task_clock_ns":0,"total_ns":5880}
{"branch_misses":165,"branches":19847,"cache_misses":0,"cache_references":1012,"correctness_pass":true,"cycles":489,"horse":"H2","instructions":186170,"mechanism_id":"fragment-reuse-h2","rep":21,"schema":"campaign2-replay-row-v1","task_clock_ns":0,"total_ns":6025}
{"branch_misses":170,"branches":19810,"cache_misses":0,"cache_references":1007,"correctness_pass":true,"cycles":464,"horse":"H2","instructions":186019,"mechanism_id":"fragment-reuse-h2","rep":22,"schema":"campaign2-replay-row-v1","task_clock_ns":0,"total_ns":6048}
{"branch_misses":212,"branches":19795,"cache_misses":0,"cache_references":1454,"correctness_pass":true,"cycles":484,"horse":"H2","instructions":16628,"mechanism_id":"fragment-reuse-h2","rep":23,"schema":"campaign2-replay-row-v1","task_clock_ns":0,"total_ns":17356}
{"branch_misses":205,"branches":19897,"cache_misses":0,"cache_references":1176,"correctness_pass":true,"cycles":462,"horse":"H2","instructions":105,"mechanism_id":"fragment-reuse-h2","rep":24,"schema":"campaign2-replay-row-v1","task_clock_ns":0,"total_ns":6249}
{"branch_misses":173,"branches":19818,"cache_misses":0,"cache_references":1065,"correctness_pass":true,"cycles":461,"horse":"H2","instructions":105,"mechanism_id":"fragment-reuse-h2","rep":25,"schema":"campaign2-replay-row-v1","task_clock_ns":0,"total_ns":6089}
{"branch_misses":162,"branches":19839,"cache_misses":0,"cache_references":1033,"correctness_pass":true,"cycles":487,"horse":"H2","instructions":105,"mechanism_id":"fragment-reuse-h2","rep":26,"schema":"campaign2-replay-row-v1","task_clock_ns":0,"total_ns":5970}
{"branch_misses":147,"branches":19793,"cache_misses":0,"cache_references":987,"correctness_pass":true,"cycles":464,"horse":"H2","instructions":105,"mechanism_id":"fragment-reuse-h2","rep":27,"schema":"campaign2-replay-row-v1","task_clock_ns":0,"total_ns":5899}
{"branch_misses":165,"branches":19825,"cache_misses":0,"cache_references":1007,"correctness_pass":true,"cycles":500,"horse":"H2","instructions":105,"mechanism_id":"fragment-reuse-h2","rep":28,"schema":"campaign2-replay-row-v1","task_clock_ns":0,"total_ns":5977}
{"branch_misses":195,"branches":19837,"cache_misses":0,"cache_references":1203,"correctness_pass":true,"cycles":459,"horse":"H2","instructions":105,"mechanism_id":"fragment-reuse-h2","rep":29,"schema":"campaign2-replay-row-v1","task_clock_ns":0,"total_ns":6230}
{"branch_misses":7882,"branches":594949,"cache_misses":0,"cache_references":33169,"cycles":1174814,"horse":"H2","instructions":4297769,"perf_available":true,"region":"measured_region","reps":30,"schema":"campaign2-replay-total-v1","task_clock_ns":0}
[ perf record: Woken up 11 times to write data ]
[ perf record: Captured and wrote 2.557 MB results/campaign-2/profiling/perf-record/slot-P01-H2.data (317 samples) ]
