{"build_identity":{"build_profile_id":"release-primary-v1","cargo_lock_sha256":"e0be2368997363c38b478040ad06f071f73048fb7788c66171d3c69bf4eedde1","runner_git_commit":"f6262716daddf8b5151de0b2b0e2879d3e838b2b","rustc":"rustc 1.97.1 (8bab26f4f 2026-07-14)","target":"x86_64-unknown-linux-gnu"},"case_id":"388357ffb2572b4081daf01d486ce477b986e9984c7e32eca9404f5bb9a66347","cell_id":"C2-F-64","executable_sha256":"b864fe5331c021d77f5446134d1308b0b804328ad068538b0fc32fa586064810","horse":"H3","post_bytes":131040,"region_scope":"measured_region","reps":30,"schema":"campaign2-replay-header-v1","setup_only":false,"source_bytes":131072,"surface":"controlled"}
{"branch_misses":26510,"branches":24758629,"cache_misses":63,"cache_references":7614890,"correctness_pass":true,"cycles":224325276,"horse":"H3","instructions":130439389,"mechanism_id":"old-tree-subtree-reuse-h3","rep":0,"schema":"campaign2-replay-row-v1","task_clock_ns":0,"total_ns":113489705}
{"branch_misses":25188,"branches":22727452,"cache_misses":1838,"cache_references":8155820,"correctness_pass":true,"cycles":232665496,"horse":"H3","instructions":123344644,"mechanism_id":"old-tree-subtree-reuse-h3","rep":1,"schema":"campaign2-replay-row-v1","task_clock_ns":0,"total_ns":119166838}
{"branch_misses":25080,"branches":22585324,"cache_misses":1231,"cache_references":8053995,"correctness_pass":true,"cycles":229266613,"horse":"H3","instructions":124088259,"mechanism_id":"old-tree-subtree-reuse-h3","rep":2,"schema":"campaign2-replay-row-v1","task_clock_ns":0,"total_ns":115880162}
{"branch_misses":24672,"branches":24745352,"cache_misses":876,"cache_references":8394938,"correctness_pass":true,"cycles":237174499,"horse":"H3","instructions":133640856,"mechanism_id":"old-tree-subtree-reuse-h3","rep":3,"schema":"campaign2-replay-row-v1","task_clock_ns":0,"total_ns":118528423}
{"branch_misses":28777,"branches":23805292,"cache_misses":66,"cache_references":8379167,"correctness_pass":true,"cycles":232752122,"horse":"H3","instructions":118866806,"mechanism_id":"old-tree-subtree-reuse-h3","rep":4,"schema":"campaign2-replay-row-v1","task_clock_ns":0,"total_ns":119640662}
{"branch_misses":26954,"branches":22626968,"cache_misses":333,"cache_references":8283976,"correctness_pass":true,"cycles":235577280,"horse":"H3","instructions":125014063,"mechanism_id":"old-tree-subtree-reuse-h3","rep":5,"schema":"campaign2-replay-row-v1","task_clock_ns":0,"total_ns":117726285}
{"branch_misses":22725,"branches":24758909,"cache_misses":44,"cache_references":8480764,"correctness_pass":true,"cycles":240660109,"horse":"H3","instructions":133825503,"mechanism_id":"old-tree-subtree-reuse-h3","rep":6,"schema":"campaign2-replay-row-v1","task_clock_ns":0,"total_ns":119487888}
{"branch_misses":27508,"branches":24619291,"cache_misses":34,"cache_references":8364432,"correctness_pass":true,"cycles":233847087,"horse":"H3","instructions":129353680,"mechanism_id":"old-tree-subtree-reuse-h3","rep":7,"schema":"campaign2-replay-row-v1","task_clock_ns":0,"total_ns":118313644}
{"branch_misses":26131,"branches":22588247,"cache_misses":156,"cache_references":8267301,"correctness_pass":true,"cycles":236738610,"horse":"H3","instructions":120874834,"mechanism_id":"old-tree-subtree-reuse-h3","rep":8,"schema":"campaign2-replay-row-v1","task_clock_ns":0,"total_ns":118806614}
{"branch_misses":26345,"branches":23171976,"cache_misses":97,"cache_references":8163197,"correctness_pass":true,"cycles":230431781,"horse":"H3","instructions":121382660,"mechanism_id":"old-tree-subtree-reuse-h3","rep":9,"schema":"campaign2-replay-row-v1","task_clock_ns":0,"total_ns":117199698}
{"branch_misses":23680,"branches":24674097,"cache_misses":47,"cache_references":8391222,"correctness_pass":true,"cycles":238920178,"horse":"H3","instructions":133369682,"mechanism_id":"old-tree-subtree-reuse-h3","rep":10,"schema":"campaign2-replay-row-v1","task_clock_ns":0,"total_ns":118718052}
{"branch_misses":23983,"branches":24659520,"cache_misses":500,"cache_references":8144183,"correctness_pass":true,"cycles":232385358,"horse":"H3","instructions":132711191,"mechanism_id":"old-tree-subtree-reuse-h3","rep":11,"schema":"campaign2-replay-row-v1","task_clock_ns":0,"total_ns":117601152}
{"branch_misses":27075,"branches":24584907,"cache_misses":281,"cache_references":8042585,"correctness_pass":true,"cycles":231501911,"horse":"H3","instructions":132263344,"mechanism_id":"old-tree-subtree-reuse-h3","rep":12,"schema":"campaign2-replay-row-v1","task_clock_ns":0,"total_ns":117363700}
{"branch_misses":27453,"branches":24511540,"cache_misses":201,"cache_references":8010748,"correctness_pass":true,"cycles":234072806,"horse":"H3","instructions":132467207,"mechanism_id":"old-tree-subtree-reuse-h3","rep":13,"schema":"campaign2-replay-row-v1","task_clock_ns":0,"total_ns":116331106}
{"branch_misses":27951,"branches":23788851,"cache_misses":117,"cache_references":8266918,"correctness_pass":true,"cycles":234064191,"horse":"H3","instructions":119641085,"mechanism_id":"old-tree-subtree-reuse-h3","rep":14,"schema":"campaign2-replay-row-v1","task_clock_ns":0,"total_ns":118162217}
{"branch_misses":27050,"branches":23751117,"cache_misses":16,"cache_references":8117310,"correctness_pass":true,"cycles":233354495,"horse":"H3","instructions":117911232,"mechanism_id":"old-tree-subtree-reuse-h3","rep":15,"schema":"campaign2-replay-row-v1","task_clock_ns":0,"total_ns":116994554}
{"branch_misses":22464,"branches":24746597,"cache_misses":354,"cache_references":8413036,"correctness_pass":true,"cycles":239773418,"horse":"H3","instructions":133687021,"mechanism_id":"old-tree-subtree-reuse-h3","rep":16,"schema":"campaign2-replay-row-v1","task_clock_ns":0,"total_ns":119671744}
{"branch_misses":25426,"branches":24638401,"cache_misses":69,"cache_references":8340270,"correctness_pass":true,"cycles":234184674,"horse":"H3","instructions":132799897,"mechanism_id":"old-tree-subtree-reuse-h3","rep":17,"schema":"campaign2-replay-row-v1","task_clock_ns":0,"total_ns":117453106}
{"branch_misses":26756,"branches":23157294,"cache_misses":480,"cache_references":8554413,"correctness_pass":true,"cycles":233406229,"horse":"H3","instructions":118383107,"mechanism_id":"old-tree-subtree-reuse-h3","rep":18,"schema":"campaign2-replay-row-v1","task_clock_ns":0,"total_ns":120224049}
{"branch_misses":26105,"branches":24782716,"cache_misses":1412,"cache_references":8331305,"correctness_pass":true,"cycles":240458924,"horse":"H3","instructions":133718175,"mechanism_id":"old-tree-subtree-reuse-h3","rep":19,"schema":"campaign2-replay-row-v1","task_clock_ns":0,"total_ns":119609257}
{"branch_misses":28538,"branches":24699683,"cache_misses":884,"cache_references":8405272,"correctness_pass":true,"cycles":231779128,"horse":"H3","instructions":126682395,"mechanism_id":"old-tree-subtree-reuse-h3","rep":20,"schema":"campaign2-replay-row-v1","task_clock_ns":0,"total_ns":119014050}
{"branch_misses":25962,"branches":22534869,"cache_misses":415,"cache_references":8328642,"correctness_pass":true,"cycles":237416277,"horse":"H3","instructions":121975878,"mechanism_id":"old-tree-subtree-reuse-h3","rep":21,"schema":"campaign2-replay-row-v1","task_clock_ns":0,"total_ns":118454828}
{"branch_misses":27999,"branches":23902491,"cache_misses":17,"cache_references":7785318,"correctness_pass":true,"cycles":227301648,"horse":"H3","instructions":120424088,"mechanism_id":"old-tree-subtree-reuse-h3","rep":22,"schema":"campaign2-replay-row-v1","task_clock_ns":0,"total_ns":115009718}
{"branch_misses":26341,"branches":23555335,"cache_misses":19,"cache_references":8338078,"correctness_pass":true,"cycles":233970178,"horse":"H3","instructions":117817402,"mechanism_id":"old-tree-subtree-reuse-h3","rep":23,"schema":"campaign2-replay-row-v1","task_clock_ns":0,"total_ns":118207870}
{"branch_misses":23964,"branches":22896565,"cache_misses":59,"cache_references":8165195,"correctness_pass":true,"cycles":233464030,"horse":"H3","instructions":129496732,"mechanism_id":"old-tree-subtree-reuse-h3","rep":24,"schema":"campaign2-replay-row-v1","task_clock_ns":0,"total_ns":117753019}
{"branch_misses":22476,"branches":24441978,"cache_misses":69,"cache_references":8394218,"correctness_pass":true,"cycles":236374560,"horse":"H3","instructions":132931580,"mechanism_id":"old-tree-subtree-reuse-h3","rep":25,"schema":"campaign2-replay-row-v1","task_clock_ns":0,"total_ns":118324288}
{"branch_misses":27213,"branches":23987128,"cache_misses":11,"cache_references":8519250,"correctness_pass":true,"cycles":234921396,"horse":"H3","instructions":121481268,"mechanism_id":"old-tree-subtree-reuse-h3","rep":26,"schema":"campaign2-replay-row-v1","task_clock_ns":0,"total_ns":119564520}
{"branch_misses":26949,"branches":22671830,"cache_misses":26,"cache_references":8170653,"correctness_pass":true,"cycles":235663588,"horse":"H3","instructions":122614573,"mechanism_id":"old-tree-subtree-reuse-h3","rep":27,"schema":"campaign2-replay-row-v1","task_clock_ns":0,"total_ns":117784403}
{"branch_misses":25712,"branches":22881105,"cache_misses":431,"cache_references":8165934,"correctness_pass":true,"cycles":233886198,"horse":"H3","instructions":126589264,"mechanism_id":"old-tree-subtree-reuse-h3","rep":28,"schema":"campaign2-replay-row-v1","task_clock_ns":0,"total_ns":117753551}
{"branch_misses":22399,"branches":24617823,"cache_misses":410,"cache_references":8354190,"correctness_pass":true,"cycles":236798529,"horse":"H3","instructions":133018293,"mechanism_id":"old-tree-subtree-reuse-h3","rep":29,"schema":"campaign2-replay-row-v1","task_clock_ns":0,"total_ns":118643221}
{"branch_misses":775386,"branches":715871287,"cache_misses":10556,"cache_references":247397220,"cycles":7027136589,"horse":"H3","instructions":3800814108,"perf_available":true,"region":"measured_region","reps":30,"schema":"campaign2-replay-total-v1","task_clock_ns":0}
[ perf record: Woken up 81 times to write data ]
[ perf record: Captured and wrote 20.239 MB results/campaign-2/profiling/perf-record/slot-P09-H3.data (2518 samples) ]
