{"build_identity":{"build_profile_id":"release-primary-v1","cargo_lock_sha256":"e0be2368997363c38b478040ad06f071f73048fb7788c66171d3c69bf4eedde1","runner_git_commit":"f6262716daddf8b5151de0b2b0e2879d3e838b2b","rustc":"rustc 1.97.1 (8bab26f4f 2026-07-14)","target":"x86_64-unknown-linux-gnu"},"case_id":"0733920a7b1e448996b0b0b5dece93542d310d5563fffaeab37201e28568a482","cell_id":"C2-D-64KiB","executable_sha256":"b864fe5331c021d77f5446134d1308b0b804328ad068538b0fc32fa586064810","horse":"H2","post_bytes":131069,"region_scope":"measured_region","reps":30,"schema":"campaign2-replay-header-v1","setup_only":false,"source_bytes":131072,"surface":"controlled"}
{"branch_misses":9517,"branches":5681636,"cache_misses":6,"cache_references":938149,"correctness_pass":true,"cycles":42285384,"horse":"H2","instructions":30119406,"mechanism_id":"fragment-reuse-h2","rep":0,"schema":"campaign2-replay-row-v1","task_clock_ns":0,"total_ns":20434509}
{"branch_misses":10863,"branches":5713650,"cache_misses":0,"cache_references":957961,"correctness_pass":true,"cycles":42091328,"horse":"H2","instructions":30194191,"mechanism_id":"fragment-reuse-h2","rep":1,"schema":"campaign2-replay-row-v1","task_clock_ns":0,"total_ns":20470580}
{"branch_misses":9923,"branches":5666869,"cache_misses":0,"cache_references":934561,"correctness_pass":true,"cycles":41432969,"horse":"H2","instructions":30142096,"mechanism_id":"fragment-reuse-h2","rep":2,"schema":"campaign2-replay-row-v1","task_clock_ns":0,"total_ns":20315473}
{"branch_misses":10666,"branches":5683628,"cache_misses":6,"cache_references":963192,"correctness_pass":true,"cycles":41040542,"horse":"H2","instructions":24225247,"mechanism_id":"fragment-reuse-h2","rep":3,"schema":"campaign2-replay-row-v1","task_clock_ns":0,"total_ns":20567471}
{"branch_misses":10146,"branches":5216835,"cache_misses":0,"cache_references":942546,"correctness_pass":true,"cycles":41435039,"horse":"H2","instructions":22574682,"mechanism_id":"fragment-reuse-h2","rep":4,"schema":"campaign2-replay-row-v1","task_clock_ns":0,"total_ns":20078988}
{"branch_misses":8478,"branches":5622019,"cache_misses":1,"cache_references":862677,"correctness_pass":true,"cycles":41272676,"horse":"H2","instructions":24336143,"mechanism_id":"fragment-reuse-h2","rep":5,"schema":"campaign2-replay-row-v1","task_clock_ns":0,"total_ns":19285129}
{"branch_misses":8477,"branches":5367423,"cache_misses":0,"cache_references":913019,"correctness_pass":true,"cycles":44530744,"horse":"H2","instructions":32244289,"mechanism_id":"fragment-reuse-h2","rep":6,"schema":"campaign2-replay-row-v1","task_clock_ns":0,"total_ns":19380331}
{"branch_misses":9468,"branches":5403119,"cache_misses":0,"cache_references":819669,"correctness_pass":true,"cycles":41429095,"horse":"H2","instructions":29708685,"mechanism_id":"fragment-reuse-h2","rep":7,"schema":"campaign2-replay-row-v1","task_clock_ns":0,"total_ns":18569051}
{"branch_misses":9814,"branches":5554549,"cache_misses":1,"cache_references":883593,"correctness_pass":true,"cycles":39938172,"horse":"H2","instructions":29056321,"mechanism_id":"fragment-reuse-h2","rep":8,"schema":"campaign2-replay-row-v1","task_clock_ns":0,"total_ns":19065360}
{"branch_misses":9751,"branches":5562351,"cache_misses":0,"cache_references":979723,"correctness_pass":true,"cycles":39108342,"horse":"H2","instructions":29682486,"mechanism_id":"fragment-reuse-h2","rep":9,"schema":"campaign2-replay-row-v1","task_clock_ns":0,"total_ns":19152202}
{"branch_misses":9757,"branches":5578860,"cache_misses":0,"cache_references":995437,"correctness_pass":true,"cycles":38582540,"horse":"H2","instructions":29745135,"mechanism_id":"fragment-reuse-h2","rep":10,"schema":"campaign2-replay-row-v1","task_clock_ns":0,"total_ns":19340536}
{"branch_misses":11066,"branches":5604458,"cache_misses":0,"cache_references":938488,"correctness_pass":true,"cycles":38337776,"horse":"H2","instructions":29673369,"mechanism_id":"fragment-reuse-h2","rep":11,"schema":"campaign2-replay-row-v1","task_clock_ns":0,"total_ns":19421316}
{"branch_misses":9926,"branches":5548569,"cache_misses":1,"cache_references":849094,"correctness_pass":true,"cycles":36939509,"horse":"H2","instructions":29752288,"mechanism_id":"fragment-reuse-h2","rep":12,"schema":"campaign2-replay-row-v1","task_clock_ns":0,"total_ns":19339648}
{"branch_misses":8627,"branches":5492983,"cache_misses":1,"cache_references":925071,"correctness_pass":true,"cycles":36392249,"horse":"H2","instructions":29440282,"mechanism_id":"fragment-reuse-h2","rep":13,"schema":"campaign2-replay-row-v1","task_clock_ns":0,"total_ns":18751177}
{"branch_misses":9982,"branches":5639793,"cache_misses":0,"cache_references":1046538,"correctness_pass":true,"cycles":39297950,"horse":"H2","instructions":29881090,"mechanism_id":"fragment-reuse-h2","rep":14,"schema":"campaign2-replay-row-v1","task_clock_ns":0,"total_ns":19683980}
{"branch_misses":8546,"branches":5089136,"cache_misses":3,"cache_references":923484,"correctness_pass":true,"cycles":36254295,"horse":"H2","instructions":29307018,"mechanism_id":"fragment-reuse-h2","rep":15,"schema":"campaign2-replay-row-v1","task_clock_ns":0,"total_ns":18736139}
{"branch_misses":8807,"branches":4999847,"cache_misses":0,"cache_references":928272,"correctness_pass":true,"cycles":37222917,"horse":"H2","instructions":29281745,"mechanism_id":"fragment-reuse-h2","rep":16,"schema":"campaign2-replay-row-v1","task_clock_ns":0,"total_ns":18977541}
{"branch_misses":9870,"branches":4892834,"cache_misses":1,"cache_references":871950,"correctness_pass":true,"cycles":36777548,"horse":"H2","instructions":26798330,"mechanism_id":"fragment-reuse-h2","rep":17,"schema":"campaign2-replay-row-v1","task_clock_ns":0,"total_ns":18760918}
{"branch_misses":7690,"branches":4896351,"cache_misses":24,"cache_references":823932,"correctness_pass":true,"cycles":38216376,"horse":"H2","instructions":28039324,"mechanism_id":"fragment-reuse-h2","rep":18,"schema":"campaign2-replay-row-v1","task_clock_ns":0,"total_ns":19657171}
{"branch_misses":9281,"branches":4994705,"cache_misses":1,"cache_references":836800,"correctness_pass":true,"cycles":36528810,"horse":"H2","instructions":24093838,"mechanism_id":"fragment-reuse-h2","rep":19,"schema":"campaign2-replay-row-v1","task_clock_ns":0,"total_ns":18900782}
{"branch_misses":9125,"branches":5417833,"cache_misses":0,"cache_references":871916,"correctness_pass":true,"cycles":38063452,"horse":"H2","instructions":22941665,"mechanism_id":"fragment-reuse-h2","rep":20,"schema":"campaign2-replay-row-v1","task_clock_ns":0,"total_ns":19045037}
{"branch_misses":10630,"branches":5441607,"cache_misses":0,"cache_references":866487,"correctness_pass":true,"cycles":39366965,"horse":"H2","instructions":23697048,"mechanism_id":"fragment-reuse-h2","rep":21,"schema":"campaign2-replay-row-v1","task_clock_ns":0,"total_ns":19025120}
{"branch_misses":9534,"branches":5720185,"cache_misses":0,"cache_references":854237,"correctness_pass":true,"cycles":41050280,"horse":"H2","instructions":25427501,"mechanism_id":"fragment-reuse-h2","rep":22,"schema":"campaign2-replay-row-v1","task_clock_ns":0,"total_ns":18905647}
{"branch_misses":9430,"branches":5561858,"cache_misses":0,"cache_references":932669,"correctness_pass":true,"cycles":41058275,"horse":"H2","instructions":26620392,"mechanism_id":"fragment-reuse-h2","rep":23,"schema":"campaign2-replay-row-v1","task_clock_ns":0,"total_ns":19167056}
{"branch_misses":9735,"branches":5571985,"cache_misses":0,"cache_references":935862,"correctness_pass":true,"cycles":41446188,"horse":"H2","instructions":29377418,"mechanism_id":"fragment-reuse-h2","rep":24,"schema":"campaign2-replay-row-v1","task_clock_ns":0,"total_ns":19149559}
{"branch_misses":7759,"branches":5458329,"cache_misses":0,"cache_references":804732,"correctness_pass":true,"cycles":41558221,"horse":"H2","instructions":29950858,"mechanism_id":"fragment-reuse-h2","rep":25,"schema":"campaign2-replay-row-v1","task_clock_ns":0,"total_ns":18522181}
{"branch_misses":8491,"branches":5021626,"cache_misses":2,"cache_references":915772,"correctness_pass":true,"cycles":36023522,"horse":"H2","instructions":29395931,"mechanism_id":"fragment-reuse-h2","rep":26,"schema":"campaign2-replay-row-v1","task_clock_ns":0,"total_ns":18627084}
{"branch_misses":9733,"branches":4904046,"cache_misses":1,"cache_references":973864,"correctness_pass":true,"cycles":38067725,"horse":"H2","instructions":29727521,"mechanism_id":"fragment-reuse-h2","rep":27,"schema":"campaign2-replay-row-v1","task_clock_ns":0,"total_ns":19221370}
{"branch_misses":10211,"branches":5145756,"cache_misses":2,"cache_references":800990,"correctness_pass":true,"cycles":35316397,"horse":"H2","instructions":22378596,"mechanism_id":"fragment-reuse-h2","rep":28,"schema":"campaign2-replay-row-v1","task_clock_ns":0,"total_ns":18316950}
{"branch_misses":10179,"branches":5777985,"cache_misses":0,"cache_references":792439,"correctness_pass":true,"cycles":39366846,"horse":"H2","instructions":24223603,"mechanism_id":"fragment-reuse-h2","rep":29,"schema":"campaign2-replay-row-v1","task_clock_ns":0,"total_ns":18657427}
{"branch_misses":285482,"branches":162230825,"cache_misses":50,"cache_references":27083124,"cycles":1180432132,"horse":"H2","instructions":832036498,"perf_available":true,"region":"measured_region","reps":30,"schema":"campaign2-replay-total-v1","task_clock_ns":0}
[ perf record: Woken up 15 times to write data ]
[ perf record: Captured and wrote 3.542 MB results/campaign-2/profiling/perf-record/slot-P07-H2.data (440 samples) ]
