{"build_identity":{"build_profile_id":"release-primary-v1","cargo_lock_sha256":"e0be2368997363c38b478040ad06f071f73048fb7788c66171d3c69bf4eedde1","runner_git_commit":"f6262716daddf8b5151de0b2b0e2879d3e838b2b","rustc":"rustc 1.97.1 (8bab26f4f 2026-07-14)","target":"x86_64-unknown-linux-gnu"},"case_id":"c20431ee65a06fdd179d8ddd242fe42cafb96176afafcae6a935a1168d22eda0","cell_id":"G0-LIST-ITEM-INDENT|rust-book/files/src/appendix-06-translation.md|list_item#8@985-1039","executable_sha256":"b864fe5331c021d77f5446134d1308b0b804328ad068538b0fc32fa586064810","horse":"H2","post_bytes":1993,"region_scope":"measured_region","reps":30,"schema":"campaign2-replay-header-v1","setup_only":false,"source_bytes":1991,"surface":"resident-update"}
{"branch_misses":3196,"branches":121004,"cache_misses":0,"cache_references":0,"correctness_pass":true,"cycles":439700,"horse":"H2","instructions":850556,"mechanism_id":"fragment-reuse-h2","rep":0,"schema":"campaign2-replay-row-v1","task_clock_ns":0,"total_ns":49523}
{"branch_misses":3129,"branches":122593,"cache_misses":0,"cache_references":0,"correctness_pass":true,"cycles":434935,"horse":"H2","instructions":857374,"mechanism_id":"fragment-reuse-h2","rep":1,"schema":"campaign2-replay-row-v1","task_clock_ns":0,"total_ns":45805}
{"branch_misses":2888,"branches":123229,"cache_misses":0,"cache_references":0,"correctness_pass":true,"cycles":430649,"horse":"H2","instructions":859900,"mechanism_id":"fragment-reuse-h2","rep":2,"schema":"campaign2-replay-row-v1","task_clock_ns":0,"total_ns":44658}
{"branch_misses":2885,"branches":122420,"cache_misses":0,"cache_references":0,"correctness_pass":true,"cycles":432595,"horse":"H2","instructions":855993,"mechanism_id":"fragment-reuse-h2","rep":3,"schema":"campaign2-replay-row-v1","task_clock_ns":0,"total_ns":49982}
{"branch_misses":2817,"branches":122006,"cache_misses":0,"cache_references":4112,"correctness_pass":true,"cycles":425129,"horse":"H2","instructions":855174,"mechanism_id":"fragment-reuse-h2","rep":4,"schema":"campaign2-replay-row-v1","task_clock_ns":0,"total_ns":47389}
{"branch_misses":2754,"branches":121423,"cache_misses":0,"cache_references":4041,"correctness_pass":true,"cycles":426098,"horse":"H2","instructions":852123,"mechanism_id":"fragment-reuse-h2","rep":5,"schema":"campaign2-replay-row-v1","task_clock_ns":0,"total_ns":45329}
{"branch_misses":2727,"branches":122261,"cache_misses":0,"cache_references":4079,"correctness_pass":true,"cycles":424898,"horse":"H2","instructions":855747,"mechanism_id":"fragment-reuse-h2","rep":6,"schema":"campaign2-replay-row-v1","task_clock_ns":0,"total_ns":44304}
{"branch_misses":2817,"branches":123203,"cache_misses":0,"cache_references":3872,"correctness_pass":true,"cycles":426480,"horse":"H2","instructions":859782,"mechanism_id":"fragment-reuse-h2","rep":7,"schema":"campaign2-replay-row-v1","task_clock_ns":0,"total_ns":44802}
{"branch_misses":2787,"branches":122574,"cache_misses":0,"cache_references":4701,"correctness_pass":true,"cycles":215466,"horse":"H2","instructions":856921,"mechanism_id":"fragment-reuse-h2","rep":8,"schema":"campaign2-replay-row-v1","task_clock_ns":0,"total_ns":44219}
{"branch_misses":2702,"branches":121987,"cache_misses":0,"cache_references":4016,"correctness_pass":true,"cycles":486,"horse":"H2","instructions":854401,"mechanism_id":"fragment-reuse-h2","rep":9,"schema":"campaign2-replay-row-v1","task_clock_ns":0,"total_ns":47904}
{"branch_misses":2700,"branches":121916,"cache_misses":0,"cache_references":3937,"correctness_pass":true,"cycles":469,"horse":"H2","instructions":854468,"mechanism_id":"fragment-reuse-h2","rep":10,"schema":"campaign2-replay-row-v1","task_clock_ns":0,"total_ns":43805}
{"branch_misses":2790,"branches":122724,"cache_misses":0,"cache_references":4047,"correctness_pass":true,"cycles":483,"horse":"H2","instructions":857847,"mechanism_id":"fragment-reuse-h2","rep":11,"schema":"campaign2-replay-row-v1","task_clock_ns":0,"total_ns":44922}
{"branch_misses":2683,"branches":122321,"cache_misses":1,"cache_references":4006,"correctness_pass":true,"cycles":461,"horse":"H2","instructions":856161,"mechanism_id":"fragment-reuse-h2","rep":12,"schema":"campaign2-replay-row-v1","task_clock_ns":0,"total_ns":44619}
{"branch_misses":2852,"branches":122716,"cache_misses":1,"cache_references":4087,"correctness_pass":true,"cycles":487,"horse":"H2","instructions":105,"mechanism_id":"fragment-reuse-h2","rep":13,"schema":"campaign2-replay-row-v1","task_clock_ns":0,"total_ns":48684}
{"branch_misses":2820,"branches":122599,"cache_misses":0,"cache_references":4106,"correctness_pass":true,"cycles":495,"horse":"H2","instructions":105,"mechanism_id":"fragment-reuse-h2","rep":14,"schema":"campaign2-replay-row-v1","task_clock_ns":0,"total_ns":44704}
{"branch_misses":2687,"branches":122858,"cache_misses":1,"cache_references":3962,"correctness_pass":true,"cycles":470,"horse":"H2","instructions":105,"mechanism_id":"fragment-reuse-h2","rep":15,"schema":"campaign2-replay-row-v1","task_clock_ns":0,"total_ns":44167}
{"branch_misses":2667,"branches":123154,"cache_misses":1,"cache_references":3881,"correctness_pass":true,"cycles":500,"horse":"H2","instructions":105,"mechanism_id":"fragment-reuse-h2","rep":16,"schema":"campaign2-replay-row-v1","task_clock_ns":0,"total_ns":44017}
{"branch_misses":2747,"branches":20312,"cache_misses":0,"cache_references":4571,"correctness_pass":true,"cycles":472,"horse":"H2","instructions":105,"mechanism_id":"fragment-reuse-h2","rep":17,"schema":"campaign2-replay-row-v1","task_clock_ns":0,"total_ns":71618}
{"branch_misses":2806,"branches":16,"cache_misses":1,"cache_references":3943,"correctness_pass":true,"cycles":627,"horse":"H2","instructions":140,"mechanism_id":"fragment-reuse-h2","rep":18,"schema":"campaign2-replay-row-v1","task_clock_ns":0,"total_ns":46805}
{"branch_misses":2704,"branches":16,"cache_misses":0,"cache_references":3958,"correctness_pass":true,"cycles":578,"horse":"H2","instructions":140,"mechanism_id":"fragment-reuse-h2","rep":19,"schema":"campaign2-replay-row-v1","task_clock_ns":0,"total_ns":44204}
{"branch_misses":2733,"branches":16,"cache_misses":0,"cache_references":3971,"correctness_pass":true,"cycles":592,"horse":"H2","instructions":140,"mechanism_id":"fragment-reuse-h2","rep":20,"schema":"campaign2-replay-row-v1","task_clock_ns":0,"total_ns":44223}
{"branch_misses":2684,"branches":16,"cache_misses":0,"cache_references":4165,"correctness_pass":true,"cycles":621,"horse":"H2","instructions":140,"mechanism_id":"fragment-reuse-h2","rep":21,"schema":"campaign2-replay-row-v1","task_clock_ns":0,"total_ns":43743}
{"branch_misses":2909,"branches":24,"cache_misses":0,"cache_references":4083,"correctness_pass":true,"cycles":428397,"horse":"H2","instructions":858364,"mechanism_id":"fragment-reuse-h2","rep":22,"schema":"campaign2-replay-row-v1","task_clock_ns":0,"total_ns":47772}
{"branch_misses":2754,"branches":24,"cache_misses":0,"cache_references":3885,"correctness_pass":true,"cycles":428933,"horse":"H2","instructions":859324,"mechanism_id":"fragment-reuse-h2","rep":23,"schema":"campaign2-replay-row-v1","task_clock_ns":0,"total_ns":45525}
{"branch_misses":2731,"branches":24,"cache_misses":0,"cache_references":4014,"correctness_pass":true,"cycles":424139,"horse":"H2","instructions":857348,"mechanism_id":"fragment-reuse-h2","rep":24,"schema":"campaign2-replay-row-v1","task_clock_ns":0,"total_ns":44352}
{"branch_misses":2714,"branches":24,"cache_misses":0,"cache_references":4012,"correctness_pass":true,"cycles":422440,"horse":"H2","instructions":857433,"mechanism_id":"fragment-reuse-h2","rep":25,"schema":"campaign2-replay-row-v1","task_clock_ns":0,"total_ns":43969}
{"branch_misses":1293,"branches":63304,"cache_misses":0,"cache_references":4665,"correctness_pass":true,"cycles":435769,"horse":"H2","instructions":859989,"mechanism_id":"fragment-reuse-h2","rep":26,"schema":"campaign2-replay-row-v1","task_clock_ns":0,"total_ns":57369}
{"branch_misses":2,"branches":122175,"cache_misses":0,"cache_references":4031,"correctness_pass":true,"cycles":423366,"horse":"H2","instructions":855765,"mechanism_id":"fragment-reuse-h2","rep":27,"schema":"campaign2-replay-row-v1","task_clock_ns":0,"total_ns":44145}
{"branch_misses":2,"branches":122860,"cache_misses":1,"cache_references":4251,"correctness_pass":true,"cycles":427643,"horse":"H2","instructions":858387,"mechanism_id":"fragment-reuse-h2","rep":28,"schema":"campaign2-replay-row-v1","task_clock_ns":0,"total_ns":44921}
{"branch_misses":2,"branches":123363,"cache_misses":0,"cache_references":4060,"correctness_pass":true,"cycles":425634,"horse":"H2","instructions":860470,"mechanism_id":"fragment-reuse-h2","rep":29,"schema":"campaign2-replay-row-v1","task_clock_ns":0,"total_ns":44911}
{"branch_misses":73982,"branches":2533162,"cache_misses":6,"cache_references":106456,"cycles":7079012,"horse":"H2","instructions":17994612,"perf_available":true,"region":"measured_region","reps":30,"schema":"campaign2-replay-total-v1","task_clock_ns":0}
[ perf record: Woken up 11 times to write data ]
[ perf record: Captured and wrote 2.573 MB results/campaign-2/profiling/perf-record/slot-P02-H2.data (319 samples) ]
