{"build_identity":{"build_profile_id":"release-primary-v1","cargo_lock_sha256":"e0be2368997363c38b478040ad06f071f73048fb7788c66171d3c69bf4eedde1","runner_git_commit":"f6262716daddf8b5151de0b2b0e2879d3e838b2b","rustc":"rustc 1.97.1 (8bab26f4f 2026-07-14)","target":"x86_64-unknown-linux-gnu"},"case_id":"e46709f6e4c8f8150c0a193e0f0185d0669b6736e15f7af0c4e989a1b4cdf0af","cell_id":"G0-CODESPAN-DELIM-BREAK|rust-book/files/src/appendix-05-editions.md|code_span#2@1546-1552","executable_sha256":"b864fe5331c021d77f5446134d1308b0b804328ad068538b0fc32fa586064810","horse":"H4","post_bytes":3075,"region_scope":"measured_region","reps":30,"schema":"campaign2-replay-header-v1","setup_only":false,"source_bytes":3074,"surface":"resident-update"}
{"branch_misses":669,"branches":16776,"cache_misses":0,"cache_references":0,"correctness_pass":true,"cycles":92764,"horse":"H4","instructions":164203,"mechanism_id":"restart-convergence-h4","rep":0,"schema":"campaign2-replay-row-v1","task_clock_ns":0,"total_ns":4279}
{"branch_misses":511,"branches":16594,"cache_misses":0,"cache_references":0,"correctness_pass":true,"cycles":88893,"horse":"H4","instructions":163347,"mechanism_id":"restart-convergence-h4","rep":1,"schema":"campaign2-replay-row-v1","task_clock_ns":0,"total_ns":4277}
{"branch_misses":400,"branches":16697,"cache_misses":0,"cache_references":0,"correctness_pass":true,"cycles":84798,"horse":"H4","instructions":163850,"mechanism_id":"restart-convergence-h4","rep":2,"schema":"campaign2-replay-row-v1","task_clock_ns":0,"total_ns":3969}
{"branch_misses":303,"branches":16522,"cache_misses":0,"cache_references":0,"correctness_pass":true,"cycles":81677,"horse":"H4","instructions":163052,"mechanism_id":"restart-convergence-h4","rep":3,"schema":"campaign2-replay-row-v1","task_clock_ns":0,"total_ns":3618}
{"branch_misses":252,"branches":16683,"cache_misses":0,"cache_references":0,"correctness_pass":true,"cycles":80828,"horse":"H4","instructions":163811,"mechanism_id":"restart-convergence-h4","rep":4,"schema":"campaign2-replay-row-v1","task_clock_ns":0,"total_ns":3672}
{"branch_misses":322,"branches":16596,"cache_misses":0,"cache_references":1741,"correctness_pass":true,"cycles":88058,"horse":"H4","instructions":163419,"mechanism_id":"restart-convergence-h4","rep":5,"schema":"campaign2-replay-row-v1","task_clock_ns":0,"total_ns":4495}
{"branch_misses":239,"branches":16563,"cache_misses":0,"cache_references":1170,"correctness_pass":true,"cycles":81992,"horse":"H4","instructions":163233,"mechanism_id":"restart-convergence-h4","rep":6,"schema":"campaign2-replay-row-v1","task_clock_ns":0,"total_ns":3779}
{"branch_misses":233,"branches":16494,"cache_misses":0,"cache_references":1014,"correctness_pass":true,"cycles":80309,"horse":"H4","instructions":163000,"mechanism_id":"restart-convergence-h4","rep":7,"schema":"campaign2-replay-row-v1","task_clock_ns":0,"total_ns":3346}
{"branch_misses":212,"branches":16654,"cache_misses":0,"cache_references":1028,"correctness_pass":true,"cycles":80078,"horse":"H4","instructions":163691,"mechanism_id":"restart-convergence-h4","rep":8,"schema":"campaign2-replay-row-v1","task_clock_ns":0,"total_ns":3505}
{"branch_misses":190,"branches":16525,"cache_misses":0,"cache_references":1015,"correctness_pass":true,"cycles":79443,"horse":"H4","instructions":163184,"mechanism_id":"restart-convergence-h4","rep":9,"schema":"campaign2-replay-row-v1","task_clock_ns":0,"total_ns":3623}
{"branch_misses":193,"branches":16596,"cache_misses":0,"cache_references":1068,"correctness_pass":true,"cycles":79701,"horse":"H4","instructions":163389,"mechanism_id":"restart-convergence-h4","rep":10,"schema":"campaign2-replay-row-v1","task_clock_ns":0,"total_ns":3466}
{"branch_misses":181,"branches":16635,"cache_misses":0,"cache_references":993,"correctness_pass":true,"cycles":79071,"horse":"H4","instructions":163657,"mechanism_id":"restart-convergence-h4","rep":11,"schema":"campaign2-replay-row-v1","task_clock_ns":0,"total_ns":3708}
{"branch_misses":186,"branches":16561,"cache_misses":0,"cache_references":1073,"correctness_pass":true,"cycles":79162,"horse":"H4","instructions":163315,"mechanism_id":"restart-convergence-h4","rep":12,"schema":"campaign2-replay-row-v1","task_clock_ns":0,"total_ns":3450}
{"branch_misses":201,"branches":16507,"cache_misses":0,"cache_references":1215,"correctness_pass":true,"cycles":80842,"horse":"H4","instructions":163034,"mechanism_id":"restart-convergence-h4","rep":13,"schema":"campaign2-replay-row-v1","task_clock_ns":0,"total_ns":3503}
{"branch_misses":197,"branches":16639,"cache_misses":0,"cache_references":1128,"correctness_pass":true,"cycles":80872,"horse":"H4","instructions":163616,"mechanism_id":"restart-convergence-h4","rep":14,"schema":"campaign2-replay-row-v1","task_clock_ns":0,"total_ns":3670}
{"branch_misses":157,"branches":16552,"cache_misses":0,"cache_references":1019,"correctness_pass":true,"cycles":79009,"horse":"H4","instructions":163326,"mechanism_id":"restart-convergence-h4","rep":15,"schema":"campaign2-replay-row-v1","task_clock_ns":0,"total_ns":3661}
{"branch_misses":159,"branches":16509,"cache_misses":0,"cache_references":993,"correctness_pass":true,"cycles":78235,"horse":"H4","instructions":163156,"mechanism_id":"restart-convergence-h4","rep":16,"schema":"campaign2-replay-row-v1","task_clock_ns":0,"total_ns":3441}
{"branch_misses":199,"branches":16617,"cache_misses":0,"cache_references":1350,"correctness_pass":true,"cycles":480,"horse":"H4","instructions":163627,"mechanism_id":"restart-convergence-h4","rep":17,"schema":"campaign2-replay-row-v1","task_clock_ns":0,"total_ns":3799}
{"branch_misses":181,"branches":16523,"cache_misses":1,"cache_references":1069,"correctness_pass":true,"cycles":482,"horse":"H4","instructions":163191,"mechanism_id":"restart-convergence-h4","rep":18,"schema":"campaign2-replay-row-v1","task_clock_ns":0,"total_ns":3564}
{"branch_misses":180,"branches":16499,"cache_misses":0,"cache_references":1010,"correctness_pass":true,"cycles":480,"horse":"H4","instructions":163093,"mechanism_id":"restart-convergence-h4","rep":19,"schema":"campaign2-replay-row-v1","task_clock_ns":0,"total_ns":3316}
{"branch_misses":159,"branches":16642,"cache_misses":0,"cache_references":1012,"correctness_pass":true,"cycles":477,"horse":"H4","instructions":163734,"mechanism_id":"restart-convergence-h4","rep":20,"schema":"campaign2-replay-row-v1","task_clock_ns":0,"total_ns":3435}
{"branch_misses":146,"branches":16481,"cache_misses":0,"cache_references":1010,"correctness_pass":true,"cycles":476,"horse":"H4","instructions":163000,"mechanism_id":"restart-convergence-h4","rep":21,"schema":"campaign2-replay-row-v1","task_clock_ns":0,"total_ns":3304}
{"branch_misses":136,"branches":16516,"cache_misses":0,"cache_references":978,"correctness_pass":true,"cycles":476,"horse":"H4","instructions":163181,"mechanism_id":"restart-convergence-h4","rep":22,"schema":"campaign2-replay-row-v1","task_clock_ns":0,"total_ns":3323}
{"branch_misses":146,"branches":16629,"cache_misses":0,"cache_references":955,"correctness_pass":true,"cycles":476,"horse":"H4","instructions":163677,"mechanism_id":"restart-convergence-h4","rep":23,"schema":"campaign2-replay-row-v1","task_clock_ns":0,"total_ns":3398}
{"branch_misses":143,"branches":16515,"cache_misses":0,"cache_references":988,"correctness_pass":true,"cycles":493,"horse":"H4","instructions":163169,"mechanism_id":"restart-convergence-h4","rep":24,"schema":"campaign2-replay-row-v1","task_clock_ns":0,"total_ns":3389}
{"branch_misses":157,"branches":16560,"cache_misses":0,"cache_references":1055,"correctness_pass":true,"cycles":479,"horse":"H4","instructions":163370,"mechanism_id":"restart-convergence-h4","rep":25,"schema":"campaign2-replay-row-v1","task_clock_ns":0,"total_ns":3594}
{"branch_misses":147,"branches":16632,"cache_misses":0,"cache_references":1015,"correctness_pass":true,"cycles":482,"horse":"H4","instructions":163683,"mechanism_id":"restart-convergence-h4","rep":26,"schema":"campaign2-replay-row-v1","task_clock_ns":0,"total_ns":3432}
{"branch_misses":123,"branches":16569,"cache_misses":0,"cache_references":931,"correctness_pass":true,"cycles":476,"horse":"H4","instructions":163401,"mechanism_id":"restart-convergence-h4","rep":27,"schema":"campaign2-replay-row-v1","task_clock_ns":0,"total_ns":3200}
{"branch_misses":164,"branches":16430,"cache_misses":0,"cache_references":1150,"correctness_pass":true,"cycles":485,"horse":"H4","instructions":162787,"mechanism_id":"restart-convergence-h4","rep":28,"schema":"campaign2-replay-row-v1","task_clock_ns":0,"total_ns":3344}
{"branch_misses":212,"branches":16611,"cache_misses":0,"cache_references":1365,"correctness_pass":true,"cycles":499,"horse":"H4","instructions":105,"mechanism_id":"restart-convergence-h4","rep":29,"schema":"campaign2-replay-row-v1","task_clock_ns":0,"total_ns":3969}
{"branch_misses":6698,"branches":497327,"cache_misses":1,"cache_references":27345,"cycles":1401993,"horse":"H4","instructions":4738301,"perf_available":true,"region":"measured_region","reps":30,"schema":"campaign2-replay-total-v1","task_clock_ns":0}
[ perf record: Woken up 11 times to write data ]
[ perf record: Captured and wrote 2.565 MB results/campaign-2/profiling/perf-record/slot-P01-H4.data (318 samples) ]
