{"build_identity":{"build_profile_id":"release-primary-v1","cargo_lock_sha256":"e0be2368997363c38b478040ad06f071f73048fb7788c66171d3c69bf4eedde1","runner_git_commit":"f6262716daddf8b5151de0b2b0e2879d3e838b2b","rustc":"rustc 1.97.1 (8bab26f4f 2026-07-14)","target":"x86_64-unknown-linux-gnu"},"case_id":"388357ffb2572b4081daf01d486ce477b986e9984c7e32eca9404f5bb9a66347","cell_id":"C2-F-64","executable_sha256":"b864fe5331c021d77f5446134d1308b0b804328ad068538b0fc32fa586064810","horse":"H2","post_bytes":131040,"region_scope":"measured_region","reps":30,"schema":"campaign2-replay-header-v1","setup_only":false,"source_bytes":131072,"surface":"controlled"}
{"branch_misses":4011,"branches":1426047,"cache_misses":17,"cache_references":326480,"correctness_pass":true,"cycles":9941281,"horse":"H2","instructions":14513020,"mechanism_id":"fragment-reuse-h2","rep":0,"schema":"campaign2-replay-row-v1","task_clock_ns":0,"total_ns":4305868}
{"branch_misses":4127,"branches":1105309,"cache_misses":0,"cache_references":327076,"correctness_pass":true,"cycles":9062184,"horse":"H2","instructions":13425025,"mechanism_id":"fragment-reuse-h2","rep":1,"schema":"campaign2-replay-row-v1","task_clock_ns":0,"total_ns":4119302}
{"branch_misses":3839,"branches":1045119,"cache_misses":0,"cache_references":317236,"correctness_pass":true,"cycles":9173651,"horse":"H2","instructions":12982405,"mechanism_id":"fragment-reuse-h2","rep":2,"schema":"campaign2-replay-row-v1","task_clock_ns":0,"total_ns":4185550}
{"branch_misses":3823,"branches":976734,"cache_misses":5,"cache_references":316744,"correctness_pass":true,"cycles":9090830,"horse":"H2","instructions":12115743,"mechanism_id":"fragment-reuse-h2","rep":3,"schema":"campaign2-replay-row-v1","task_clock_ns":0,"total_ns":4155912}
{"branch_misses":4036,"branches":1559043,"cache_misses":0,"cache_references":235569,"correctness_pass":true,"cycles":9571617,"horse":"H2","instructions":4939931,"mechanism_id":"fragment-reuse-h2","rep":4,"schema":"campaign2-replay-row-v1","task_clock_ns":0,"total_ns":4239085}
{"branch_misses":4277,"branches":2183296,"cache_misses":0,"cache_references":223158,"correctness_pass":true,"cycles":13510241,"horse":"H2","instructions":13340618,"mechanism_id":"fragment-reuse-h2","rep":5,"schema":"campaign2-replay-row-v1","task_clock_ns":0,"total_ns":4015795}
{"branch_misses":4682,"branches":2041707,"cache_misses":0,"cache_references":235375,"correctness_pass":true,"cycles":13425244,"horse":"H2","instructions":14431618,"mechanism_id":"fragment-reuse-h2","rep":6,"schema":"campaign2-replay-row-v1","task_clock_ns":0,"total_ns":4150867}
{"branch_misses":4533,"branches":2040219,"cache_misses":0,"cache_references":240963,"correctness_pass":true,"cycles":13703799,"horse":"H2","instructions":15569609,"mechanism_id":"fragment-reuse-h2","rep":7,"schema":"campaign2-replay-row-v1","task_clock_ns":0,"total_ns":4031104}
{"branch_misses":4493,"branches":2052182,"cache_misses":0,"cache_references":263904,"correctness_pass":true,"cycles":13803790,"horse":"H2","instructions":17082138,"mechanism_id":"fragment-reuse-h2","rep":8,"schema":"campaign2-replay-row-v1","task_clock_ns":0,"total_ns":4084016}
{"branch_misses":3947,"branches":2039055,"cache_misses":1,"cache_references":279468,"correctness_pass":true,"cycles":13809264,"horse":"H2","instructions":15840586,"mechanism_id":"fragment-reuse-h2","rep":9,"schema":"campaign2-replay-row-v1","task_clock_ns":0,"total_ns":3991752}
{"branch_misses":2930,"branches":2047750,"cache_misses":0,"cache_references":295562,"correctness_pass":true,"cycles":13806820,"horse":"H2","instructions":16475146,"mechanism_id":"fragment-reuse-h2","rep":10,"schema":"campaign2-replay-row-v1","task_clock_ns":0,"total_ns":4043701}
{"branch_misses":3055,"branches":2049138,"cache_misses":0,"cache_references":321993,"correctness_pass":true,"cycles":12960903,"horse":"H2","instructions":16482643,"mechanism_id":"fragment-reuse-h2","rep":11,"schema":"campaign2-replay-row-v1","task_clock_ns":0,"total_ns":4055353}
{"branch_misses":2597,"branches":1877606,"cache_misses":0,"cache_references":358608,"correctness_pass":true,"cycles":9030160,"horse":"H2","instructions":16495921,"mechanism_id":"fragment-reuse-h2","rep":12,"schema":"campaign2-replay-row-v1","task_clock_ns":0,"total_ns":4067146}
{"branch_misses":1872,"branches":1371144,"cache_misses":0,"cache_references":377136,"correctness_pass":true,"cycles":9130460,"horse":"H2","instructions":16505779,"mechanism_id":"fragment-reuse-h2","rep":13,"schema":"campaign2-replay-row-v1","task_clock_ns":0,"total_ns":4161312}
{"branch_misses":4029,"branches":1033666,"cache_misses":0,"cache_references":355558,"correctness_pass":true,"cycles":9043743,"horse":"H2","instructions":13476594,"mechanism_id":"fragment-reuse-h2","rep":14,"schema":"campaign2-replay-row-v1","task_clock_ns":0,"total_ns":4073508}
{"branch_misses":3980,"branches":1017597,"cache_misses":1,"cache_references":334013,"correctness_pass":true,"cycles":9093763,"horse":"H2","instructions":10274065,"mechanism_id":"fragment-reuse-h2","rep":15,"schema":"campaign2-replay-row-v1","task_clock_ns":0,"total_ns":4082110}
{"branch_misses":3972,"branches":1273663,"cache_misses":0,"cache_references":237840,"correctness_pass":true,"cycles":9074474,"horse":"H2","instructions":7680181,"mechanism_id":"fragment-reuse-h2","rep":16,"schema":"campaign2-replay-row-v1","task_clock_ns":0,"total_ns":4092798}
{"branch_misses":4197,"branches":1545385,"cache_misses":0,"cache_references":237462,"correctness_pass":true,"cycles":8981073,"horse":"H2","instructions":5457362,"mechanism_id":"fragment-reuse-h2","rep":17,"schema":"campaign2-replay-row-v1","task_clock_ns":0,"total_ns":4069323}
{"branch_misses":4098,"branches":1564373,"cache_misses":0,"cache_references":232540,"correctness_pass":true,"cycles":9899685,"horse":"H2","instructions":5067333,"mechanism_id":"fragment-reuse-h2","rep":18,"schema":"campaign2-replay-row-v1","task_clock_ns":0,"total_ns":4022829}
{"branch_misses":4188,"branches":1633964,"cache_misses":0,"cache_references":236340,"correctness_pass":true,"cycles":11199878,"horse":"H2","instructions":6490894,"mechanism_id":"fragment-reuse-h2","rep":19,"schema":"campaign2-replay-row-v1","task_clock_ns":0,"total_ns":4073719}
{"branch_misses":4399,"branches":1761509,"cache_misses":0,"cache_references":252527,"correctness_pass":true,"cycles":11988703,"horse":"H2","instructions":7306604,"mechanism_id":"fragment-reuse-h2","rep":20,"schema":"campaign2-replay-row-v1","task_clock_ns":0,"total_ns":4250875}
{"branch_misses":4582,"branches":2235704,"cache_misses":0,"cache_references":232277,"correctness_pass":true,"cycles":12822141,"horse":"H2","instructions":10345972,"mechanism_id":"fragment-reuse-h2","rep":21,"schema":"campaign2-replay-row-v1","task_clock_ns":0,"total_ns":4063790}
{"branch_misses":4380,"branches":1935342,"cache_misses":0,"cache_references":238929,"correctness_pass":true,"cycles":13802597,"horse":"H2","instructions":13389203,"mechanism_id":"fragment-reuse-h2","rep":22,"schema":"campaign2-replay-row-v1","task_clock_ns":0,"total_ns":4112787}
{"branch_misses":4506,"branches":2051377,"cache_misses":0,"cache_references":235398,"correctness_pass":true,"cycles":13808068,"horse":"H2","instructions":14564999,"mechanism_id":"fragment-reuse-h2","rep":23,"schema":"campaign2-replay-row-v1","task_clock_ns":0,"total_ns":4108015}
{"branch_misses":4490,"branches":2048311,"cache_misses":0,"cache_references":250089,"correctness_pass":true,"cycles":13807584,"horse":"H2","instructions":17111611,"mechanism_id":"fragment-reuse-h2","rep":24,"schema":"campaign2-replay-row-v1","task_clock_ns":0,"total_ns":4064043}
{"branch_misses":4413,"branches":2052902,"cache_misses":0,"cache_references":278461,"correctness_pass":true,"cycles":13804928,"horse":"H2","instructions":16931228,"mechanism_id":"fragment-reuse-h2","rep":25,"schema":"campaign2-replay-row-v1","task_clock_ns":0,"total_ns":4109174}
{"branch_misses":2758,"branches":2052637,"cache_misses":0,"cache_references":268386,"correctness_pass":true,"cycles":15398640,"horse":"H2","instructions":16477480,"mechanism_id":"fragment-reuse-h2","rep":26,"schema":"campaign2-replay-row-v1","task_clock_ns":0,"total_ns":4259119}
{"branch_misses":2735,"branches":1831949,"cache_misses":1,"cache_references":371720,"correctness_pass":true,"cycles":9240254,"horse":"H2","instructions":16505847,"mechanism_id":"fragment-reuse-h2","rep":27,"schema":"campaign2-replay-row-v1","task_clock_ns":0,"total_ns":4132137}
{"branch_misses":2343,"branches":1656762,"cache_misses":0,"cache_references":380147,"correctness_pass":true,"cycles":9180345,"horse":"H2","instructions":16492178,"mechanism_id":"fragment-reuse-h2","rep":28,"schema":"campaign2-replay-row-v1","task_clock_ns":0,"total_ns":4110949}
{"branch_misses":2321,"branches":1726770,"cache_misses":0,"cache_references":379612,"correctness_pass":true,"cycles":9065088,"horse":"H2","instructions":16481011,"mechanism_id":"fragment-reuse-h2","rep":29,"schema":"campaign2-replay-row-v1","task_clock_ns":0,"total_ns":4083181}
{"branch_misses":113613,"branches":51236260,"cache_misses":25,"cache_references":8640571,"cycles":340231208,"horse":"H2","instructions":394252744,"perf_available":true,"region":"measured_region","reps":30,"schema":"campaign2-replay-total-v1","task_clock_ns":0}
[ perf record: Woken up 6 times to write data ]
[ perf record: Captured and wrote 1.350 MB results/campaign-2/profiling/perf-record/slot-P09-H2.data (167 samples) ]
