{"build_identity":{"build_profile_id":"release-primary-v1","cargo_lock_sha256":"e0be2368997363c38b478040ad06f071f73048fb7788c66171d3c69bf4eedde1","runner_git_commit":"f6262716daddf8b5151de0b2b0e2879d3e838b2b","rustc":"rustc 1.97.1 (8bab26f4f 2026-07-14)","target":"x86_64-unknown-linux-gnu"},"case_id":"c20431ee65a06fdd179d8ddd242fe42cafb96176afafcae6a935a1168d22eda0","cell_id":"G0-LIST-ITEM-INDENT|rust-book/files/src/appendix-06-translation.md|list_item#8@985-1039","executable_sha256":"b864fe5331c021d77f5446134d1308b0b804328ad068538b0fc32fa586064810","horse":"H4","post_bytes":1993,"region_scope":"measured_region","reps":30,"schema":"campaign2-replay-header-v1","setup_only":false,"source_bytes":1991,"surface":"resident-update"}
{"branch_misses":3139,"branches":119732,"cache_misses":0,"cache_references":0,"correctness_pass":true,"cycles":404412,"horse":"H4","instructions":819168,"mechanism_id":"restart-convergence-h4","rep":0,"schema":"campaign2-replay-row-v1","task_clock_ns":0,"total_ns":42338}
{"branch_misses":3011,"branches":119356,"cache_misses":0,"cache_references":0,"correctness_pass":true,"cycles":404674,"horse":"H4","instructions":817289,"mechanism_id":"restart-convergence-h4","rep":1,"schema":"campaign2-replay-row-v1","task_clock_ns":0,"total_ns":42897}
{"branch_misses":2828,"branches":119519,"cache_misses":0,"cache_references":0,"correctness_pass":true,"cycles":397569,"horse":"H4","instructions":817992,"mechanism_id":"restart-convergence-h4","rep":2,"schema":"campaign2-replay-row-v1","task_clock_ns":0,"total_ns":41307}
{"branch_misses":2784,"branches":119349,"cache_misses":0,"cache_references":0,"correctness_pass":true,"cycles":395208,"horse":"H4","instructions":817299,"mechanism_id":"restart-convergence-h4","rep":3,"schema":"campaign2-replay-row-v1","task_clock_ns":0,"total_ns":41902}
{"branch_misses":2866,"branches":119834,"cache_misses":0,"cache_references":4216,"correctness_pass":true,"cycles":402549,"horse":"H4","instructions":819701,"mechanism_id":"restart-convergence-h4","rep":4,"schema":"campaign2-replay-row-v1","task_clock_ns":0,"total_ns":43279}
{"branch_misses":2822,"branches":119520,"cache_misses":0,"cache_references":3948,"correctness_pass":true,"cycles":398194,"horse":"H4","instructions":818027,"mechanism_id":"restart-convergence-h4","rep":5,"schema":"campaign2-replay-row-v1","task_clock_ns":0,"total_ns":41588}
{"branch_misses":2585,"branches":118778,"cache_misses":0,"cache_references":3858,"correctness_pass":true,"cycles":390477,"horse":"H4","instructions":814766,"mechanism_id":"restart-convergence-h4","rep":6,"schema":"campaign2-replay-row-v1","task_clock_ns":0,"total_ns":40634}
{"branch_misses":2720,"branches":120012,"cache_misses":0,"cache_references":4008,"correctness_pass":true,"cycles":397209,"horse":"H4","instructions":820067,"mechanism_id":"restart-convergence-h4","rep":7,"schema":"campaign2-replay-row-v1","task_clock_ns":0,"total_ns":41139}
{"branch_misses":2646,"branches":119072,"cache_misses":0,"cache_references":3867,"correctness_pass":true,"cycles":391559,"horse":"H4","instructions":815764,"mechanism_id":"restart-convergence-h4","rep":8,"schema":"campaign2-replay-row-v1","task_clock_ns":0,"total_ns":41024}
{"branch_misses":2722,"branches":119373,"cache_misses":0,"cache_references":4069,"correctness_pass":true,"cycles":503,"horse":"H4","instructions":817333,"mechanism_id":"restart-convergence-h4","rep":9,"schema":"campaign2-replay-row-v1","task_clock_ns":0,"total_ns":42031}
{"branch_misses":2768,"branches":119000,"cache_misses":0,"cache_references":4027,"correctness_pass":true,"cycles":513,"horse":"H4","instructions":815907,"mechanism_id":"restart-convergence-h4","rep":10,"schema":"campaign2-replay-row-v1","task_clock_ns":0,"total_ns":41704}
{"branch_misses":2829,"branches":120476,"cache_misses":0,"cache_references":3937,"correctness_pass":true,"cycles":503,"horse":"H4","instructions":822037,"mechanism_id":"restart-convergence-h4","rep":11,"schema":"campaign2-replay-row-v1","task_clock_ns":0,"total_ns":41926}
{"branch_misses":2632,"branches":119427,"cache_misses":0,"cache_references":3893,"correctness_pass":true,"cycles":495,"horse":"H4","instructions":817220,"mechanism_id":"restart-convergence-h4","rep":12,"schema":"campaign2-replay-row-v1","task_clock_ns":0,"total_ns":40945}
{"branch_misses":2750,"branches":119387,"cache_misses":0,"cache_references":3955,"correctness_pass":true,"cycles":497,"horse":"H4","instructions":817497,"mechanism_id":"restart-convergence-h4","rep":13,"schema":"campaign2-replay-row-v1","task_clock_ns":0,"total_ns":41839}
{"branch_misses":2796,"branches":119071,"cache_misses":1,"cache_references":4198,"correctness_pass":true,"cycles":532,"horse":"H4","instructions":105,"mechanism_id":"restart-convergence-h4","rep":14,"schema":"campaign2-replay-row-v1","task_clock_ns":0,"total_ns":41680}
{"branch_misses":2749,"branches":120453,"cache_misses":0,"cache_references":3954,"correctness_pass":true,"cycles":524,"horse":"H4","instructions":105,"mechanism_id":"restart-convergence-h4","rep":15,"schema":"campaign2-replay-row-v1","task_clock_ns":0,"total_ns":41715}
{"branch_misses":2672,"branches":118807,"cache_misses":0,"cache_references":3920,"correctness_pass":true,"cycles":477,"horse":"H4","instructions":105,"mechanism_id":"restart-convergence-h4","rep":16,"schema":"campaign2-replay-row-v1","task_clock_ns":0,"total_ns":41159}
{"branch_misses":2790,"branches":120477,"cache_misses":0,"cache_references":3932,"correctness_pass":true,"cycles":495,"horse":"H4","instructions":105,"mechanism_id":"restart-convergence-h4","rep":17,"schema":"campaign2-replay-row-v1","task_clock_ns":0,"total_ns":41986}
{"branch_misses":2649,"branches":119364,"cache_misses":0,"cache_references":3807,"correctness_pass":true,"cycles":486,"horse":"H4","instructions":105,"mechanism_id":"restart-convergence-h4","rep":18,"schema":"campaign2-replay-row-v1","task_clock_ns":0,"total_ns":40824}
{"branch_misses":2700,"branches":16,"cache_misses":0,"cache_references":4400,"correctness_pass":true,"cycles":602,"horse":"H4","instructions":140,"mechanism_id":"restart-convergence-h4","rep":19,"schema":"campaign2-replay-row-v1","task_clock_ns":0,"total_ns":45805}
{"branch_misses":2651,"branches":16,"cache_misses":0,"cache_references":3896,"correctness_pass":true,"cycles":647,"horse":"H4","instructions":140,"mechanism_id":"restart-convergence-h4","rep":20,"schema":"campaign2-replay-row-v1","task_clock_ns":0,"total_ns":41326}
{"branch_misses":2700,"branches":16,"cache_misses":0,"cache_references":3915,"correctness_pass":true,"cycles":611,"horse":"H4","instructions":140,"mechanism_id":"restart-convergence-h4","rep":21,"schema":"campaign2-replay-row-v1","task_clock_ns":0,"total_ns":41383}
{"branch_misses":2734,"branches":16,"cache_misses":0,"cache_references":3839,"correctness_pass":true,"cycles":595,"horse":"H4","instructions":140,"mechanism_id":"restart-convergence-h4","rep":22,"schema":"campaign2-replay-row-v1","task_clock_ns":0,"total_ns":41093}
{"branch_misses":2687,"branches":16,"cache_misses":0,"cache_references":3767,"correctness_pass":true,"cycles":650,"horse":"H4","instructions":140,"mechanism_id":"restart-convergence-h4","rep":23,"schema":"campaign2-replay-row-v1","task_clock_ns":0,"total_ns":40341}
{"branch_misses":2683,"branches":24,"cache_misses":0,"cache_references":3935,"correctness_pass":true,"cycles":395843,"horse":"H4","instructions":819350,"mechanism_id":"restart-convergence-h4","rep":24,"schema":"campaign2-replay-row-v1","task_clock_ns":0,"total_ns":41810}
{"branch_misses":2608,"branches":24,"cache_misses":1,"cache_references":3874,"correctness_pass":true,"cycles":392174,"horse":"H4","instructions":817233,"mechanism_id":"restart-convergence-h4","rep":25,"schema":"campaign2-replay-row-v1","task_clock_ns":0,"total_ns":41002}
{"branch_misses":2748,"branches":24,"cache_misses":0,"cache_references":3860,"correctness_pass":true,"cycles":394047,"horse":"H4","instructions":818855,"mechanism_id":"restart-convergence-h4","rep":26,"schema":"campaign2-replay-row-v1","task_clock_ns":0,"total_ns":40902}
{"branch_misses":2598,"branches":24,"cache_misses":1,"cache_references":3865,"correctness_pass":true,"cycles":391214,"horse":"H4","instructions":816268,"mechanism_id":"restart-convergence-h4","rep":27,"schema":"campaign2-replay-row-v1","task_clock_ns":0,"total_ns":41167}
{"branch_misses":2554,"branches":6561,"cache_misses":1,"cache_references":4327,"correctness_pass":true,"cycles":401715,"horse":"H4","instructions":819009,"mechanism_id":"restart-convergence-h4","rep":28,"schema":"campaign2-replay-row-v1","task_clock_ns":0,"total_ns":41506}
{"branch_misses":2,"branches":119184,"cache_misses":0,"cache_references":4026,"correctness_pass":true,"cycles":395022,"horse":"H4","instructions":816839,"mechanism_id":"restart-convergence-h4","rep":29,"schema":"campaign2-replay-row-v1","task_clock_ns":0,"total_ns":41429}
{"branch_misses":79423,"branches":2396928,"cache_misses":4,"cache_references":103293,"cycles":5959996,"horse":"H4","instructions":16358846,"perf_available":true,"region":"measured_region","reps":30,"schema":"campaign2-replay-total-v1","task_clock_ns":0}
[ perf record: Woken up 11 times to write data ]
[ perf record: Captured and wrote 2.573 MB results/campaign-2/profiling/perf-record/slot-P02-H4.data (319 samples) ]
