{"build_identity":{"build_profile_id":"release-primary-v1","cargo_lock_sha256":"e0be2368997363c38b478040ad06f071f73048fb7788c66171d3c69bf4eedde1","runner_git_commit":"f6262716daddf8b5151de0b2b0e2879d3e838b2b","rustc":"rustc 1.97.1 (8bab26f4f 2026-07-14)","target":"x86_64-unknown-linux-gnu"},"case_id":"388357ffb2572b4081daf01d486ce477b986e9984c7e32eca9404f5bb9a66347","cell_id":"C2-F-64","executable_sha256":"b864fe5331c021d77f5446134d1308b0b804328ad068538b0fc32fa586064810","horse":"H1","post_bytes":131040,"region_scope":"measured_region","reps":30,"schema":"campaign2-replay-header-v1","setup_only":false,"source_bytes":131072,"surface":"controlled"}
{"branch_misses":8429,"branches":3552707,"cache_misses":16,"cache_references":94876,"correctness_pass":true,"cycles":3561159,"horse":"H1","instructions":14366904,"mechanism_id":"block-local-reparse-h1","rep":0,"schema":"campaign2-replay-row-v1","task_clock_ns":0,"total_ns":1654058}
{"branch_misses":4515,"branches":867288,"cache_misses":2,"cache_references":77748,"correctness_pass":true,"cycles":6348787,"horse":"H1","instructions":15556508,"mechanism_id":"block-local-reparse-h1","rep":1,"schema":"campaign2-replay-row-v1","task_clock_ns":0,"total_ns":1127073}
{"branch_misses":8054,"branches":3555692,"cache_misses":1,"cache_references":85224,"correctness_pass":true,"cycles":6731157,"horse":"H1","instructions":21568516,"mechanism_id":"block-local-reparse-h1","rep":2,"schema":"campaign2-replay-row-v1","task_clock_ns":0,"total_ns":1107122}
{"branch_misses":7115,"branches":2060201,"cache_misses":5,"cache_references":118315,"correctness_pass":true,"cycles":5175595,"horse":"H1","instructions":4097889,"mechanism_id":"block-local-reparse-h1","rep":3,"schema":"campaign2-replay-row-v1","task_clock_ns":0,"total_ns":1101239}
{"branch_misses":6627,"branches":3555582,"cache_misses":0,"cache_references":47710,"correctness_pass":true,"cycles":7903554,"horse":"H1","instructions":21568384,"mechanism_id":"block-local-reparse-h1","rep":4,"schema":"campaign2-replay-row-v1","task_clock_ns":0,"total_ns":1104710}
{"branch_misses":7948,"branches":2475347,"cache_misses":13,"cache_references":115194,"correctness_pass":true,"cycles":4365449,"horse":"H1","instructions":5170281,"mechanism_id":"block-local-reparse-h1","rep":5,"schema":"campaign2-replay-row-v1","task_clock_ns":0,"total_ns":1176831}
{"branch_misses":4723,"branches":3555460,"cache_misses":0,"cache_references":31973,"correctness_pass":true,"cycles":8451163,"horse":"H1","instructions":21568253,"mechanism_id":"block-local-reparse-h1","rep":6,"schema":"campaign2-replay-row-v1","task_clock_ns":0,"total_ns":1153174}
{"branch_misses":8117,"branches":2687855,"cache_misses":0,"cache_references":114751,"correctness_pass":true,"cycles":3182702,"horse":"H1","instructions":4919184,"mechanism_id":"block-local-reparse-h1","rep":7,"schema":"campaign2-replay-row-v1","task_clock_ns":0,"total_ns":1094854}
{"branch_misses":1051,"branches":1926021,"cache_misses":0,"cache_references":32360,"correctness_pass":true,"cycles":8928198,"horse":"H1","instructions":21561385,"mechanism_id":"block-local-reparse-h1","rep":8,"schema":"campaign2-replay-row-v1","task_clock_ns":0,"total_ns":1100190}
{"branch_misses":8253,"branches":2819637,"cache_misses":1,"cache_references":113845,"correctness_pass":true,"cycles":380006,"horse":"H1","instructions":8953837,"mechanism_id":"block-local-reparse-h1","rep":9,"schema":"campaign2-replay-row-v1","task_clock_ns":0,"total_ns":1085742}
{"branch_misses":3247,"branches":3037346,"cache_misses":0,"cache_references":61866,"correctness_pass":true,"cycles":8921028,"horse":"H1","instructions":21563702,"mechanism_id":"block-local-reparse-h1","rep":10,"schema":"campaign2-replay-row-v1","task_clock_ns":0,"total_ns":1092035}
{"branch_misses":10165,"branches":3507573,"cache_misses":0,"cache_references":113149,"correctness_pass":true,"cycles":1957321,"horse":"H1","instructions":11969368,"mechanism_id":"block-local-reparse-h1","rep":11,"schema":"campaign2-replay-row-v1","task_clock_ns":0,"total_ns":1116653}
{"branch_misses":4673,"branches":2130645,"cache_misses":0,"cache_references":75117,"correctness_pass":true,"cycles":8817044,"horse":"H1","instructions":21558914,"mechanism_id":"block-local-reparse-h1","rep":12,"schema":"campaign2-replay-row-v1","task_clock_ns":0,"total_ns":1083637}
{"branch_misses":11818,"branches":3555105,"cache_misses":0,"cache_references":106609,"correctness_pass":true,"cycles":3670617,"horse":"H1","instructions":17596035,"mechanism_id":"block-local-reparse-h1","rep":13,"schema":"campaign2-replay-row-v1","task_clock_ns":0,"total_ns":1105204}
{"branch_misses":6532,"branches":824481,"cache_misses":0,"cache_references":89015,"correctness_pass":true,"cycles":7899005,"horse":"H1","instructions":20306679,"mechanism_id":"block-local-reparse-h1","rep":14,"schema":"campaign2-replay-row-v1","task_clock_ns":0,"total_ns":1102215}
{"branch_misses":8332,"branches":3554335,"cache_misses":0,"cache_references":85111,"correctness_pass":true,"cycles":5329156,"horse":"H1","instructions":21559422,"mechanism_id":"block-local-reparse-h1","rep":15,"schema":"campaign2-replay-row-v1","task_clock_ns":0,"total_ns":1073513}
{"branch_misses":8355,"branches":2686643,"cache_misses":1,"cache_references":110281,"correctness_pass":true,"cycles":2355855,"horse":"H1","instructions":6827673,"mechanism_id":"block-local-reparse-h1","rep":16,"schema":"campaign2-replay-row-v1","task_clock_ns":0,"total_ns":1074484}
{"branch_misses":2435,"branches":3531835,"cache_misses":0,"cache_references":41395,"correctness_pass":true,"cycles":7060896,"horse":"H1","instructions":21559197,"mechanism_id":"block-local-reparse-h1","rep":17,"schema":"campaign2-replay-row-v1","task_clock_ns":0,"total_ns":1080026}
{"branch_misses":8057,"branches":2468030,"cache_misses":0,"cache_references":109390,"correctness_pass":true,"cycles":4280945,"horse":"H1","instructions":4337378,"mechanism_id":"block-local-reparse-h1","rep":18,"schema":"campaign2-replay-row-v1","task_clock_ns":0,"total_ns":1111213}
{"branch_misses":4442,"branches":3553908,"cache_misses":0,"cache_references":28141,"correctness_pass":true,"cycles":8724229,"horse":"H1","instructions":21558013,"mechanism_id":"block-local-reparse-h1","rep":19,"schema":"campaign2-replay-row-v1","task_clock_ns":0,"total_ns":1066133}
{"branch_misses":8458,"branches":3556347,"cache_misses":0,"cache_references":110224,"correctness_pass":true,"cycles":3272021,"horse":"H1","instructions":16420262,"mechanism_id":"block-local-reparse-h1","rep":20,"schema":"campaign2-replay-row-v1","task_clock_ns":0,"total_ns":1079285}
{"branch_misses":1229,"branches":1199378,"cache_misses":0,"cache_references":54151,"correctness_pass":true,"cycles":7932543,"horse":"H1","instructions":20422247,"mechanism_id":"block-local-reparse-h1","rep":21,"schema":"campaign2-replay-row-v1","task_clock_ns":0,"total_ns":1094436}
{"branch_misses":8214,"branches":3537952,"cache_misses":0,"cache_references":110372,"correctness_pass":true,"cycles":1814985,"horse":"H1","instructions":12020969,"mechanism_id":"block-local-reparse-h1","rep":22,"schema":"campaign2-replay-row-v1","task_clock_ns":0,"total_ns":1075628}
{"branch_misses":4855,"branches":2031787,"cache_misses":0,"cache_references":75409,"correctness_pass":true,"cycles":8768040,"horse":"H1","instructions":21564215,"mechanism_id":"block-local-reparse-h1","rep":23,"schema":"campaign2-replay-row-v1","task_clock_ns":0,"total_ns":1076644}
{"branch_misses":8369,"branches":3556109,"cache_misses":0,"cache_references":102313,"correctness_pass":true,"cycles":3886974,"horse":"H1","instructions":18467221,"mechanism_id":"block-local-reparse-h1","rep":24,"schema":"campaign2-replay-row-v1","task_clock_ns":0,"total_ns":1070290}
{"branch_misses":7028,"branches":948923,"cache_misses":0,"cache_references":106477,"correctness_pass":true,"cycles":7304249,"horse":"H1","instructions":18531032,"mechanism_id":"block-local-reparse-h1","rep":25,"schema":"campaign2-replay-row-v1","task_clock_ns":0,"total_ns":1077201}
{"branch_misses":8335,"branches":3553030,"cache_misses":0,"cache_references":80257,"correctness_pass":true,"cycles":5892957,"horse":"H1","instructions":21553986,"mechanism_id":"block-local-reparse-h1","rep":26,"schema":"campaign2-replay-row-v1","task_clock_ns":0,"total_ns":1077022}
{"branch_misses":7166,"branches":1950203,"cache_misses":0,"cache_references":109742,"correctness_pass":true,"cycles":5219057,"horse":"H1","instructions":3904972,"mechanism_id":"block-local-reparse-h1","rep":27,"schema":"campaign2-replay-row-v1","task_clock_ns":0,"total_ns":1075174}
{"branch_misses":6240,"branches":3553463,"cache_misses":0,"cache_references":31070,"correctness_pass":true,"cycles":8047204,"horse":"H1","instructions":21555198,"mechanism_id":"block-local-reparse-h1","rep":28,"schema":"campaign2-replay-row-v1","task_clock_ns":0,"total_ns":1074791}
{"branch_misses":8319,"branches":2685450,"cache_misses":0,"cache_references":110130,"correctness_pass":true,"cycles":3082140,"horse":"H1","instructions":4888873,"mechanism_id":"block-local-reparse-h1","rep":29,"schema":"campaign2-replay-row-v1","task_clock_ns":0,"total_ns":1078521}
{"branch_misses":201101,"branches":82478333,"cache_misses":39,"cache_references":2542215,"cycles":169264036,"horse":"H1","instructions":467496497,"perf_available":true,"region":"measured_region","reps":30,"schema":"campaign2-replay-total-v1","task_clock_ns":0}
[ perf record: Woken up 3 times to write data ]
[ perf record: Captured and wrote 0.683 MB results/campaign-2/profiling/perf-record/slot-P09-H1.data (84 samples) ]
