{"build_identity":{"build_profile_id":"release-primary-v1","cargo_lock_sha256":"e0be2368997363c38b478040ad06f071f73048fb7788c66171d3c69bf4eedde1","runner_git_commit":"f6262716daddf8b5151de0b2b0e2879d3e838b2b","rustc":"rustc 1.97.1 (8bab26f4f 2026-07-14)","target":"x86_64-unknown-linux-gnu"},"case_id":"e46709f6e4c8f8150c0a193e0f0185d0669b6736e15f7af0c4e989a1b4cdf0af","cell_id":"G0-CODESPAN-DELIM-BREAK|rust-book/files/src/appendix-05-editions.md|code_span#2@1546-1552","executable_sha256":"b864fe5331c021d77f5446134d1308b0b804328ad068538b0fc32fa586064810","horse":"H1","post_bytes":3075,"region_scope":"measured_region","reps":30,"schema":"campaign2-replay-header-v1","setup_only":false,"source_bytes":3074,"surface":"resident-update"}
{"branch_misses":1112,"branches":51980,"cache_misses":0,"cache_references":0,"correctness_pass":true,"cycles":147919,"horse":"H1","instructions":294208,"mechanism_id":"block-local-reparse-h1","rep":0,"schema":"campaign2-replay-row-v1","task_clock_ns":0,"total_ns":19888}
{"branch_misses":898,"branches":53133,"cache_misses":0,"cache_references":0,"correctness_pass":true,"cycles":144151,"horse":"H1","instructions":299843,"mechanism_id":"block-local-reparse-h1","rep":1,"schema":"campaign2-replay-row-v1","task_clock_ns":0,"total_ns":20145}
{"branch_misses":718,"branches":53361,"cache_misses":0,"cache_references":0,"correctness_pass":true,"cycles":139111,"horse":"H1","instructions":300699,"mechanism_id":"block-local-reparse-h1","rep":2,"schema":"campaign2-replay-row-v1","task_clock_ns":0,"total_ns":19312}
{"branch_misses":642,"branches":52964,"cache_misses":0,"cache_references":0,"correctness_pass":true,"cycles":135863,"horse":"H1","instructions":298888,"mechanism_id":"block-local-reparse-h1","rep":3,"schema":"campaign2-replay-row-v1","task_clock_ns":0,"total_ns":18731}
{"branch_misses":676,"branches":53273,"cache_misses":0,"cache_references":0,"correctness_pass":true,"cycles":139157,"horse":"H1","instructions":300381,"mechanism_id":"block-local-reparse-h1","rep":4,"schema":"campaign2-replay-row-v1","task_clock_ns":0,"total_ns":19461}
{"branch_misses":596,"branches":52966,"cache_misses":0,"cache_references":0,"correctness_pass":true,"cycles":136148,"horse":"H1","instructions":298886,"mechanism_id":"block-local-reparse-h1","rep":5,"schema":"campaign2-replay-row-v1","task_clock_ns":0,"total_ns":19135}
{"branch_misses":693,"branches":51628,"cache_misses":0,"cache_references":1568,"correctness_pass":true,"cycles":141635,"horse":"H1","instructions":292910,"mechanism_id":"block-local-reparse-h1","rep":6,"schema":"campaign2-replay-row-v1","task_clock_ns":0,"total_ns":34826}
{"branch_misses":618,"branches":53096,"cache_misses":0,"cache_references":1500,"correctness_pass":true,"cycles":136073,"horse":"H1","instructions":299723,"mechanism_id":"block-local-reparse-h1","rep":7,"schema":"campaign2-replay-row-v1","task_clock_ns":0,"total_ns":19072}
{"branch_misses":610,"branches":53347,"cache_misses":0,"cache_references":1352,"correctness_pass":true,"cycles":135325,"horse":"H1","instructions":300839,"mechanism_id":"block-local-reparse-h1","rep":8,"schema":"campaign2-replay-row-v1","task_clock_ns":0,"total_ns":18909}
{"branch_misses":589,"branches":51742,"cache_misses":0,"cache_references":1387,"correctness_pass":true,"cycles":132503,"horse":"H1","instructions":293280,"mechanism_id":"block-local-reparse-h1","rep":9,"schema":"campaign2-replay-row-v1","task_clock_ns":0,"total_ns":17993}
{"branch_misses":508,"branches":51603,"cache_misses":0,"cache_references":1441,"correctness_pass":true,"cycles":130433,"horse":"H1","instructions":292838,"mechanism_id":"block-local-reparse-h1","rep":10,"schema":"campaign2-replay-row-v1","task_clock_ns":0,"total_ns":17795}
{"branch_misses":454,"branches":51616,"cache_misses":0,"cache_references":1393,"correctness_pass":true,"cycles":128768,"horse":"H1","instructions":292796,"mechanism_id":"block-local-reparse-h1","rep":11,"schema":"campaign2-replay-row-v1","task_clock_ns":0,"total_ns":17443}
{"branch_misses":493,"branches":51785,"cache_misses":0,"cache_references":1432,"correctness_pass":true,"cycles":130629,"horse":"H1","instructions":293594,"mechanism_id":"block-local-reparse-h1","rep":12,"schema":"campaign2-replay-row-v1","task_clock_ns":0,"total_ns":17688}
{"branch_misses":546,"branches":53244,"cache_misses":0,"cache_references":1605,"correctness_pass":true,"cycles":135402,"horse":"H1","instructions":300378,"mechanism_id":"block-local-reparse-h1","rep":13,"schema":"campaign2-replay-row-v1","task_clock_ns":0,"total_ns":18844}
{"branch_misses":557,"branches":51740,"cache_misses":0,"cache_references":1566,"correctness_pass":true,"cycles":133229,"horse":"H1","instructions":293413,"mechanism_id":"block-local-reparse-h1","rep":14,"schema":"campaign2-replay-row-v1","task_clock_ns":0,"total_ns":18249}
{"branch_misses":480,"branches":51571,"cache_misses":0,"cache_references":1402,"correctness_pass":true,"cycles":130368,"horse":"H1","instructions":292633,"mechanism_id":"block-local-reparse-h1","rep":15,"schema":"campaign2-replay-row-v1","task_clock_ns":0,"total_ns":17723}
{"branch_misses":526,"branches":51529,"cache_misses":0,"cache_references":1767,"correctness_pass":true,"cycles":460,"horse":"H1","instructions":292540,"mechanism_id":"block-local-reparse-h1","rep":16,"schema":"campaign2-replay-row-v1","task_clock_ns":0,"total_ns":18502}
{"branch_misses":479,"branches":51612,"cache_misses":0,"cache_references":1461,"correctness_pass":true,"cycles":463,"horse":"H1","instructions":292828,"mechanism_id":"block-local-reparse-h1","rep":17,"schema":"campaign2-replay-row-v1","task_clock_ns":0,"total_ns":17654}
{"branch_misses":542,"branches":53055,"cache_misses":0,"cache_references":1297,"correctness_pass":true,"cycles":507,"horse":"H1","instructions":299576,"mechanism_id":"block-local-reparse-h1","rep":18,"schema":"campaign2-replay-row-v1","task_clock_ns":0,"total_ns":18547}
{"branch_misses":433,"branches":51413,"cache_misses":0,"cache_references":1382,"correctness_pass":true,"cycles":486,"horse":"H1","instructions":291999,"mechanism_id":"block-local-reparse-h1","rep":19,"schema":"campaign2-replay-row-v1","task_clock_ns":0,"total_ns":17352}
{"branch_misses":449,"branches":53179,"cache_misses":0,"cache_references":1400,"correctness_pass":true,"cycles":439,"horse":"H1","instructions":300162,"mechanism_id":"block-local-reparse-h1","rep":20,"schema":"campaign2-replay-row-v1","task_clock_ns":0,"total_ns":18387}
{"branch_misses":481,"branches":51494,"cache_misses":0,"cache_references":1329,"correctness_pass":true,"cycles":488,"horse":"H1","instructions":292394,"mechanism_id":"block-local-reparse-h1","rep":21,"schema":"campaign2-replay-row-v1","task_clock_ns":0,"total_ns":17475}
{"branch_misses":420,"branches":51395,"cache_misses":0,"cache_references":1340,"correctness_pass":true,"cycles":461,"horse":"H1","instructions":291975,"mechanism_id":"block-local-reparse-h1","rep":22,"schema":"campaign2-replay-row-v1","task_clock_ns":0,"total_ns":17487}
{"branch_misses":415,"branches":51689,"cache_misses":0,"cache_references":1346,"correctness_pass":true,"cycles":463,"horse":"H1","instructions":293221,"mechanism_id":"block-local-reparse-h1","rep":23,"schema":"campaign2-replay-row-v1","task_clock_ns":0,"total_ns":17599}
{"branch_misses":480,"branches":53017,"cache_misses":0,"cache_references":1335,"correctness_pass":true,"cycles":461,"horse":"H1","instructions":299415,"mechanism_id":"block-local-reparse-h1","rep":24,"schema":"campaign2-replay-row-v1","task_clock_ns":0,"total_ns":18333}
{"branch_misses":454,"branches":51646,"cache_misses":0,"cache_references":1398,"correctness_pass":true,"cycles":487,"horse":"H1","instructions":293061,"mechanism_id":"block-local-reparse-h1","rep":25,"schema":"campaign2-replay-row-v1","task_clock_ns":0,"total_ns":17322}
{"branch_misses":539,"branches":53321,"cache_misses":0,"cache_references":1582,"correctness_pass":true,"cycles":458,"horse":"H1","instructions":105,"mechanism_id":"block-local-reparse-h1","rep":26,"schema":"campaign2-replay-row-v1","task_clock_ns":0,"total_ns":18859}
{"branch_misses":465,"branches":51462,"cache_misses":0,"cache_references":1357,"correctness_pass":true,"cycles":462,"horse":"H1","instructions":105,"mechanism_id":"block-local-reparse-h1","rep":27,"schema":"campaign2-replay-row-v1","task_clock_ns":0,"total_ns":17372}
{"branch_misses":439,"branches":51434,"cache_misses":0,"cache_references":1547,"correctness_pass":true,"cycles":485,"horse":"H1","instructions":105,"mechanism_id":"block-local-reparse-h1","rep":28,"schema":"campaign2-replay-row-v1","task_clock_ns":0,"total_ns":17678}
{"branch_misses":438,"branches":51627,"cache_misses":0,"cache_references":1520,"correctness_pass":true,"cycles":459,"horse":"H1","instructions":105,"mechanism_id":"block-local-reparse-h1","rep":29,"schema":"campaign2-replay-row-v1","task_clock_ns":0,"total_ns":17877}
{"branch_misses":16750,"branches":1566922,"cache_misses":0,"cache_references":34707,"cycles":2183293,"horse":"H1","instructions":7692900,"perf_available":true,"region":"measured_region","reps":30,"schema":"campaign2-replay-total-v1","task_clock_ns":0}
[ perf record: Woken up 11 times to write data ]
[ perf record: Captured and wrote 2.573 MB results/campaign-2/profiling/perf-record/slot-P01-H1.data (319 samples) ]
