{"build_identity":{"build_profile_id":"release-primary-v1","cargo_lock_sha256":"e0be2368997363c38b478040ad06f071f73048fb7788c66171d3c69bf4eedde1","runner_git_commit":"f6262716daddf8b5151de0b2b0e2879d3e838b2b","rustc":"rustc 1.97.1 (8bab26f4f 2026-07-14)","target":"x86_64-unknown-linux-gnu"},"case_id":"e46709f6e4c8f8150c0a193e0f0185d0669b6736e15f7af0c4e989a1b4cdf0af","cell_id":"G0-CODESPAN-DELIM-BREAK|rust-book/files/src/appendix-05-editions.md|code_span#2@1546-1552","executable_sha256":"b864fe5331c021d77f5446134d1308b0b804328ad068538b0fc32fa586064810","horse":"H3","post_bytes":3075,"region_scope":"measured_region","reps":30,"schema":"campaign2-replay-header-v1","setup_only":false,"source_bytes":3074,"surface":"resident-update"}
{"branch_misses":819,"branches":19357,"cache_misses":0,"cache_references":0,"correctness_pass":true,"cycles":108679,"horse":"H3","instructions":185376,"mechanism_id":"old-tree-subtree-reuse-h3","rep":0,"schema":"campaign2-replay-row-v1","task_clock_ns":0,"total_ns":7374}
{"branch_misses":618,"branches":19063,"cache_misses":0,"cache_references":0,"correctness_pass":true,"cycles":106652,"horse":"H3","instructions":184016,"mechanism_id":"old-tree-subtree-reuse-h3","rep":1,"schema":"campaign2-replay-row-v1","task_clock_ns":0,"total_ns":7592}
{"branch_misses":479,"branches":19088,"cache_misses":0,"cache_references":0,"correctness_pass":true,"cycles":100883,"horse":"H3","instructions":184230,"mechanism_id":"old-tree-subtree-reuse-h3","rep":2,"schema":"campaign2-replay-row-v1","task_clock_ns":0,"total_ns":6919}
{"branch_misses":381,"branches":19006,"cache_misses":0,"cache_references":0,"correctness_pass":true,"cycles":97913,"horse":"H3","instructions":183809,"mechanism_id":"old-tree-subtree-reuse-h3","rep":3,"schema":"campaign2-replay-row-v1","task_clock_ns":0,"total_ns":6624}
{"branch_misses":397,"branches":19099,"cache_misses":0,"cache_references":1701,"correctness_pass":true,"cycles":102955,"horse":"H3","instructions":184236,"mechanism_id":"old-tree-subtree-reuse-h3","rep":4,"schema":"campaign2-replay-row-v1","task_clock_ns":0,"total_ns":7373}
{"branch_misses":312,"branches":19129,"cache_misses":0,"cache_references":1227,"correctness_pass":true,"cycles":96421,"horse":"H3","instructions":184379,"mechanism_id":"old-tree-subtree-reuse-h3","rep":5,"schema":"campaign2-replay-row-v1","task_clock_ns":0,"total_ns":6442}
{"branch_misses":272,"branches":19038,"cache_misses":0,"cache_references":1133,"correctness_pass":true,"cycles":94960,"horse":"H3","instructions":183949,"mechanism_id":"old-tree-subtree-reuse-h3","rep":6,"schema":"campaign2-replay-row-v1","task_clock_ns":0,"total_ns":6403}
{"branch_misses":275,"branches":19198,"cache_misses":0,"cache_references":1145,"correctness_pass":true,"cycles":95154,"horse":"H3","instructions":184687,"mechanism_id":"old-tree-subtree-reuse-h3","rep":7,"schema":"campaign2-replay-row-v1","task_clock_ns":0,"total_ns":6471}
{"branch_misses":211,"branches":19067,"cache_misses":0,"cache_references":1124,"correctness_pass":true,"cycles":93705,"horse":"H3","instructions":184104,"mechanism_id":"old-tree-subtree-reuse-h3","rep":8,"schema":"campaign2-replay-row-v1","task_clock_ns":0,"total_ns":6243}
{"branch_misses":225,"branches":19234,"cache_misses":0,"cache_references":1109,"correctness_pass":true,"cycles":94228,"horse":"H3","instructions":184833,"mechanism_id":"old-tree-subtree-reuse-h3","rep":9,"schema":"campaign2-replay-row-v1","task_clock_ns":0,"total_ns":6184}
{"branch_misses":239,"branches":19190,"cache_misses":0,"cache_references":1179,"correctness_pass":true,"cycles":95447,"horse":"H3","instructions":184624,"mechanism_id":"old-tree-subtree-reuse-h3","rep":10,"schema":"campaign2-replay-row-v1","task_clock_ns":0,"total_ns":6300}
{"branch_misses":179,"branches":19082,"cache_misses":0,"cache_references":1123,"correctness_pass":true,"cycles":94023,"horse":"H3","instructions":184165,"mechanism_id":"old-tree-subtree-reuse-h3","rep":11,"schema":"campaign2-replay-row-v1","task_clock_ns":0,"total_ns":6290}
{"branch_misses":183,"branches":19181,"cache_misses":0,"cache_references":1158,"correctness_pass":true,"cycles":93650,"horse":"H3","instructions":184586,"mechanism_id":"old-tree-subtree-reuse-h3","rep":12,"schema":"campaign2-replay-row-v1","task_clock_ns":0,"total_ns":6494}
{"branch_misses":248,"branches":19112,"cache_misses":0,"cache_references":1382,"correctness_pass":true,"cycles":97670,"horse":"H3","instructions":184301,"mechanism_id":"old-tree-subtree-reuse-h3","rep":13,"schema":"campaign2-replay-row-v1","task_clock_ns":0,"total_ns":6580}
{"branch_misses":295,"branches":19181,"cache_misses":0,"cache_references":1352,"correctness_pass":true,"cycles":98108,"horse":"H3","instructions":184620,"mechanism_id":"old-tree-subtree-reuse-h3","rep":14,"schema":"campaign2-replay-row-v1","task_clock_ns":0,"total_ns":6860}
{"branch_misses":256,"branches":19106,"cache_misses":0,"cache_references":1538,"correctness_pass":true,"cycles":498,"horse":"H3","instructions":184268,"mechanism_id":"old-tree-subtree-reuse-h3","rep":15,"schema":"campaign2-replay-row-v1","task_clock_ns":0,"total_ns":6882}
{"branch_misses":226,"branches":19085,"cache_misses":0,"cache_references":1193,"correctness_pass":true,"cycles":486,"horse":"H3","instructions":184210,"mechanism_id":"old-tree-subtree-reuse-h3","rep":16,"schema":"campaign2-replay-row-v1","task_clock_ns":0,"total_ns":6459}
{"branch_misses":215,"branches":19130,"cache_misses":0,"cache_references":1171,"correctness_pass":true,"cycles":500,"horse":"H3","instructions":184385,"mechanism_id":"old-tree-subtree-reuse-h3","rep":17,"schema":"campaign2-replay-row-v1","task_clock_ns":0,"total_ns":6265}
{"branch_misses":224,"branches":19189,"cache_misses":0,"cache_references":1124,"correctness_pass":true,"cycles":484,"horse":"H3","instructions":184646,"mechanism_id":"old-tree-subtree-reuse-h3","rep":18,"schema":"campaign2-replay-row-v1","task_clock_ns":0,"total_ns":6391}
{"branch_misses":195,"branches":19042,"cache_misses":0,"cache_references":1155,"correctness_pass":true,"cycles":485,"horse":"H3","instructions":183977,"mechanism_id":"old-tree-subtree-reuse-h3","rep":19,"schema":"campaign2-replay-row-v1","task_clock_ns":0,"total_ns":6132}
{"branch_misses":172,"branches":19073,"cache_misses":0,"cache_references":1120,"correctness_pass":true,"cycles":465,"horse":"H3","instructions":184141,"mechanism_id":"old-tree-subtree-reuse-h3","rep":20,"schema":"campaign2-replay-row-v1","task_clock_ns":0,"total_ns":6273}
{"branch_misses":175,"branches":19186,"cache_misses":0,"cache_references":1093,"correctness_pass":true,"cycles":482,"horse":"H3","instructions":184628,"mechanism_id":"old-tree-subtree-reuse-h3","rep":21,"schema":"campaign2-replay-row-v1","task_clock_ns":0,"total_ns":6117}
{"branch_misses":191,"branches":19236,"cache_misses":0,"cache_references":1116,"correctness_pass":true,"cycles":483,"horse":"H3","instructions":184852,"mechanism_id":"old-tree-subtree-reuse-h3","rep":22,"schema":"campaign2-replay-row-v1","task_clock_ns":0,"total_ns":6177}
{"branch_misses":173,"branches":19079,"cache_misses":0,"cache_references":1121,"correctness_pass":true,"cycles":505,"horse":"H3","instructions":184169,"mechanism_id":"old-tree-subtree-reuse-h3","rep":23,"schema":"campaign2-replay-row-v1","task_clock_ns":0,"total_ns":6195}
{"branch_misses":166,"branches":19143,"cache_misses":0,"cache_references":1107,"correctness_pass":true,"cycles":484,"horse":"H3","instructions":184446,"mechanism_id":"old-tree-subtree-reuse-h3","rep":24,"schema":"campaign2-replay-row-v1","task_clock_ns":0,"total_ns":6217}
{"branch_misses":176,"branches":19069,"cache_misses":0,"cache_references":1117,"correctness_pass":true,"cycles":475,"horse":"H3","instructions":184111,"mechanism_id":"old-tree-subtree-reuse-h3","rep":25,"schema":"campaign2-replay-row-v1","task_clock_ns":0,"total_ns":6117}
{"branch_misses":210,"branches":19146,"cache_misses":0,"cache_references":1511,"correctness_pass":true,"cycles":509,"horse":"H3","instructions":105,"mechanism_id":"old-tree-subtree-reuse-h3","rep":26,"schema":"campaign2-replay-row-v1","task_clock_ns":0,"total_ns":6461}
{"branch_misses":193,"branches":19118,"cache_misses":0,"cache_references":1173,"correctness_pass":true,"cycles":511,"horse":"H3","instructions":105,"mechanism_id":"old-tree-subtree-reuse-h3","rep":27,"schema":"campaign2-replay-row-v1","task_clock_ns":0,"total_ns":6232}
{"branch_misses":210,"branches":19085,"cache_misses":0,"cache_references":1366,"correctness_pass":true,"cycles":474,"horse":"H3","instructions":105,"mechanism_id":"old-tree-subtree-reuse-h3","rep":28,"schema":"campaign2-replay-row-v1","task_clock_ns":0,"total_ns":6539}
{"branch_misses":231,"branches":19127,"cache_misses":0,"cache_references":1324,"correctness_pass":true,"cycles":496,"horse":"H3","instructions":105,"mechanism_id":"old-tree-subtree-reuse-h3","rep":29,"schema":"campaign2-replay-row-v1","task_clock_ns":0,"total_ns":6580}
{"branch_misses":8146,"branches":573839,"cache_misses":0,"cache_references":31862,"cycles":1477785,"horse":"H3","instructions":4794168,"perf_available":true,"region":"measured_region","reps":30,"schema":"campaign2-replay-total-v1","task_clock_ns":0}
[ perf record: Woken up 11 times to write data ]
[ perf record: Captured and wrote 2.565 MB results/campaign-2/profiling/perf-record/slot-P01-H3.data (318 samples) ]
