{"build_identity":{"build_profile_id":"release-primary-v1","cargo_lock_sha256":"e0be2368997363c38b478040ad06f071f73048fb7788c66171d3c69bf4eedde1","runner_git_commit":"f6262716daddf8b5151de0b2b0e2879d3e838b2b","rustc":"rustc 1.97.1 (8bab26f4f 2026-07-14)","target":"x86_64-unknown-linux-gnu"},"case_id":"0733920a7b1e448996b0b0b5dece93542d310d5563fffaeab37201e28568a482","cell_id":"C2-D-64KiB","executable_sha256":"b864fe5331c021d77f5446134d1308b0b804328ad068538b0fc32fa586064810","horse":"H3","post_bytes":131069,"region_scope":"measured_region","reps":30,"schema":"campaign2-replay-header-v1","setup_only":false,"source_bytes":131072,"surface":"controlled"}
{"branch_misses":8034,"branches":5575331,"cache_misses":0,"cache_references":966313,"correctness_pass":true,"cycles":38556826,"horse":"H3","instructions":31277014,"mechanism_id":"old-tree-subtree-reuse-h3","rep":0,"schema":"campaign2-replay-row-v1","task_clock_ns":0,"total_ns":19398649}
{"branch_misses":7925,"branches":5165518,"cache_misses":1,"cache_references":951584,"correctness_pass":true,"cycles":37279372,"horse":"H3","instructions":31049992,"mechanism_id":"old-tree-subtree-reuse-h3","rep":1,"schema":"campaign2-replay-row-v1","task_clock_ns":0,"total_ns":19123741}
{"branch_misses":8090,"branches":4709137,"cache_misses":2,"cache_references":884628,"correctness_pass":true,"cycles":36329875,"horse":"H3","instructions":30985772,"mechanism_id":"old-tree-subtree-reuse-h3","rep":2,"schema":"campaign2-replay-row-v1","task_clock_ns":0,"total_ns":18725945}
{"branch_misses":6866,"branches":4752885,"cache_misses":1,"cache_references":890591,"correctness_pass":true,"cycles":38155342,"horse":"H3","instructions":31296916,"mechanism_id":"old-tree-subtree-reuse-h3","rep":3,"schema":"campaign2-replay-row-v1","task_clock_ns":0,"total_ns":19494915}
{"branch_misses":7630,"branches":5166974,"cache_misses":1,"cache_references":929305,"correctness_pass":true,"cycles":38678399,"horse":"H3","instructions":31568411,"mechanism_id":"old-tree-subtree-reuse-h3","rep":4,"schema":"campaign2-replay-row-v1","task_clock_ns":0,"total_ns":19720224}
{"branch_misses":9463,"branches":4800882,"cache_misses":0,"cache_references":805193,"correctness_pass":true,"cycles":36640714,"horse":"H3","instructions":29100749,"mechanism_id":"old-tree-subtree-reuse-h3","rep":5,"schema":"campaign2-replay-row-v1","task_clock_ns":0,"total_ns":18803873}
{"branch_misses":8480,"branches":5055625,"cache_misses":1,"cache_references":846564,"correctness_pass":true,"cycles":36731946,"horse":"H3","instructions":24304336,"mechanism_id":"old-tree-subtree-reuse-h3","rep":6,"schema":"campaign2-replay-row-v1","task_clock_ns":0,"total_ns":18783932}
{"branch_misses":9503,"branches":5312984,"cache_misses":0,"cache_references":888062,"correctness_pass":true,"cycles":38658699,"horse":"H3","instructions":25015416,"mechanism_id":"old-tree-subtree-reuse-h3","rep":7,"schema":"campaign2-replay-row-v1","task_clock_ns":0,"total_ns":19174784}
{"branch_misses":9590,"branches":5745024,"cache_misses":0,"cache_references":816629,"correctness_pass":true,"cycles":40188836,"horse":"H3","instructions":26762190,"mechanism_id":"old-tree-subtree-reuse-h3","rep":8,"schema":"campaign2-replay-row-v1","task_clock_ns":0,"total_ns":18713070}
{"branch_misses":9706,"branches":5495265,"cache_misses":0,"cache_references":905684,"correctness_pass":true,"cycles":41433370,"horse":"H3","instructions":28314093,"mechanism_id":"old-tree-subtree-reuse-h3","rep":9,"schema":"campaign2-replay-row-v1","task_clock_ns":0,"total_ns":19107528}
{"branch_misses":9857,"branches":5537333,"cache_misses":0,"cache_references":884906,"correctness_pass":true,"cycles":41054371,"horse":"H3","instructions":29920205,"mechanism_id":"old-tree-subtree-reuse-h3","rep":10,"schema":"campaign2-replay-row-v1","task_clock_ns":0,"total_ns":19283737}
{"branch_misses":9748,"branches":5508529,"cache_misses":0,"cache_references":900004,"correctness_pass":true,"cycles":41429682,"horse":"H3","instructions":31944093,"mechanism_id":"old-tree-subtree-reuse-h3","rep":11,"schema":"campaign2-replay-row-v1","task_clock_ns":0,"total_ns":19187128}
{"branch_misses":9822,"branches":5472742,"cache_misses":0,"cache_references":825144,"correctness_pass":true,"cycles":40867009,"horse":"H3","instructions":31210236,"mechanism_id":"old-tree-subtree-reuse-h3","rep":12,"schema":"campaign2-replay-row-v1","task_clock_ns":0,"total_ns":18686698}
{"branch_misses":9179,"branches":5518667,"cache_misses":0,"cache_references":932624,"correctness_pass":true,"cycles":40722108,"horse":"H3","instructions":30209371,"mechanism_id":"old-tree-subtree-reuse-h3","rep":13,"schema":"campaign2-replay-row-v1","task_clock_ns":0,"total_ns":19043892}
{"branch_misses":8371,"branches":5558310,"cache_misses":0,"cache_references":874971,"correctness_pass":true,"cycles":37139741,"horse":"H3","instructions":31275958,"mechanism_id":"old-tree-subtree-reuse-h3","rep":14,"schema":"campaign2-replay-row-v1","task_clock_ns":0,"total_ns":18968421}
{"branch_misses":8122,"branches":4967312,"cache_misses":0,"cache_references":900035,"correctness_pass":true,"cycles":35236701,"horse":"H3","instructions":30714141,"mechanism_id":"old-tree-subtree-reuse-h3","rep":15,"schema":"campaign2-replay-row-v1","task_clock_ns":0,"total_ns":18409091}
{"branch_misses":8853,"branches":4809585,"cache_misses":0,"cache_references":866925,"correctness_pass":true,"cycles":37171756,"horse":"H3","instructions":29277785,"mechanism_id":"old-tree-subtree-reuse-h3","rep":16,"schema":"campaign2-replay-row-v1","task_clock_ns":0,"total_ns":18977931}
{"branch_misses":6481,"branches":4877206,"cache_misses":0,"cache_references":1024828,"correctness_pass":true,"cycles":40166080,"horse":"H3","instructions":31635599,"mechanism_id":"old-tree-subtree-reuse-h3","rep":17,"schema":"campaign2-replay-row-v1","task_clock_ns":0,"total_ns":19837512}
{"branch_misses":8965,"branches":4847922,"cache_misses":2,"cache_references":856963,"correctness_pass":true,"cycles":37323058,"horse":"H3","instructions":28805247,"mechanism_id":"old-tree-subtree-reuse-h3","rep":18,"schema":"campaign2-replay-row-v1","task_clock_ns":0,"total_ns":19009187}
{"branch_misses":8245,"branches":4926405,"cache_misses":1,"cache_references":855303,"correctness_pass":true,"cycles":38166567,"horse":"H3","instructions":27896644,"mechanism_id":"old-tree-subtree-reuse-h3","rep":19,"schema":"campaign2-replay-row-v1","task_clock_ns":0,"total_ns":19245230}
{"branch_misses":8644,"branches":5344816,"cache_misses":0,"cache_references":831754,"correctness_pass":true,"cycles":37487874,"horse":"H3","instructions":24575952,"mechanism_id":"old-tree-subtree-reuse-h3","rep":20,"schema":"campaign2-replay-row-v1","task_clock_ns":0,"total_ns":18867029}
{"branch_misses":9806,"branches":4722097,"cache_misses":3,"cache_references":914580,"correctness_pass":true,"cycles":39672764,"horse":"H3","instructions":26119550,"mechanism_id":"old-tree-subtree-reuse-h3","rep":21,"schema":"campaign2-replay-row-v1","task_clock_ns":0,"total_ns":19802238}
{"branch_misses":8456,"branches":4990000,"cache_misses":18,"cache_references":852350,"correctness_pass":true,"cycles":37430323,"horse":"H3","instructions":25646148,"mechanism_id":"old-tree-subtree-reuse-h3","rep":22,"schema":"campaign2-replay-row-v1","task_clock_ns":0,"total_ns":19374886}
{"branch_misses":8655,"branches":4915253,"cache_misses":3,"cache_references":918906,"correctness_pass":true,"cycles":38851020,"horse":"H3","instructions":26122262,"mechanism_id":"old-tree-subtree-reuse-h3","rep":23,"schema":"campaign2-replay-row-v1","task_clock_ns":0,"total_ns":19545392}
{"branch_misses":8003,"branches":5403602,"cache_misses":0,"cache_references":863727,"correctness_pass":true,"cycles":38066448,"horse":"H3","instructions":24676040,"mechanism_id":"old-tree-subtree-reuse-h3","rep":24,"schema":"campaign2-replay-row-v1","task_clock_ns":0,"total_ns":18972213}
{"branch_misses":9794,"branches":5319003,"cache_misses":1,"cache_references":877181,"correctness_pass":true,"cycles":39782133,"horse":"H3","instructions":25109281,"mechanism_id":"old-tree-subtree-reuse-h3","rep":25,"schema":"campaign2-replay-row-v1","task_clock_ns":0,"total_ns":19289967}
{"branch_misses":9672,"branches":5488886,"cache_misses":0,"cache_references":861014,"correctness_pass":true,"cycles":40331347,"horse":"H3","instructions":25744515,"mechanism_id":"old-tree-subtree-reuse-h3","rep":26,"schema":"campaign2-replay-row-v1","task_clock_ns":0,"total_ns":19027674}
{"branch_misses":9106,"branches":4732427,"cache_misses":1,"cache_references":1006071,"correctness_pass":true,"cycles":40627999,"horse":"H3","instructions":24307085,"mechanism_id":"old-tree-subtree-reuse-h3","rep":27,"schema":"campaign2-replay-row-v1","task_clock_ns":0,"total_ns":20287845}
{"branch_misses":9760,"branches":4648093,"cache_misses":0,"cache_references":889621,"correctness_pass":true,"cycles":38822288,"horse":"H3","instructions":28216300,"mechanism_id":"old-tree-subtree-reuse-h3","rep":28,"schema":"campaign2-replay-row-v1","task_clock_ns":0,"total_ns":20010783}
{"branch_misses":8231,"branches":4923376,"cache_misses":1,"cache_references":916689,"correctness_pass":true,"cycles":38978407,"horse":"H3","instructions":28274994,"mechanism_id":"old-tree-subtree-reuse-h3","rep":29,"schema":"campaign2-replay-row-v1","task_clock_ns":0,"total_ns":19492200}
{"branch_misses":263057,"branches":154291189,"cache_misses":36,"cache_references":26738149,"cycles":1161981055,"horse":"H3","instructions":851356295,"perf_available":true,"region":"measured_region","reps":30,"schema":"campaign2-replay-total-v1","task_clock_ns":0}
[ perf record: Woken up 16 times to write data ]
[ perf record: Captured and wrote 3.800 MB results/campaign-2/profiling/perf-record/slot-P07-H3.data (472 samples) ]
