{"build_identity":{"build_profile_id":"release-primary-v1","cargo_lock_sha256":"e0be2368997363c38b478040ad06f071f73048fb7788c66171d3c69bf4eedde1","runner_git_commit":"f6262716daddf8b5151de0b2b0e2879d3e838b2b","rustc":"rustc 1.97.1 (8bab26f4f 2026-07-14)","target":"x86_64-unknown-linux-gnu"},"case_id":"388357ffb2572b4081daf01d486ce477b986e9984c7e32eca9404f5bb9a66347","cell_id":"C2-F-64","executable_sha256":"b864fe5331c021d77f5446134d1308b0b804328ad068538b0fc32fa586064810","horse":"H0","post_bytes":131040,"region_scope":"measured_region","reps":30,"schema":"campaign2-replay-header-v1","setup_only":false,"source_bytes":131072,"surface":"controlled"}
{"branch_misses":7539,"branches":2771092,"cache_misses":1,"cache_references":39668,"correctness_pass":true,"cycles":5197459,"horse":"H0","instructions":17717940,"mechanism_id":"h0-full-rebuild","rep":0,"schema":"campaign2-replay-row-v1","task_clock_ns":0,"total_ns":839163}
{"branch_misses":6919,"branches":842897,"cache_misses":4,"cache_references":57569,"correctness_pass":true,"cycles":1732132,"horse":"H0","instructions":4199116,"mechanism_id":"h0-full-rebuild","rep":1,"schema":"campaign2-replay-row-v1","task_clock_ns":0,"total_ns":841168}
{"branch_misses":3373,"branches":2769308,"cache_misses":0,"cache_references":18542,"correctness_pass":true,"cycles":6861837,"horse":"H0","instructions":17711049,"mechanism_id":"h0-full-rebuild","rep":2,"schema":"campaign2-replay-row-v1","task_clock_ns":0,"total_ns":838470}
{"branch_misses":7687,"branches":2769386,"cache_misses":0,"cache_references":57494,"correctness_pass":true,"cycles":1760932,"horse":"H0","instructions":13761452,"mechanism_id":"h0-full-rebuild","rep":3,"schema":"campaign2-replay-row-v1","task_clock_ns":0,"total_ns":839999}
{"branch_misses":3671,"branches":626988,"cache_misses":0,"cache_references":37211,"correctness_pass":true,"cycles":4838002,"horse":"H0","instructions":13087328,"mechanism_id":"h0-full-rebuild","rep":4,"schema":"campaign2-replay-row-v1","task_clock_ns":0,"total_ns":840325}
{"branch_misses":7670,"branches":2770463,"cache_misses":8,"cache_references":38531,"correctness_pass":true,"cycles":5744631,"horse":"H0","instructions":17715037,"mechanism_id":"h0-full-rebuild","rep":5,"schema":"campaign2-replay-row-v1","task_clock_ns":0,"total_ns":835978}
{"branch_misses":7336,"branches":2311305,"cache_misses":0,"cache_references":56808,"correctness_pass":true,"cycles":718476,"horse":"H0","instructions":6402573,"mechanism_id":"h0-full-rebuild","rep":6,"schema":"campaign2-replay-row-v1","task_clock_ns":0,"total_ns":825293}
{"branch_misses":359,"branches":1063534,"cache_misses":9,"cache_references":20350,"correctness_pass":true,"cycles":6843355,"horse":"H0","instructions":17694474,"mechanism_id":"h0-full-rebuild","rep":7,"schema":"campaign2-replay-row-v1","task_clock_ns":0,"total_ns":835922}
{"branch_misses":7511,"branches":2765317,"cache_misses":0,"cache_references":57407,"correctness_pass":true,"cycles":3197861,"horse":"H0","instructions":17184046,"mechanism_id":"h0-full-rebuild","rep":8,"schema":"campaign2-replay-row-v1","task_clock_ns":0,"total_ns":826833}
{"branch_misses":6637,"branches":407,"cache_misses":0,"cache_references":58366,"correctness_pass":true,"cycles":3312127,"horse":"H0","instructions":9021574,"mechanism_id":"h0-full-rebuild","rep":9,"schema":"campaign2-replay-row-v1","task_clock_ns":0,"total_ns":834650}
{"branch_misses":7163,"branches":2765700,"cache_misses":3,"cache_references":7246,"correctness_pass":true,"cycles":6833464,"horse":"H0","instructions":17697125,"mechanism_id":"h0-full-rebuild","rep":10,"schema":"campaign2-replay-row-v1","task_clock_ns":0,"total_ns":815859}
{"branch_misses":7451,"branches":2766174,"cache_misses":0,"cache_references":59053,"correctness_pass":true,"cycles":710410,"horse":"H0","instructions":10436481,"mechanism_id":"h0-full-rebuild","rep":11,"schema":"campaign2-replay-row-v1","task_clock_ns":0,"total_ns":828431}
{"branch_misses":841,"branches":627580,"cache_misses":0,"cache_references":36681,"correctness_pass":true,"cycles":5828780,"horse":"H0","instructions":15994923,"mechanism_id":"h0-full-rebuild","rep":12,"schema":"campaign2-replay-row-v1","task_clock_ns":0,"total_ns":833631}
{"branch_misses":7432,"branches":2766687,"cache_misses":1,"cache_references":41390,"correctness_pass":true,"cycles":4735063,"horse":"H0","instructions":17700779,"mechanism_id":"h0-full-rebuild","rep":13,"schema":"campaign2-replay-row-v1","task_clock_ns":0,"total_ns":830032}
{"branch_misses":7537,"branches":2139549,"cache_misses":0,"cache_references":58417,"correctness_pass":true,"cycles":1776765,"horse":"H0","instructions":3525876,"mechanism_id":"h0-full-rebuild","rep":14,"schema":"campaign2-replay-row-v1","task_clock_ns":0,"total_ns":826932}
{"branch_misses":617,"branches":1724869,"cache_misses":0,"cache_references":18791,"correctness_pass":true,"cycles":6848251,"horse":"H0","instructions":17696512,"mechanism_id":"h0-full-rebuild","rep":15,"schema":"campaign2-replay-row-v1","task_clock_ns":0,"total_ns":838246}
{"branch_misses":7526,"branches":2766459,"cache_misses":0,"cache_references":58693,"correctness_pass":true,"cycles":2296752,"horse":"H0","instructions":15124129,"mechanism_id":"h0-full-rebuild","rep":16,"schema":"campaign2-replay-row-v1","task_clock_ns":0,"total_ns":829570}
{"branch_misses":4359,"branches":627519,"cache_misses":1,"cache_references":40569,"correctness_pass":true,"cycles":4742617,"horse":"H0","instructions":13040557,"mechanism_id":"h0-full-rebuild","rep":17,"schema":"campaign2-replay-row-v1","task_clock_ns":0,"total_ns":862186}
{"branch_misses":7307,"branches":2767054,"cache_misses":0,"cache_references":44563,"correctness_pass":true,"cycles":5308092,"horse":"H0","instructions":17703098,"mechanism_id":"h0-full-rebuild","rep":18,"schema":"campaign2-replay-row-v1","task_clock_ns":0,"total_ns":873854}
{"branch_misses":7130,"branches":2213419,"cache_misses":0,"cache_references":65998,"correctness_pass":true,"cycles":1016119,"horse":"H0","instructions":5384014,"mechanism_id":"h0-full-rebuild","rep":19,"schema":"campaign2-replay-row-v1","task_clock_ns":0,"total_ns":813688}
{"branch_misses":418,"branches":1150549,"cache_misses":0,"cache_references":21687,"correctness_pass":true,"cycles":6687966,"horse":"H0","instructions":17700517,"mechanism_id":"h0-full-rebuild","rep":20,"schema":"campaign2-replay-row-v1","task_clock_ns":0,"total_ns":844505}
{"branch_misses":7046,"branches":2766919,"cache_misses":1,"cache_references":65054,"correctness_pass":true,"cycles":2392144,"horse":"H0","instructions":14906036,"mechanism_id":"h0-full-rebuild","rep":21,"schema":"campaign2-replay-row-v1","task_clock_ns":0,"total_ns":854033}
{"branch_misses":4275,"branches":626407,"cache_misses":0,"cache_references":40994,"correctness_pass":true,"cycles":4678367,"horse":"H0","instructions":12848601,"mechanism_id":"h0-full-rebuild","rep":22,"schema":"campaign2-replay-row-v1","task_clock_ns":0,"total_ns":860079}
{"branch_misses":7094,"branches":2766455,"cache_misses":0,"cache_references":44690,"correctness_pass":true,"cycles":5814732,"horse":"H0","instructions":17700011,"mechanism_id":"h0-full-rebuild","rep":23,"schema":"campaign2-replay-row-v1","task_clock_ns":0,"total_ns":812756}
{"branch_misses":7084,"branches":2519143,"cache_misses":0,"cache_references":65816,"correctness_pass":true,"cycles":380205,"horse":"H0","instructions":7150271,"mechanism_id":"h0-full-rebuild","rep":24,"schema":"campaign2-replay-row-v1","task_clock_ns":0,"total_ns":812049}
{"branch_misses":432,"branches":1331681,"cache_misses":1,"cache_references":22099,"correctness_pass":true,"cycles":6790490,"horse":"H0","instructions":17700215,"mechanism_id":"h0-full-rebuild","rep":25,"schema":"campaign2-replay-row-v1","task_clock_ns":0,"total_ns":914794}
{"branch_misses":7310,"branches":2765670,"cache_misses":0,"cache_references":66419,"correctness_pass":true,"cycles":2818579,"horse":"H0","instructions":16486887,"mechanism_id":"h0-full-rebuild","rep":26,"schema":"campaign2-replay-row-v1","task_clock_ns":0,"total_ns":814338}
{"branch_misses":6275,"branches":16,"cache_misses":0,"cache_references":65089,"correctness_pass":true,"cycles":3404023,"horse":"H0","instructions":9349752,"mechanism_id":"h0-full-rebuild","rep":27,"schema":"campaign2-replay-row-v1","task_clock_ns":0,"total_ns":816324}
{"branch_misses":7009,"branches":2766536,"cache_misses":0,"cache_references":7774,"correctness_pass":true,"cycles":6714655,"horse":"H0","instructions":17699703,"mechanism_id":"h0-full-rebuild","rep":28,"schema":"campaign2-replay-row-v1","task_clock_ns":0,"total_ns":801749}
{"branch_misses":7290,"branches":2766448,"cache_misses":0,"cache_references":66599,"correctness_pass":true,"cycles":745238,"horse":"H0","instructions":10812279,"mechanism_id":"h0-full-rebuild","rep":29,"schema":"campaign2-replay-row-v1","task_clock_ns":0,"total_ns":813555}
{"branch_misses":170298,"branches":59315531,"cache_misses":29,"cache_references":1339568,"cycles":120729524,"horse":"H0","instructions":411152355,"perf_available":true,"region":"measured_region","reps":30,"schema":"campaign2-replay-total-v1","task_clock_ns":0}
[ perf record: Woken up 3 times to write data ]
[ perf record: Captured and wrote 0.563 MB results/campaign-2/profiling/perf-record/slot-P09-H0.data (69 samples) ]
