{"build_identity":{"build_profile_id":"release-primary-v1","cargo_lock_sha256":"e0be2368997363c38b478040ad06f071f73048fb7788c66171d3c69bf4eedde1","runner_git_commit":"f6262716daddf8b5151de0b2b0e2879d3e838b2b","rustc":"rustc 1.97.1 (8bab26f4f 2026-07-14)","target":"x86_64-unknown-linux-gnu"},"case_id":"388357ffb2572b4081daf01d486ce477b986e9984c7e32eca9404f5bb9a66347","cell_id":"C2-F-64","executable_sha256":"b864fe5331c021d77f5446134d1308b0b804328ad068538b0fc32fa586064810","horse":"H4","post_bytes":131040,"region_scope":"measured_region","reps":30,"schema":"campaign2-replay-header-v1","setup_only":false,"source_bytes":131072,"surface":"controlled"}
{"branch_misses":6351,"branches":3751362,"cache_misses":0,"cache_references":74300,"correctness_pass":true,"cycles":5498176,"horse":"H4","instructions":21979115,"mechanism_id":"restart-convergence-h4","rep":0,"schema":"campaign2-replay-row-v1","task_clock_ns":0,"total_ns":1124739}
{"branch_misses":3233,"branches":1083067,"cache_misses":3,"cache_references":53043,"correctness_pass":true,"cycles":7586120,"horse":"H4","instructions":19521251,"mechanism_id":"restart-convergence-h4","rep":1,"schema":"campaign2-replay-row-v1","task_clock_ns":0,"total_ns":1254140}
{"branch_misses":6442,"branches":3756323,"cache_misses":1,"cache_references":98368,"correctness_pass":true,"cycles":2237514,"horse":"H4","instructions":13646128,"mechanism_id":"restart-convergence-h4","rep":2,"schema":"campaign2-replay-row-v1","task_clock_ns":0,"total_ns":1119391}
{"branch_misses":4841,"branches":950061,"cache_misses":1,"cache_references":56448,"correctness_pass":true,"cycles":5729223,"horse":"H4","instructions":14693453,"mechanism_id":"restart-convergence-h4","rep":3,"schema":"campaign2-replay-row-v1","task_clock_ns":0,"total_ns":1160904}
{"branch_misses":7276,"branches":3754435,"cache_misses":0,"cache_references":83282,"correctness_pass":true,"cycles":3976512,"horse":"H4","instructions":18501806,"mechanism_id":"restart-convergence-h4","rep":4,"schema":"campaign2-replay-row-v1","task_clock_ns":0,"total_ns":1201584}
{"branch_misses":6283,"branches":992340,"cache_misses":0,"cache_references":82741,"correctness_pass":true,"cycles":7746099,"horse":"H4","instructions":20328309,"mechanism_id":"restart-convergence-h4","rep":5,"schema":"campaign2-replay-row-v1","task_clock_ns":0,"total_ns":1114078}
{"branch_misses":6729,"branches":3753439,"cache_misses":0,"cache_references":83834,"correctness_pass":true,"cycles":5129308,"horse":"H4","instructions":21415832,"mechanism_id":"restart-convergence-h4","rep":6,"schema":"campaign2-replay-row-v1","task_clock_ns":0,"total_ns":1118494}
{"branch_misses":6502,"branches":1431593,"cache_misses":0,"cache_references":106627,"correctness_pass":true,"cycles":6426843,"horse":"H4","instructions":16319970,"mechanism_id":"restart-convergence-h4","rep":7,"schema":"campaign2-replay-row-v1","task_clock_ns":0,"total_ns":1118766}
{"branch_misses":7176,"branches":3753042,"cache_misses":0,"cache_references":42710,"correctness_pass":true,"cycles":6916210,"horse":"H4","instructions":22600710,"mechanism_id":"restart-convergence-h4","rep":8,"schema":"campaign2-replay-row-v1","task_clock_ns":0,"total_ns":1104582}
{"branch_misses":6492,"branches":2603177,"cache_misses":0,"cache_references":96457,"correctness_pass":true,"cycles":4343960,"horse":"H4","instructions":4228007,"mechanism_id":"restart-convergence-h4","rep":9,"schema":"campaign2-replay-row-v1","task_clock_ns":0,"total_ns":1079634}
{"branch_misses":3114,"branches":3752768,"cache_misses":2,"cache_references":23274,"correctness_pass":true,"cycles":8734748,"horse":"H4","instructions":22599548,"mechanism_id":"restart-convergence-h4","rep":10,"schema":"campaign2-replay-row-v1","task_clock_ns":0,"total_ns":1176633}
{"branch_misses":7379,"branches":2802641,"cache_misses":2,"cache_references":99199,"correctness_pass":true,"cycles":2426622,"horse":"H4","instructions":7556413,"mechanism_id":"restart-convergence-h4","rep":11,"schema":"campaign2-replay-row-v1","task_clock_ns":0,"total_ns":1097596}
{"branch_misses":1175,"branches":3598559,"cache_misses":0,"cache_references":37756,"correctness_pass":true,"cycles":7563409,"horse":"H4","instructions":22619367,"mechanism_id":"restart-convergence-h4","rep":12,"schema":"campaign2-replay-row-v1","task_clock_ns":0,"total_ns":1110503}
{"branch_misses":6701,"branches":2799541,"cache_misses":0,"cache_references":88390,"correctness_pass":true,"cycles":3408075,"horse":"H4","instructions":4266706,"mechanism_id":"restart-convergence-h4","rep":13,"schema":"campaign2-replay-row-v1","task_clock_ns":0,"total_ns":1112457}
{"branch_misses":612,"branches":1932179,"cache_misses":1,"cache_references":25130,"correctness_pass":true,"cycles":8815842,"horse":"H4","instructions":22589620,"mechanism_id":"restart-convergence-h4","rep":14,"schema":"campaign2-replay-row-v1","task_clock_ns":0,"total_ns":1103447}
{"branch_misses":6810,"branches":3214555,"cache_misses":0,"cache_references":91053,"correctness_pass":true,"cycles":933002,"horse":"H4","instructions":11231619,"mechanism_id":"restart-convergence-h4","rep":15,"schema":"campaign2-replay-row-v1","task_clock_ns":0,"total_ns":1086086}
{"branch_misses":3506,"branches":951556,"cache_misses":0,"cache_references":58814,"correctness_pass":true,"cycles":6900962,"horse":"H4","instructions":18352115,"mechanism_id":"restart-convergence-h4","rep":16,"schema":"campaign2-replay-row-v1","task_clock_ns":0,"total_ns":1092751}
{"branch_misses":6585,"branches":3751424,"cache_misses":0,"cache_references":88055,"correctness_pass":true,"cycles":3101816,"horse":"H4","instructions":15578652,"mechanism_id":"restart-convergence-h4","rep":17,"schema":"campaign2-replay-row-v1","task_clock_ns":0,"total_ns":1091818}
{"branch_misses":784,"branches":1610809,"cache_misses":0,"cache_references":32115,"correctness_pass":true,"cycles":8504285,"horse":"H4","instructions":22298354,"mechanism_id":"restart-convergence-h4","rep":18,"schema":"campaign2-replay-row-v1","task_clock_ns":0,"total_ns":1098403}
{"branch_misses":6895,"branches":3488366,"cache_misses":0,"cache_references":102693,"correctness_pass":true,"cycles":1478775,"horse":"H4","instructions":11975015,"mechanism_id":"restart-convergence-h4","rep":19,"schema":"campaign2-replay-row-v1","task_clock_ns":0,"total_ns":1101119}
{"branch_misses":4639,"branches":2187950,"cache_misses":1,"cache_references":59300,"correctness_pass":true,"cycles":8816880,"horse":"H4","instructions":22610853,"mechanism_id":"restart-convergence-h4","rep":20,"schema":"campaign2-replay-row-v1","task_clock_ns":0,"total_ns":1088420}
{"branch_misses":7282,"branches":3751146,"cache_misses":0,"cache_references":79236,"correctness_pass":true,"cycles":3850036,"horse":"H4","instructions":19214161,"mechanism_id":"restart-convergence-h4","rep":21,"schema":"campaign2-replay-row-v1","task_clock_ns":0,"total_ns":1081583}
{"branch_misses":6011,"branches":1002545,"cache_misses":1,"cache_references":88833,"correctness_pass":true,"cycles":7020630,"horse":"H4","instructions":18536187,"mechanism_id":"restart-convergence-h4","rep":22,"schema":"campaign2-replay-row-v1","task_clock_ns":0,"total_ns":1077966}
{"branch_misses":7144,"branches":3753600,"cache_misses":0,"cache_references":60406,"correctness_pass":true,"cycles":6467760,"horse":"H4","instructions":22600941,"mechanism_id":"restart-convergence-h4","rep":23,"schema":"campaign2-replay-row-v1","task_clock_ns":0,"total_ns":1083241}
{"branch_misses":6414,"branches":2447110,"cache_misses":0,"cache_references":113339,"correctness_pass":true,"cycles":4628777,"horse":"H4","instructions":4691523,"mechanism_id":"restart-convergence-h4","rep":24,"schema":"campaign2-replay-row-v1","task_clock_ns":0,"total_ns":1166032}
{"branch_misses":3047,"branches":3752257,"cache_misses":0,"cache_references":21360,"correctness_pass":true,"cycles":8692583,"horse":"H4","instructions":22609557,"mechanism_id":"restart-convergence-h4","rep":25,"schema":"campaign2-replay-row-v1","task_clock_ns":0,"total_ns":1069494}
{"branch_misses":6849,"branches":3750747,"cache_misses":0,"cache_references":91806,"correctness_pass":true,"cycles":3336287,"horse":"H4","instructions":17946346,"mechanism_id":"restart-convergence-h4","rep":26,"schema":"campaign2-replay-row-v1","task_clock_ns":0,"total_ns":1080752}
{"branch_misses":2533,"branches":1150408,"cache_misses":0,"cache_references":46327,"correctness_pass":true,"cycles":7673114,"horse":"H4","instructions":20297879,"mechanism_id":"restart-convergence-h4","rep":27,"schema":"campaign2-replay-row-v1","task_clock_ns":0,"total_ns":1106084}
{"branch_misses":7263,"branches":3752498,"cache_misses":0,"cache_references":95670,"correctness_pass":true,"cycles":2329743,"horse":"H4","instructions":14549190,"mechanism_id":"restart-convergence-h4","rep":28,"schema":"campaign2-replay-row-v1","task_clock_ns":0,"total_ns":1090441}
{"branch_misses":817,"branches":1799452,"cache_misses":0,"cache_references":33410,"correctness_pass":true,"cycles":8957092,"horse":"H4","instructions":22590772,"mechanism_id":"restart-convergence-h4","rep":29,"schema":"campaign2-replay-row-v1","task_clock_ns":0,"total_ns":1158763}
{"branch_misses":156885,"branches":81078950,"cache_misses":12,"cache_references":2113976,"cycles":169230403,"horse":"H4","instructions":517949399,"perf_available":true,"region":"measured_region","reps":30,"schema":"campaign2-replay-total-v1","task_clock_ns":0}
[ perf record: Woken up 3 times to write data ]
[ perf record: Captured and wrote 0.725 MB results/campaign-2/profiling/perf-record/slot-P09-H4.data (89 samples) ]
