{"build_identity":{"build_profile_id":"release-primary-v1","cargo_lock_sha256":"e0be2368997363c38b478040ad06f071f73048fb7788c66171d3c69bf4eedde1","runner_git_commit":"f6262716daddf8b5151de0b2b0e2879d3e838b2b","rustc":"rustc 1.97.1 (8bab26f4f 2026-07-14)","target":"x86_64-unknown-linux-gnu"},"case_id":"c20431ee65a06fdd179d8ddd242fe42cafb96176afafcae6a935a1168d22eda0","cell_id":"G0-LIST-ITEM-INDENT|rust-book/files/src/appendix-06-translation.md|list_item#8@985-1039","executable_sha256":"b864fe5331c021d77f5446134d1308b0b804328ad068538b0fc32fa586064810","horse":"H0","post_bytes":1993,"region_scope":"measured_region","reps":30,"schema":"campaign2-replay-header-v1","setup_only":false,"source_bytes":1991,"surface":"resident-update"}
{"branch_misses":2081,"branches":86658,"cache_misses":0,"cache_references":0,"correctness_pass":true,"cycles":308122,"horse":"H0","instructions":659550,"mechanism_id":"h0-full-rebuild","rep":0,"schema":"campaign2-replay-row-v1","task_clock_ns":0,"total_ns":26993}
{"branch_misses":1878,"branches":87145,"cache_misses":0,"cache_references":0,"correctness_pass":true,"cycles":305275,"horse":"H0","instructions":661943,"mechanism_id":"h0-full-rebuild","rep":1,"schema":"campaign2-replay-row-v1","task_clock_ns":0,"total_ns":26603}
{"branch_misses":1831,"branches":87154,"cache_misses":0,"cache_references":0,"correctness_pass":true,"cycles":301963,"horse":"H0","instructions":661843,"mechanism_id":"h0-full-rebuild","rep":2,"schema":"campaign2-replay-row-v1","task_clock_ns":0,"total_ns":26386}
{"branch_misses":1771,"branches":87297,"cache_misses":0,"cache_references":0,"correctness_pass":true,"cycles":299854,"horse":"H0","instructions":662524,"mechanism_id":"h0-full-rebuild","rep":3,"schema":"campaign2-replay-row-v1","task_clock_ns":0,"total_ns":26465}
{"branch_misses":1691,"branches":87099,"cache_misses":0,"cache_references":7,"correctness_pass":true,"cycles":298484,"horse":"H0","instructions":661662,"mechanism_id":"h0-full-rebuild","rep":4,"schema":"campaign2-replay-row-v1","task_clock_ns":0,"total_ns":26052}
{"branch_misses":1652,"branches":86975,"cache_misses":0,"cache_references":2908,"correctness_pass":true,"cycles":300386,"horse":"H0","instructions":661135,"mechanism_id":"h0-full-rebuild","rep":5,"schema":"campaign2-replay-row-v1","task_clock_ns":0,"total_ns":25986}
{"branch_misses":1691,"branches":87456,"cache_misses":0,"cache_references":2698,"correctness_pass":true,"cycles":300607,"horse":"H0","instructions":663174,"mechanism_id":"h0-full-rebuild","rep":6,"schema":"campaign2-replay-row-v1","task_clock_ns":0,"total_ns":26416}
{"branch_misses":1602,"branches":87410,"cache_misses":0,"cache_references":2615,"correctness_pass":true,"cycles":297811,"horse":"H0","instructions":663112,"mechanism_id":"h0-full-rebuild","rep":7,"schema":"campaign2-replay-row-v1","task_clock_ns":0,"total_ns":25921}
{"branch_misses":1576,"branches":87663,"cache_misses":0,"cache_references":2576,"correctness_pass":true,"cycles":296126,"horse":"H0","instructions":663988,"mechanism_id":"h0-full-rebuild","rep":8,"schema":"campaign2-replay-row-v1","task_clock_ns":0,"total_ns":25588}
{"branch_misses":1640,"branches":87753,"cache_misses":0,"cache_references":2663,"correctness_pass":true,"cycles":298405,"horse":"H0","instructions":664583,"mechanism_id":"h0-full-rebuild","rep":9,"schema":"campaign2-replay-row-v1","task_clock_ns":0,"total_ns":26113}
{"branch_misses":1617,"branches":87256,"cache_misses":0,"cache_references":2589,"correctness_pass":true,"cycles":296411,"horse":"H0","instructions":662272,"mechanism_id":"h0-full-rebuild","rep":10,"schema":"campaign2-replay-row-v1","task_clock_ns":0,"total_ns":26070}
{"branch_misses":1675,"branches":87689,"cache_misses":0,"cache_references":3218,"correctness_pass":true,"cycles":469,"horse":"H0","instructions":664096,"mechanism_id":"h0-full-rebuild","rep":11,"schema":"campaign2-replay-row-v1","task_clock_ns":0,"total_ns":27836}
{"branch_misses":1650,"branches":88328,"cache_misses":0,"cache_references":2732,"correctness_pass":true,"cycles":465,"horse":"H0","instructions":666971,"mechanism_id":"h0-full-rebuild","rep":12,"schema":"campaign2-replay-row-v1","task_clock_ns":0,"total_ns":26229}
{"branch_misses":1679,"branches":87112,"cache_misses":0,"cache_references":2837,"correctness_pass":true,"cycles":486,"horse":"H0","instructions":661686,"mechanism_id":"h0-full-rebuild","rep":13,"schema":"campaign2-replay-row-v1","task_clock_ns":0,"total_ns":26039}
{"branch_misses":1722,"branches":87339,"cache_misses":0,"cache_references":2699,"correctness_pass":true,"cycles":458,"horse":"H0","instructions":662533,"mechanism_id":"h0-full-rebuild","rep":14,"schema":"campaign2-replay-row-v1","task_clock_ns":0,"total_ns":26797}
{"branch_misses":1649,"branches":87885,"cache_misses":0,"cache_references":2560,"correctness_pass":true,"cycles":461,"horse":"H0","instructions":664903,"mechanism_id":"h0-full-rebuild","rep":15,"schema":"campaign2-replay-row-v1","task_clock_ns":0,"total_ns":26376}
{"branch_misses":1583,"branches":87354,"cache_misses":0,"cache_references":2577,"correctness_pass":true,"cycles":496,"horse":"H0","instructions":662489,"mechanism_id":"h0-full-rebuild","rep":16,"schema":"campaign2-replay-row-v1","task_clock_ns":0,"total_ns":25917}
{"branch_misses":1620,"branches":87093,"cache_misses":0,"cache_references":3276,"correctness_pass":true,"cycles":464,"horse":"H0","instructions":140,"mechanism_id":"h0-full-rebuild","rep":17,"schema":"campaign2-replay-row-v1","task_clock_ns":0,"total_ns":27052}
{"branch_misses":1534,"branches":87386,"cache_misses":0,"cache_references":2685,"correctness_pass":true,"cycles":457,"horse":"H0","instructions":105,"mechanism_id":"h0-full-rebuild","rep":18,"schema":"campaign2-replay-row-v1","task_clock_ns":0,"total_ns":26119}
{"branch_misses":1556,"branches":87528,"cache_misses":0,"cache_references":2618,"correctness_pass":true,"cycles":458,"horse":"H0","instructions":105,"mechanism_id":"h0-full-rebuild","rep":19,"schema":"campaign2-replay-row-v1","task_clock_ns":0,"total_ns":25966}
{"branch_misses":1577,"branches":87496,"cache_misses":0,"cache_references":2622,"correctness_pass":true,"cycles":464,"horse":"H0","instructions":105,"mechanism_id":"h0-full-rebuild","rep":20,"schema":"campaign2-replay-row-v1","task_clock_ns":0,"total_ns":26064}
{"branch_misses":1593,"branches":86812,"cache_misses":0,"cache_references":2602,"correctness_pass":true,"cycles":477,"horse":"H0","instructions":105,"mechanism_id":"h0-full-rebuild","rep":21,"schema":"campaign2-replay-row-v1","task_clock_ns":0,"total_ns":26030}
{"branch_misses":1522,"branches":87652,"cache_misses":0,"cache_references":2588,"correctness_pass":true,"cycles":479,"horse":"H0","instructions":105,"mechanism_id":"h0-full-rebuild","rep":22,"schema":"campaign2-replay-row-v1","task_clock_ns":0,"total_ns":26162}
{"branch_misses":1527,"branches":57801,"cache_misses":0,"cache_references":3234,"correctness_pass":true,"cycles":470,"horse":"H0","instructions":105,"mechanism_id":"h0-full-rebuild","rep":23,"schema":"campaign2-replay-row-v1","task_clock_ns":0,"total_ns":25523}
{"branch_misses":1637,"branches":16,"cache_misses":0,"cache_references":2685,"correctness_pass":true,"cycles":582,"horse":"H0","instructions":140,"mechanism_id":"h0-full-rebuild","rep":24,"schema":"campaign2-replay-row-v1","task_clock_ns":0,"total_ns":25949}
{"branch_misses":1645,"branches":16,"cache_misses":0,"cache_references":2897,"correctness_pass":true,"cycles":588,"horse":"H0","instructions":140,"mechanism_id":"h0-full-rebuild","rep":25,"schema":"campaign2-replay-row-v1","task_clock_ns":0,"total_ns":31051}
{"branch_misses":1546,"branches":16,"cache_misses":0,"cache_references":2627,"correctness_pass":true,"cycles":584,"horse":"H0","instructions":140,"mechanism_id":"h0-full-rebuild","rep":26,"schema":"campaign2-replay-row-v1","task_clock_ns":0,"total_ns":25912}
{"branch_misses":1473,"branches":16,"cache_misses":0,"cache_references":2655,"correctness_pass":true,"cycles":592,"horse":"H0","instructions":140,"mechanism_id":"h0-full-rebuild","rep":27,"schema":"campaign2-replay-row-v1","task_clock_ns":0,"total_ns":25206}
{"branch_misses":1549,"branches":16,"cache_misses":0,"cache_references":2629,"correctness_pass":true,"cycles":581,"horse":"H0","instructions":140,"mechanism_id":"h0-full-rebuild","rep":28,"schema":"campaign2-replay-row-v1","task_clock_ns":0,"total_ns":26012}
{"branch_misses":1314,"branches":16,"cache_misses":0,"cache_references":3192,"correctness_pass":true,"cycles":32638,"horse":"H0","instructions":46980,"mechanism_id":"h0-full-rebuild","rep":29,"schema":"campaign2-replay-row-v1","task_clock_ns":0,"total_ns":25692}
{"branch_misses":49081,"branches":2067437,"cache_misses":0,"cache_references":68989,"cycles":3345113,"horse":"H0","instructions":11316914,"perf_available":true,"region":"measured_region","reps":30,"schema":"campaign2-replay-total-v1","task_clock_ns":0}
[ perf record: Woken up 11 times to write data ]
[ perf record: Captured and wrote 2.565 MB results/campaign-2/profiling/perf-record/slot-P02-H0.data (318 samples) ]
