{"build_identity":{"build_profile_id":"release-primary-v1","cargo_lock_sha256":"e0be2368997363c38b478040ad06f071f73048fb7788c66171d3c69bf4eedde1","runner_git_commit":"f6262716daddf8b5151de0b2b0e2879d3e838b2b","rustc":"rustc 1.97.1 (8bab26f4f 2026-07-14)","target":"x86_64-unknown-linux-gnu"},"case_id":"0733920a7b1e448996b0b0b5dece93542d310d5563fffaeab37201e28568a482","cell_id":"C2-D-64KiB","executable_sha256":"b864fe5331c021d77f5446134d1308b0b804328ad068538b0fc32fa586064810","horse":"H4","post_bytes":131069,"region_scope":"measured_region","reps":30,"schema":"campaign2-replay-header-v1","setup_only":false,"source_bytes":131072,"surface":"controlled"}
{"branch_misses":3286,"branches":1514404,"cache_misses":0,"cache_references":18014,"correctness_pass":true,"cycles":4357977,"horse":"H4","instructions":9741489,"mechanism_id":"restart-convergence-h4","rep":0,"schema":"campaign2-replay-row-v1","task_clock_ns":0,"total_ns":474717}
{"branch_misses":3316,"branches":1515300,"cache_misses":0,"cache_references":49965,"correctness_pass":true,"cycles":512,"horse":"H4","instructions":4891228,"mechanism_id":"restart-convergence-h4","rep":1,"schema":"campaign2-replay-row-v1","task_clock_ns":0,"total_ns":478048}
{"branch_misses":2832,"branches":16,"cache_misses":0,"cache_references":52359,"correctness_pass":true,"cycles":2219271,"horse":"H4","instructions":5508818,"mechanism_id":"restart-convergence-h4","rep":2,"schema":"campaign2-replay-row-v1","task_clock_ns":0,"total_ns":471381}
{"branch_misses":557,"branches":1514819,"cache_misses":1,"cache_references":19564,"correctness_pass":true,"cycles":4336430,"horse":"H4","instructions":9746727,"mechanism_id":"restart-convergence-h4","rep":3,"schema":"campaign2-replay-row-v1","task_clock_ns":0,"total_ns":481632}
{"branch_misses":3409,"branches":1514596,"cache_misses":0,"cache_references":35052,"correctness_pass":true,"cycles":1366960,"horse":"H4","instructions":9745126,"mechanism_id":"restart-convergence-h4","rep":4,"schema":"campaign2-replay-row-v1","task_clock_ns":0,"total_ns":480471}
{"branch_misses":3235,"branches":1463098,"cache_misses":0,"cache_references":48306,"correctness_pass":true,"cycles":80295,"horse":"H4","instructions":2080131,"mechanism_id":"restart-convergence-h4","rep":5,"schema":"campaign2-replay-row-v1","task_clock_ns":0,"total_ns":594474}
{"branch_misses":1176,"branches":138084,"cache_misses":0,"cache_references":45690,"correctness_pass":true,"cycles":4284611,"horse":"H4","instructions":8782881,"mechanism_id":"restart-convergence-h4","rep":6,"schema":"campaign2-replay-row-v1","task_clock_ns":0,"total_ns":474912}
{"branch_misses":3259,"branches":1513859,"cache_misses":0,"cache_references":4699,"correctness_pass":true,"cycles":3866125,"horse":"H4","instructions":9739570,"mechanism_id":"restart-convergence-h4","rep":7,"schema":"campaign2-replay-row-v1","task_clock_ns":0,"total_ns":474884}
{"branch_misses":3352,"branches":1513346,"cache_misses":0,"cache_references":50264,"correctness_pass":true,"cycles":470,"horse":"H4","instructions":8342190,"mechanism_id":"restart-convergence-h4","rep":8,"schema":"campaign2-replay-row-v1","task_clock_ns":0,"total_ns":467387}
{"branch_misses":3050,"branches":16,"cache_misses":0,"cache_references":48753,"correctness_pass":true,"cycles":4270163,"horse":"H4","instructions":2180267,"mechanism_id":"restart-convergence-h4","rep":9,"schema":"campaign2-replay-row-v1","task_clock_ns":0,"total_ns":464283}
{"branch_misses":322,"branches":1512939,"cache_misses":0,"cache_references":31220,"correctness_pass":true,"cycles":4314009,"horse":"H4","instructions":9731498,"mechanism_id":"restart-convergence-h4","rep":10,"schema":"campaign2-replay-row-v1","task_clock_ns":0,"total_ns":483188}
{"branch_misses":3366,"branches":1513820,"cache_misses":0,"cache_references":18098,"correctness_pass":true,"cycles":2623247,"horse":"H4","instructions":9739946,"mechanism_id":"restart-convergence-h4","rep":11,"schema":"campaign2-replay-row-v1","task_clock_ns":0,"total_ns":483827}
{"branch_misses":3417,"branches":1513076,"cache_misses":2,"cache_references":47559,"correctness_pass":true,"cycles":615,"horse":"H4","instructions":4740828,"mechanism_id":"restart-convergence-h4","rep":12,"schema":"campaign2-replay-row-v1","task_clock_ns":0,"total_ns":461699}
{"branch_misses":2807,"branches":16,"cache_misses":0,"cache_references":50988,"correctness_pass":true,"cycles":4257041,"horse":"H4","instructions":6104082,"mechanism_id":"restart-convergence-h4","rep":13,"schema":"campaign2-replay-row-v1","task_clock_ns":0,"total_ns":529600}
{"branch_misses":775,"branches":1512857,"cache_misses":0,"cache_references":16432,"correctness_pass":true,"cycles":4253798,"horse":"H4","instructions":9730785,"mechanism_id":"restart-convergence-h4","rep":14,"schema":"campaign2-replay-row-v1","task_clock_ns":0,"total_ns":477004}
{"branch_misses":3379,"branches":1513107,"cache_misses":0,"cache_references":36502,"correctness_pass":true,"cycles":1150714,"horse":"H4","instructions":9735470,"mechanism_id":"restart-convergence-h4","rep":15,"schema":"campaign2-replay-row-v1","task_clock_ns":0,"total_ns":490076}
{"branch_misses":3472,"branches":1513335,"cache_misses":0,"cache_references":46503,"correctness_pass":true,"cycles":599,"horse":"H4","instructions":1607650,"mechanism_id":"restart-convergence-h4","rep":16,"schema":"campaign2-replay-row-v1","task_clock_ns":0,"total_ns":463909}
{"branch_misses":1935,"branches":2686,"cache_misses":1,"cache_references":53207,"correctness_pass":true,"cycles":4299626,"horse":"H4","instructions":8253597,"mechanism_id":"restart-convergence-h4","rep":17,"schema":"campaign2-replay-row-v1","task_clock_ns":0,"total_ns":489990}
{"branch_misses":2085,"branches":1513129,"cache_misses":0,"cache_references":2957,"correctness_pass":true,"cycles":4010947,"horse":"H4","instructions":9735155,"mechanism_id":"restart-convergence-h4","rep":18,"schema":"campaign2-replay-row-v1","task_clock_ns":0,"total_ns":483007}
{"branch_misses":3514,"branches":1513134,"cache_misses":0,"cache_references":48270,"correctness_pass":true,"cycles":477,"horse":"H4","instructions":9009454,"mechanism_id":"restart-convergence-h4","rep":19,"schema":"campaign2-replay-row-v1","task_clock_ns":0,"total_ns":471425}
{"branch_misses":3432,"branches":67018,"cache_misses":0,"cache_references":50419,"correctness_pass":true,"cycles":3849235,"horse":"H4","instructions":917229,"mechanism_id":"restart-convergence-h4","rep":20,"schema":"campaign2-replay-row-v1","task_clock_ns":0,"total_ns":455541}
{"branch_misses":238,"branches":1475240,"cache_misses":0,"cache_references":6056,"correctness_pass":true,"cycles":4232806,"horse":"H4","instructions":9739117,"mechanism_id":"restart-convergence-h4","rep":21,"schema":"campaign2-replay-row-v1","task_clock_ns":0,"total_ns":456901}
{"branch_misses":3399,"branches":1513205,"cache_misses":0,"cache_references":44198,"correctness_pass":true,"cycles":143691,"horse":"H4","instructions":9732165,"mechanism_id":"restart-convergence-h4","rep":22,"schema":"campaign2-replay-row-v1","task_clock_ns":0,"total_ns":467661}
{"branch_misses":3413,"branches":1127272,"cache_misses":0,"cache_references":49721,"correctness_pass":true,"cycles":793280,"horse":"H4","instructions":1755,"mechanism_id":"restart-convergence-h4","rep":23,"schema":"campaign2-replay-row-v1","task_clock_ns":0,"total_ns":473417}
{"branch_misses":2,"branches":398303,"cache_misses":0,"cache_references":34262,"correctness_pass":true,"cycles":4189483,"horse":"H4","instructions":9731337,"mechanism_id":"restart-convergence-h4","rep":24,"schema":"campaign2-replay-row-v1","task_clock_ns":0,"total_ns":458436}
{"branch_misses":3086,"branches":1514224,"cache_misses":0,"cache_references":16046,"correctness_pass":true,"cycles":4165759,"horse":"H4","instructions":9739703,"mechanism_id":"restart-convergence-h4","rep":25,"schema":"campaign2-replay-row-v1","task_clock_ns":0,"total_ns":449232}
{"branch_misses":3493,"branches":1513970,"cache_misses":0,"cache_references":50946,"correctness_pass":true,"cycles":471,"horse":"H4","instructions":7717638,"mechanism_id":"restart-convergence-h4","rep":26,"schema":"campaign2-replay-row-v1","task_clock_ns":0,"total_ns":455556}
{"branch_misses":3339,"branches":1045748,"cache_misses":0,"cache_references":50500,"correctness_pass":true,"cycles":1000913,"horse":"H4","instructions":2222495,"mechanism_id":"restart-convergence-h4","rep":27,"schema":"campaign2-replay-row-v1","task_clock_ns":0,"total_ns":455776}
{"branch_misses":2,"branches":467646,"cache_misses":0,"cache_references":32377,"correctness_pass":true,"cycles":4168493,"horse":"H4","instructions":9739296,"mechanism_id":"restart-convergence-h4","rep":28,"schema":"campaign2-replay-row-v1","task_clock_ns":0,"total_ns":471125}
{"branch_misses":3440,"branches":1513580,"cache_misses":0,"cache_references":16655,"correctness_pass":true,"cycles":4166899,"horse":"H4","instructions":9733760,"mechanism_id":"restart-convergence-h4","rep":29,"schema":"campaign2-replay-row-v1","task_clock_ns":0,"total_ns":452931}
{"branch_misses":76388,"branches":33431843,"cache_misses":4,"cache_references":1075582,"cycles":76404917,"horse":"H4","instructions":218421387,"perf_available":true,"region":"measured_region","reps":30,"schema":"campaign2-replay-total-v1","task_clock_ns":0}
[ perf record: Woken up 2 times to write data ]
[ perf record: Captured and wrote 0.450 MB results/campaign-2/profiling/perf-record/slot-P07-H4.data (55 samples) ]
