{"build_identity":{"build_profile_id":"release-primary-v1","cargo_lock_sha256":"e0be2368997363c38b478040ad06f071f73048fb7788c66171d3c69bf4eedde1","runner_git_commit":"f6262716daddf8b5151de0b2b0e2879d3e838b2b","rustc":"rustc 1.97.1 (8bab26f4f 2026-07-14)","target":"x86_64-unknown-linux-gnu"},"case_id":"0733920a7b1e448996b0b0b5dece93542d310d5563fffaeab37201e28568a482","cell_id":"C2-D-64KiB","executable_sha256":"b864fe5331c021d77f5446134d1308b0b804328ad068538b0fc32fa586064810","horse":"H1","post_bytes":131069,"region_scope":"measured_region","reps":30,"schema":"campaign2-replay-header-v1","setup_only":false,"source_bytes":131072,"surface":"controlled"}
{"branch_misses":5505,"branches":1937259,"cache_misses":0,"cache_references":35217,"correctness_pass":true,"cycles":5107423,"horse":"H1","instructions":11304189,"mechanism_id":"block-local-reparse-h1","rep":0,"schema":"campaign2-replay-row-v1","task_clock_ns":0,"total_ns":806695}
{"branch_misses":5420,"branches":1610704,"cache_misses":0,"cache_references":56940,"correctness_pass":true,"cycles":518,"horse":"H1","instructions":1686614,"mechanism_id":"block-local-reparse-h1","rep":1,"schema":"campaign2-replay-row-v1","task_clock_ns":0,"total_ns":676509}
{"branch_misses":4622,"branches":441675,"cache_misses":0,"cache_references":55804,"correctness_pass":true,"cycles":5005230,"horse":"H1","instructions":11301650,"mechanism_id":"block-local-reparse-h1","rep":2,"schema":"campaign2-replay-row-v1","task_clock_ns":0,"total_ns":656803}
{"branch_misses":933,"branches":1937876,"cache_misses":0,"cache_references":0,"correctness_pass":true,"cycles":5002435,"horse":"H1","instructions":11305165,"mechanism_id":"block-local-reparse-h1","rep":3,"schema":"campaign2-replay-row-v1","task_clock_ns":0,"total_ns":670836}
{"branch_misses":5297,"branches":1935636,"cache_misses":0,"cache_references":57762,"correctness_pass":true,"cycles":1273082,"horse":"H1","instructions":9830579,"mechanism_id":"block-local-reparse-h1","rep":4,"schema":"campaign2-replay-row-v1","task_clock_ns":0,"total_ns":794623}
{"branch_misses":5192,"branches":1506885,"cache_misses":0,"cache_references":54140,"correctness_pass":true,"cycles":553,"horse":"H1","instructions":105,"mechanism_id":"block-local-reparse-h1","rep":5,"schema":"campaign2-replay-row-v1","task_clock_ns":0,"total_ns":652749}
{"branch_misses":4456,"branches":665394,"cache_misses":0,"cache_references":55726,"correctness_pass":true,"cycles":4989167,"horse":"H1","instructions":11297425,"mechanism_id":"block-local-reparse-h1","rep":6,"schema":"campaign2-replay-row-v1","task_clock_ns":0,"total_ns":668960}
{"branch_misses":1762,"branches":1938086,"cache_misses":0,"cache_references":0,"correctness_pass":true,"cycles":4979889,"horse":"H1","instructions":11304008,"mechanism_id":"block-local-reparse-h1","rep":7,"schema":"campaign2-replay-row-v1","task_clock_ns":0,"total_ns":659906}
{"branch_misses":5542,"branches":1936566,"cache_misses":0,"cache_references":55835,"correctness_pass":true,"cycles":709837,"horse":"H1","instructions":9208288,"mechanism_id":"block-local-reparse-h1","rep":8,"schema":"campaign2-replay-row-v1","task_clock_ns":0,"total_ns":738352}
{"branch_misses":4883,"branches":16,"cache_misses":1,"cache_references":57281,"correctness_pass":true,"cycles":1878471,"horse":"H1","instructions":4873278,"mechanism_id":"block-local-reparse-h1","rep":9,"schema":"campaign2-replay-row-v1","task_clock_ns":0,"total_ns":658258}
{"branch_misses":1147,"branches":1937229,"cache_misses":0,"cache_references":20874,"correctness_pass":true,"cycles":4962971,"horse":"H1","instructions":11301819,"mechanism_id":"block-local-reparse-h1","rep":10,"schema":"campaign2-replay-row-v1","task_clock_ns":0,"total_ns":658691}
{"branch_misses":5484,"branches":1937519,"cache_misses":0,"cache_references":41534,"correctness_pass":true,"cycles":1253098,"horse":"H1","instructions":10617410,"mechanism_id":"block-local-reparse-h1","rep":11,"schema":"campaign2-replay-row-v1","task_clock_ns":0,"total_ns":658669}
{"branch_misses":4689,"branches":59474,"cache_misses":0,"cache_references":56434,"correctness_pass":true,"cycles":1157131,"horse":"H1","instructions":2569502,"mechanism_id":"block-local-reparse-h1","rep":12,"schema":"campaign2-replay-row-v1","task_clock_ns":0,"total_ns":650595}
{"branch_misses":829,"branches":1937608,"cache_misses":0,"cache_references":39018,"correctness_pass":true,"cycles":4844159,"horse":"H1","instructions":11304246,"mechanism_id":"block-local-reparse-h1","rep":13,"schema":"campaign2-replay-row-v1","task_clock_ns":0,"total_ns":624058}
{"branch_misses":5471,"branches":1937695,"cache_misses":0,"cache_references":39690,"correctness_pass":true,"cycles":2048076,"horse":"H1","instructions":11302113,"mechanism_id":"block-local-reparse-h1","rep":14,"schema":"campaign2-replay-row-v1","task_clock_ns":0,"total_ns":649366}
{"branch_misses":5534,"branches":1708269,"cache_misses":0,"cache_references":62919,"correctness_pass":true,"cycles":363171,"horse":"H1","instructions":2446576,"mechanism_id":"block-local-reparse-h1","rep":15,"schema":"campaign2-replay-row-v1","task_clock_ns":0,"total_ns":686767}
{"branch_misses":236,"branches":429462,"cache_misses":0,"cache_references":44576,"correctness_pass":true,"cycles":4919085,"horse":"H1","instructions":11157902,"mechanism_id":"block-local-reparse-h1","rep":16,"schema":"campaign2-replay-row-v1","task_clock_ns":0,"total_ns":651587}
{"branch_misses":5460,"branches":1938907,"cache_misses":0,"cache_references":18660,"correctness_pass":true,"cycles":4803927,"horse":"H1","instructions":11306416,"mechanism_id":"block-local-reparse-h1","rep":17,"schema":"campaign2-replay-row-v1","task_clock_ns":0,"total_ns":623540}
{"branch_misses":5484,"branches":1938832,"cache_misses":0,"cache_references":62520,"correctness_pass":true,"cycles":489,"horse":"H1","instructions":5259979,"mechanism_id":"block-local-reparse-h1","rep":18,"schema":"campaign2-replay-row-v1","task_clock_ns":0,"total_ns":640118}
{"branch_misses":5444,"branches":897469,"cache_misses":0,"cache_references":62949,"correctness_pass":true,"cycles":3070782,"horse":"H1","instructions":7561957,"mechanism_id":"block-local-reparse-h1","rep":19,"schema":"campaign2-replay-row-v1","task_clock_ns":0,"total_ns":638330}
{"branch_misses":183,"branches":1369104,"cache_misses":0,"cache_references":16870,"correctness_pass":true,"cycles":4792636,"horse":"H1","instructions":11301757,"mechanism_id":"block-local-reparse-h1","rep":20,"schema":"campaign2-replay-row-v1","task_clock_ns":0,"total_ns":639021}
{"branch_misses":5376,"branches":1935703,"cache_misses":0,"cache_references":51898,"correctness_pass":true,"cycles":424022,"horse":"H1","instructions":8007094,"mechanism_id":"block-local-reparse-h1","rep":21,"schema":"campaign2-replay-row-v1","task_clock_ns":0,"total_ns":753565}
{"branch_misses":5354,"branches":1432091,"cache_misses":0,"cache_references":61831,"correctness_pass":true,"cycles":2016613,"horse":"H1","instructions":5201074,"mechanism_id":"block-local-reparse-h1","rep":22,"schema":"campaign2-replay-row-v1","task_clock_ns":0,"total_ns":610086}
{"branch_misses":2,"branches":856393,"cache_misses":0,"cache_references":23869,"correctness_pass":true,"cycles":4825904,"horse":"H1","instructions":11293056,"mechanism_id":"block-local-reparse-h1","rep":23,"schema":"campaign2-replay-row-v1","task_clock_ns":0,"total_ns":644690}
{"branch_misses":5422,"branches":1935298,"cache_misses":1,"cache_references":45696,"correctness_pass":true,"cycles":4602886,"horse":"H1","instructions":11288412,"mechanism_id":"block-local-reparse-h1","rep":24,"schema":"campaign2-replay-row-v1","task_clock_ns":0,"total_ns":631341}
{"branch_misses":5371,"branches":1506045,"cache_misses":0,"cache_references":62689,"correctness_pass":true,"cycles":536,"horse":"H1","instructions":471963,"mechanism_id":"block-local-reparse-h1","rep":25,"schema":"campaign2-replay-row-v1","task_clock_ns":0,"total_ns":633033}
{"branch_misses":4723,"branches":428791,"cache_misses":0,"cache_references":60766,"correctness_pass":true,"cycles":4730101,"horse":"H1","instructions":11285153,"mechanism_id":"block-local-reparse-h1","rep":26,"schema":"campaign2-replay-row-v1","task_clock_ns":0,"total_ns":612365}
{"branch_misses":1089,"branches":1935013,"cache_misses":0,"cache_references":0,"correctness_pass":true,"cycles":4742764,"horse":"H1","instructions":11287485,"mechanism_id":"block-local-reparse-h1","rep":27,"schema":"campaign2-replay-row-v1","task_clock_ns":0,"total_ns":630652}
{"branch_misses":5342,"branches":1935964,"cache_misses":0,"cache_references":61847,"correctness_pass":true,"cycles":1769770,"horse":"H1","instructions":11291159,"mechanism_id":"block-local-reparse-h1","rep":28,"schema":"campaign2-replay-row-v1","task_clock_ns":0,"total_ns":627386}
{"branch_misses":5237,"branches":285321,"cache_misses":0,"cache_references":62168,"correctness_pass":true,"cycles":601383,"horse":"H1","instructions":1379672,"mechanism_id":"block-local-reparse-h1","rep":29,"schema":"campaign2-replay-row-v1","task_clock_ns":0,"total_ns":623237}
{"branch_misses":121489,"branches":42252284,"cache_misses":2,"cache_references":1325513,"cycles":84876109,"horse":"H1","instructions":249746046,"perf_available":true,"region":"measured_region","reps":30,"schema":"campaign2-replay-total-v1","task_clock_ns":0}
[ perf record: Woken up 3 times to write data ]
[ perf record: Captured and wrote 0.513 MB results/campaign-2/profiling/perf-record/slot-P07-H1.data (63 samples) ]
