[2026-08-23T04:46:06.333279Z INFO  markit::g0_probe] G0 probe start smoke=true pid=6372
[2026-08-23T04:46:06.357839Z INFO  gpui_windows::directx_devices] Using GPU: AMD Radeon(TM) Graphics
[2026-08-23T04:46:06.391869Z INFO  gpui_windows::directx_devices] Created device with Direct3D 11.1 feature level.
[2026-08-23T04:46:06.393779Z INFO  gpui_windows::direct_write] Use Microsoft YaHei UI as UI font.
[2026-08-23T04:46:06.628426Z INFO  markit::g0_probe] G0 bounds w=720 h=480
[2026-08-23T04:46:06.628457Z INFO  markit::g0_probe] G0 scale_factor=1
[2026-08-23T04:46:06.949324Z INFO  markit::g0_probe] G0 boot first_draw_ms=312.2
[2026-08-23T04:46:08.954250Z INFO  markit::g0_probe] G0 idle_passive_2s draws=0 next_frame_callbacks=0 (draws/s=0.0 callbacks/s=0.0)
[2026-08-23T04:46:10.957420Z INFO  markit::g0_probe] G0 idle_nextframe_2s draws=1 next_frame_callbacks=119 (draws/s=0.5 callbacks/s=59.5)
[2026-08-23T04:46:12.184113Z INFO  markit::g0_probe] G0 demand_1p2s notifies=42 draws=42 next_frame_callbacks=1
[2026-08-23T04:46:12.697855Z INFO  markit::g0_probe] G0 idle_sched idle_time_remaining=None ran_right_after_busy=0 ran_total=100 during_busy=0 (expect remaining=None during_busy=0)
[2026-08-23T04:46:13.308057Z INFO  markit::g0_probe] G0 bg_priority first12=HHHHHHHHHHHH total=36 L=12 M=12 H=12
[2026-08-23T04:46:13.369782Z INFO  markit::g0_probe] G0 timer 1 requested_ms=50 actual_ms=61.68
[2026-08-23T04:46:13.432543Z INFO  markit::g0_probe] G0 timer 2 requested_ms=50 actual_ms=62.73
[2026-08-23T04:46:13.495178Z INFO  markit::g0_probe] G0 timer 3 requested_ms=50 actual_ms=62.60
[2026-08-23T04:46:13.556425Z INFO  markit::g0_probe] G0 timer 4 requested_ms=50 actual_ms=61.20
[2026-08-23T04:46:13.959220Z INFO  markit::g0_probe] G0 cancel_by_drop ran=0 (expect 0)
[2026-08-23T04:46:13.967867Z INFO  markit::g0_probe] G0 clipboard roundtrip=ok token=markit-g0-probe-7625989
[2026-08-23T04:46:13.971027Z INFO  markit::g0_probe] G0 bounds w=900 h=600
[2026-08-23T04:46:14.376390Z INFO  markit::g0_probe] G0 resize 720x480->900x600 draws_after=1
[2026-08-23T04:46:14.376432Z INFO  markit::g0_probe] G0 MATRIX DONE
[2026-08-23T04:46:14.577042Z INFO  markit::g0_probe] G0 dump draws=46 next_frame_callbacks=120 key_actions=1 mouse=0 ime_updates=0 ime_commits=0 first_draw_ms=312.2 input_latency[last_us=13016 max_us=13016 n=1] status=clipboard roundtrip OK (markit-g0-probe-7625989)
