# pinyin-meta.txt (host-side driver record, verbatim)
hwnd=656982 rect=912,461,1648,980 click=(1280,720)
layout_before=0x08040804 low16=0x0804
layout_now=0x08040804 low16=0x0804
submode=chinese (first key already composed)
sequence1=nihao+space(sent)
sequence2=zhongwen+esc(sent)
layout_restored=0x08040804 low16=0x0804
pinyin pass done

# pinyin-stderr.log (probe trace, verbatim)
[2026-08-23T04:38:20.047582Z INFO  markit::g0_probe] G0 probe start smoke=false pid=25680
[2026-08-23T04:38:20.078687Z INFO  gpui_windows::directx_devices] Using GPU: AMD Radeon(TM) Graphics
[2026-08-23T04:38:20.116278Z INFO  gpui_windows::directx_devices] Created device with Direct3D 11.1 feature level.
[2026-08-23T04:38:20.119247Z INFO  gpui_windows::direct_write] Use Microsoft YaHei UI as UI font.
[2026-08-23T04:38:20.362708Z INFO  markit::g0_probe] G0 bounds w=720 h=480
[2026-08-23T04:38:20.363562Z INFO  markit::g0_probe] G0 scale_factor=1
[2026-08-23T04:38:22.949054Z INFO  markit::g0_probe] G0 ime bounds_for_range requested_utf16=108..108 element=688x0
[2026-08-23T04:38:22.950164Z INFO  markit::g0_probe] G0 ime composition start
[2026-08-23T04:38:22.950312Z INFO  markit::g0_probe] G0 ime composition update text="n" marked_utf16=Some(108..109) selected_utf16=109..109
[2026-08-23T04:38:23.969635Z INFO  markit::g0_probe] G0 ime composition update text="n'n" marked_utf16=Some(108..111) selected_utf16=111..111
[2026-08-23T04:38:24.272892Z INFO  markit::g0_probe] G0 ime composition update text="n'ni" marked_utf16=Some(108..112) selected_utf16=112..112
[2026-08-23T04:38:24.572382Z INFO  markit::g0_probe] G0 ime composition update text="n'ni'h" marked_utf16=Some(108..114) selected_utf16=114..114
[2026-08-23T04:38:24.868503Z INFO  markit::g0_probe] G0 ime composition update text="n'ni'ha" marked_utf16=Some(108..115) selected_utf16=115..115
[2026-08-23T04:38:25.164595Z INFO  markit::g0_probe] G0 ime composition update text="n'ni'hao" marked_utf16=Some(108..116) selected_utf16=116..116
[2026-08-23T04:38:25.906287Z INFO  markit::g0_probe] G0 ime commit text="拿你号" marked_replaced=144..152 tail="type here (IME ok): 拿你号"
[2026-08-23T04:38:27.128825Z INFO  markit::g0_probe] G0 ime bounds_for_range requested_utf16=111..111 element=688x0
[2026-08-23T04:38:27.129380Z INFO  markit::g0_probe] G0 ime composition start
[2026-08-23T04:38:27.129521Z INFO  markit::g0_probe] G0 ime composition update text="z" marked_utf16=Some(111..112) selected_utf16=112..112
[2026-08-23T04:38:27.441415Z INFO  markit::g0_probe] G0 ime composition update text="zh" marked_utf16=Some(111..113) selected_utf16=113..113
[2026-08-23T04:38:27.727220Z INFO  markit::g0_probe] G0 ime composition update text="zho" marked_utf16=Some(111..114) selected_utf16=114..114
[2026-08-23T04:38:28.021645Z INFO  markit::g0_probe] G0 ime composition update text="zhon" marked_utf16=Some(111..115) selected_utf16=115..115
[2026-08-23T04:38:28.316723Z INFO  markit::g0_probe] G0 ime composition update text="zhong" marked_utf16=Some(111..116) selected_utf16=116..116
[2026-08-23T04:38:28.612670Z INFO  markit::g0_probe] G0 ime composition update text="zhong'w" marked_utf16=Some(111..118) selected_utf16=118..118
[2026-08-23T04:38:28.907676Z INFO  markit::g0_probe] G0 ime composition update text="zhong'we" marked_utf16=Some(111..119) selected_utf16=119..119
[2026-08-23T04:38:29.202738Z INFO  markit::g0_probe] G0 ime composition update text="zhong'wen" marked_utf16=Some(111..120) selected_utf16=120..120
[2026-08-23T04:38:29.903174Z INFO  markit::g0_probe] G0 ime composition cleared (cancel path)
[2026-08-23T04:38:29.906847Z INFO  markit::g0_probe] G0 ime composition update text="" marked_utf16=None selected_utf16=111..111
[2026-08-23T04:38:31.115104Z INFO  markit::g0_probe] G0 dump draws=20 next_frame_callbacks=0 key_actions=1 mouse=1 ime_updates=15 ime_commits=1 first_draw_ms=333.9 input_latency[last_us=0 max_us=0 n=0] status=
