H4LARGEN_COLLECTION_START utc=2026-09-24T02:07:09Z
loadavg_start=0.48 0.47 0.21 3/758 41677
--- LANE a-u-plain-session-0 (mdbench-h4diag) ---
=== LANE a-u-plain-session-0 ===
utc_start=2026-09-24T02:07:09Z
host=E5
binary=results/h4-large-n-cause-1/bin/mdbench-h4diag
command=run-plain --session 0 --out ./results/h4-large-n-cause-1/raw/u-plain-session-0.jsonl --schedule-out ./results/h4-large-n-cause-1/raw/u-plain-session-0.schedule.jsonl
affinity=taskset -c 1
loadavg_start=0.48 0.47 0.21 1/761 41684
executable_sha256=4d23df55856a1e71115abdc45c0f5d7993182520f0b53df2a0cab6cdb8c0b4e6
executable_features={'allocator': False, 'counters': False, 'phases': False}
EXIT_CODE=0
loadavg_end=0.87 0.59 0.27 1/762 41705
utc_end=2026-09-24T02:08:16Z
--- LANE a-u-plain-session-1 (mdbench-h4diag) ---
=== LANE a-u-plain-session-1 ===
utc_start=2026-09-24T02:08:16Z
host=E5
binary=results/h4-large-n-cause-1/bin/mdbench-h4diag
command=run-plain --session 1 --out ./results/h4-large-n-cause-1/raw/u-plain-session-1.jsonl --schedule-out ./results/h4-large-n-cause-1/raw/u-plain-session-1.schedule.jsonl
affinity=taskset -c 1
loadavg_start=0.87 0.59 0.27 1/762 41713
executable_sha256=4d23df55856a1e71115abdc45c0f5d7993182520f0b53df2a0cab6cdb8c0b4e6
executable_features={'allocator': False, 'counters': False, 'phases': False}
EXIT_CODE=0
loadavg_end=1.11 0.72 0.34 1/760 41748
utc_end=2026-09-24T02:09:23Z
--- LANE a-u-plain-session-2 (mdbench-h4diag) ---
=== LANE a-u-plain-session-2 ===
utc_start=2026-09-24T02:09:23Z
host=E5
binary=results/h4-large-n-cause-1/bin/mdbench-h4diag
command=run-plain --session 2 --out ./results/h4-large-n-cause-1/raw/u-plain-session-2.jsonl --schedule-out ./results/h4-large-n-cause-1/raw/u-plain-session-2.schedule.jsonl
affinity=taskset -c 1
loadavg_start=1.11 0.72 0.34 1/760 41756
executable_sha256=4d23df55856a1e71115abdc45c0f5d7993182520f0b53df2a0cab6cdb8c0b4e6
executable_features={'allocator': False, 'counters': False, 'phases': False}
EXIT_CODE=0
loadavg_end=1.16 0.83 0.40 1/762 41826
utc_end=2026-09-24T02:10:33Z
--- LANE b-u-phase-session-0 (mdbench-h4diag-phases) ---
=== LANE b-u-phase-session-0 ===
utc_start=2026-09-24T02:10:33Z
host=E5
binary=results/h4-large-n-cause-1/bin/mdbench-h4diag-phases
command=run-phase --session 0 --out ./results/h4-large-n-cause-1/raw/u-phase-session-0.jsonl --schedule-out ./results/h4-large-n-cause-1/raw/u-phase-session-0.schedule.jsonl
affinity=taskset -c 1
loadavg_start=1.16 0.83 0.40 1/762 41834
executable_sha256=8185f825473ebc480c9102101546cb367abc3f5b80bc041e1923d05833372ca2
executable_features={'allocator': False, 'counters': False, 'phases': True}
EXIT_CODE=0
loadavg_end=1.21 0.88 0.44 1/759 41852
utc_end=2026-09-24T02:11:07Z
--- LANE b-u-phase-session-1 (mdbench-h4diag-phases) ---
=== LANE b-u-phase-session-1 ===
utc_start=2026-09-24T02:11:07Z
host=E5
binary=results/h4-large-n-cause-1/bin/mdbench-h4diag-phases
command=run-phase --session 1 --out ./results/h4-large-n-cause-1/raw/u-phase-session-1.jsonl --schedule-out ./results/h4-large-n-cause-1/raw/u-phase-session-1.schedule.jsonl
affinity=taskset -c 1
loadavg_start=1.21 0.88 0.44 1/759 41860
executable_sha256=8185f825473ebc480c9102101546cb367abc3f5b80bc041e1923d05833372ca2
executable_features={'allocator': False, 'counters': False, 'phases': True}
EXIT_CODE=0
loadavg_end=1.18 0.91 0.47 1/759 41878
utc_end=2026-09-24T02:11:41Z
--- LANE b-u-phase-session-2 (mdbench-h4diag-phases) ---
=== LANE b-u-phase-session-2 ===
utc_start=2026-09-24T02:11:41Z
host=E5
binary=results/h4-large-n-cause-1/bin/mdbench-h4diag-phases
command=run-phase --session 2 --out ./results/h4-large-n-cause-1/raw/u-phase-session-2.jsonl --schedule-out ./results/h4-large-n-cause-1/raw/u-phase-session-2.schedule.jsonl
affinity=taskset -c 1
loadavg_start=1.18 0.91 0.47 1/759 41886
executable_sha256=8185f825473ebc480c9102101546cb367abc3f5b80bc041e1923d05833372ca2
executable_features={'allocator': False, 'counters': False, 'phases': True}
EXIT_CODE=0
loadavg_end=1.10 0.92 0.49 1/758 41909
utc_end=2026-09-24T02:12:15Z
--- LANE c-work-counters (mdbench-h4diag-counters) ---
=== LANE c-work-counters ===
utc_start=2026-09-24T02:12:15Z
host=E5
binary=results/h4-large-n-cause-1/bin/mdbench-h4diag-counters
command=run-counters --session 0 --out ./results/h4-large-n-cause-1/raw/work-counters.jsonl
affinity=taskset -c 1
loadavg_start=1.10 0.92 0.49 1/758 41917
executable_sha256=aa7317579d8ddf000d1f84ba1495ff735421ac9a14a0aaf845b2c318918c1410
executable_features={'allocator': False, 'counters': True, 'phases': False}
EXIT_CODE=0
loadavg_end=1.10 0.92 0.49 1/758 41926
utc_end=2026-09-24T02:12:17Z
--- LANE d-allocator-session-0 (mdbench-h4diag-alloc) ---
=== LANE d-allocator-session-0 ===
utc_start=2026-09-24T02:12:17Z
host=E5
binary=results/h4-large-n-cause-1/bin/mdbench-h4diag-alloc
command=run-alloc --session 0 --out ./results/h4-large-n-cause-1/raw/allocator-session-0.jsonl --schedule-out ./results/h4-large-n-cause-1/raw/allocator-session-0.schedule.jsonl
affinity=taskset -c 1
loadavg_start=1.10 0.92 0.49 1/758 41934
executable_sha256=fd81e27d4014a229fe2ce9b63b52a38299a186db8abfd78f23a09c51e80d026e
executable_features={'allocator': True, 'counters': False, 'phases': False}
EXIT_CODE=0
loadavg_end=1.05 0.93 0.51 1/760 41955
utc_end=2026-09-24T02:12:53Z
--- LANE d-allocator-session-1 (mdbench-h4diag-alloc) ---
=== LANE d-allocator-session-1 ===
utc_start=2026-09-24T02:12:53Z
host=E5
binary=results/h4-large-n-cause-1/bin/mdbench-h4diag-alloc
command=run-alloc --session 1 --out ./results/h4-large-n-cause-1/raw/allocator-session-1.jsonl --schedule-out ./results/h4-large-n-cause-1/raw/allocator-session-1.schedule.jsonl
affinity=taskset -c 1
loadavg_start=1.05 0.93 0.51 1/760 41963
executable_sha256=fd81e27d4014a229fe2ce9b63b52a38299a186db8abfd78f23a09c51e80d026e
executable_features={'allocator': True, 'counters': False, 'phases': False}
EXIT_CODE=0
loadavg_end=1.08 0.96 0.54 1/760 41983
utc_end=2026-09-24T02:13:30Z
--- LANE d-allocator-session-2 (mdbench-h4diag-alloc) ---
=== LANE d-allocator-session-2 ===
utc_start=2026-09-24T02:13:30Z
host=E5
binary=results/h4-large-n-cause-1/bin/mdbench-h4diag-alloc
command=run-alloc --session 2 --out ./results/h4-large-n-cause-1/raw/allocator-session-2.jsonl --schedule-out ./results/h4-large-n-cause-1/raw/allocator-session-2.schedule.jsonl
affinity=taskset -c 1
loadavg_start=1.08 0.96 0.54 1/760 41991
executable_sha256=fd81e27d4014a229fe2ce9b63b52a38299a186db8abfd78f23a09c51e80d026e
executable_features={'allocator': True, 'counters': False, 'phases': False}
EXIT_CODE=0
loadavg_end=1.12 0.98 0.56 1/761 42003
utc_end=2026-09-24T02:14:06Z
--- LANE e-ablations-session-0 (mdbench-h4diag) ---
=== LANE e-ablations-session-0 ===
utc_start=2026-09-24T02:14:06Z
host=E5
binary=results/h4-large-n-cause-1/bin/mdbench-h4diag
command=run-ablations --session 0 --out ./results/h4-large-n-cause-1/raw/ablations-session-0.jsonl --schedule-out ./results/h4-large-n-cause-1/raw/ablations-session-0.schedule.jsonl
affinity=taskset -c 1
loadavg_start=1.12 0.98 0.56 1/761 42011
executable_sha256=4d23df55856a1e71115abdc45c0f5d7993182520f0b53df2a0cab6cdb8c0b4e6
executable_features={'allocator': False, 'counters': False, 'phases': False}
EXIT_CODE=0
loadavg_end=1.00 1.00 0.64 1/755 42027
utc_end=2026-09-24T02:16:56Z
--- LANE e-ablations-session-1 (mdbench-h4diag) ---
=== LANE e-ablations-session-1 ===
utc_start=2026-09-24T02:16:56Z
host=E5
binary=results/h4-large-n-cause-1/bin/mdbench-h4diag
command=run-ablations --session 1 --out ./results/h4-large-n-cause-1/raw/ablations-session-1.jsonl --schedule-out ./results/h4-large-n-cause-1/raw/ablations-session-1.schedule.jsonl
affinity=taskset -c 1
loadavg_start=1.00 1.00 0.64 1/755 42035
executable_sha256=4d23df55856a1e71115abdc45c0f5d7993182520f0b53df2a0cab6cdb8c0b4e6
executable_features={'allocator': False, 'counters': False, 'phases': False}
EXIT_CODE=0
loadavg_end=1.00 1.00 0.71 1/752 42050
utc_end=2026-09-24T02:19:44Z
--- LANE e-ablations-session-2 (mdbench-h4diag) ---
=== LANE e-ablations-session-2 ===
utc_start=2026-09-24T02:19:44Z
host=E5
binary=results/h4-large-n-cause-1/bin/mdbench-h4diag
command=run-ablations --session 2 --out ./results/h4-large-n-cause-1/raw/ablations-session-2.jsonl --schedule-out ./results/h4-large-n-cause-1/raw/ablations-session-2.schedule.jsonl
affinity=taskset -c 1
loadavg_start=1.00 1.00 0.71 1/752 42058
executable_sha256=4d23df55856a1e71115abdc45c0f5d7993182520f0b53df2a0cab6cdb8c0b4e6
executable_features={'allocator': False, 'counters': False, 'phases': False}
EXIT_CODE=0
loadavg_end=1.00 1.00 0.76 1/757 42090
utc_end=2026-09-24T02:22:34Z
loadavg_end=1.00 1.00 0.76 1/754 42092
utc_end=2026-09-24T02:22:34Z
H4LARGEN_COLLECTION_COMPLETE
